        "_id" : ObjectId("5d6935a3470e2bef2a82cdfa"),
        "name" : "mission mangal",
        "price" : 350,
        "actor" : [
                "Sonakshi",
                "Vidya Balan"
        ],
        "rating" : 6,
        "release_date" : ISODate("2019-12-10T00:00:00Z")
}
{
        "_id" : ObjectId("5ca47e5b2952ebdd7ae2a931"),
        "name" : "padmavat",
        "price" : 600,
        "actor" : [
                "Deepika",
                "shahid kapoor",
                "ranveer singh",
                "aditi Rao",
                "aaaaa"
        ],
        "cancellation" : {
                "date" : Timestamp(1567175239, 1)
        },
        "ticket_num" : 300
}
{
        "_id" : ObjectId("5c8283789eb55675f0272933"),
        "name" : "uri",
        "rating" : 8,
        "actor" : [
                "vicky kaushal",
                "yami",
                "Paresh Rawal"
        ],
        "ticket_num" : 200
}
{ "_id" : ObjectId("5d8f6eec620d2353221b91dd"), "price" : 280 }
{
        "_id" : ObjectId("5d89e9adfd4adc2f84279f43"),
        "name" : "chichore",
        "price" : 274,
        "rating" : 4.3,
        "actor" : [
                "sushant",
                "shradha kapoor",
                "zzz",
                "harshal"
        ]
}
{
        "_id" : ObjectId("5bf6a38c57b2d4cc676c7a96"),
        "name" : "Andhadhund",
        "price" : null,
        "actor" : [
                "Tabbu"
        ]
}
{
        "_id" : ObjectId("5aaa31ee639395f86922a87f"),
        "name" : "3 idiots",
        "actor" : [
                "Kareena Kapoor",
                "amir",
                "kareena",
                "mahadavan",
                "sharman"
        ],
        "rating" : 5,
        "price" : 400,
        "ticket_num" : 150,
        "modified" : ISODate("2021-06-11T09:20:55.016Z"),
        "release_date" : ISODate("2020-12-10T00:00:00Z")
}
{
        "_id" : ObjectId("5d8f51ce065d3e2aa902aa22"),
        "name" : "dream girl",
        "actor" : [
                "ayushman",
                "nushrat bharucha"
        ],
        "price" : 250,
        "rating" : null
}
{
        "_id" : ObjectId("5ca47ef82952ebdd7ae2a932"),
        "name" : "newton",
        "actor" : [
                "Rajkumar Rao",
                "Pankaj Tripathi"
        ],
        "price" : 310,
        "lastmodified" : ISODate("2019-09-28T14:47:49.204Z"),
        "ticket_num" : 690,
        "rating" : 4
}
{
        "_id" : ObjectId("5bf6a36f57b2d4cc676c7a95"),
        "name" : "Andhadhund",
        "price" : 400,
        "actor" : [
                "Ayushman",
                "radhika"
        ],
        "rating" : 5,
        "release_date" : ISODate("2020-12-10T00:00:00Z")
}
{
        "_id" : ObjectId("5aaa31a2639395f86922a87e"),
        "name" : "kahani",
        "actor" : [
                "aaaa",
                "bbbb",
                "karan",
                "karri",
                "vidya"
        ],
        "price" : 400,
        "actors" : [
                "bbbb"
        ],
        "rating" : 5,
        "lastmodified" : ISODate("2021-03-28T06:02:21.192Z"),
        "modified" : ISODate("2021-06-11T09:20:55.016Z"),
        "ticket_num" : 420,
        "release_date" : ISODate("2020-12-10T00:00:00Z")
}
{
        "_id" : ObjectId("5ca456072952ebdd7ae2a930"),
        "name" : "paa",
        "actor" : [
                "Amitabh",
                "vidya balan",
                "Abhishek"
        ],
        "rating" : 3,
        "price" : 324,
        "rdate" : ISODate("2019-01-23T00:00:00Z"),
        "others" : {
                "director" : "R Balki",
                "songs" : "Amit trivedi"
        },
        "ticket_num" : 400,
        "release_date" : ISODate("2020-03-10T00:00:00Z")
}
{
        "_id" : ObjectId("5aaa3334639395f86922a880"),
        "name" : "lagaan",
        "actor" : [
                "amir",
                "angraz"
        ],
        "rating" : 6,
        "price" : 350,
        "cancellation" : {
                "date" : Timestamp(1554356003, 1),
                "reason" : "user request"
        },
        "lastModified" : ISODate("2019-04-04T05:33:23.022Z"),
        "ticket_num" : 410,
        "release_date" : ISODate("2019-12-10T00:00:00Z")
}
{
        "_id" : ObjectId("5ca453ef2952ebdd7ae2a92f"),
        "name" : "Kesari",
        "actor" : [
                "Akshay Kumar",
                "Pariniti chopra"
        ],
        "rating" : 6,
        "price" : 350,
        "rdate" : ISODate("2019-01-23T00:00:00Z"),
        "ticket_num" : 270,
        "release_date" : ISODate("2019-12-10T00:00:00Z")
}
{
        "_id" : ObjectId("5aab6da4639395f86922a883"),
        "name" : "kahani 2",
        "actor" : [
                "Arjun",
                "yyyy",
                "Jonny",
                "nawaz",
                "Vidya",
                "shreyas"
        ],
        "rating" : 5,
        "price" : 400,
        "lastmodified" : ISODate("2021-03-28T06:02:21.192Z"),
        "modified" : ISODate("2021-06-11T09:20:55.016Z"),
        "ticket_num" : 820,
        "release_date" : ISODate("2020-12-10T00:00:00Z")
}
> db.movie.find({name:'padmavat'}).pretty();
{
        "_id" : ObjectId("5ca47e5b2952ebdd7ae2a931"),
        "name" : "padmavat",
        "price" : 600,
        "actor" : [
                "Deepika",
                "shahid kapoor",
                "ranveer singh",
                "aditi Rao",
                "aaaaa"
        ],
        "cancellation" : {
                "date" : Timestamp(1567175239, 1)
        },
        "ticket_num" : 300
}
> db.movie.find({name:'padmavat'},{name:1,rating:1,price:1,_id:0}).pretty();
{ "name" : "padmavat", "price" : 600 }
> db.movie.find({name:'padmavat'},{name:1,rating:1,price:1,_id:0}).pretty();
{ "name" : "padmavat", "price" : 600 }
> db.movie.find({rating:3},{name:1,rating:1,price:1,_id:0}).pretty();
{ "name" : "dil", "rating" : 3, "price" : 300 }
{ "name" : "sholay", "rating" : 3, "price" : 420 }
{ "name" : "aradhana", "rating" : 3, "price" : 260 }
{ "name" : "paa", "rating" : 3, "price" : 324 }
> db.movie.find({rating:3},{name:1,rating:1,price:1,_id:0}).sort({price:1})
{ "name" : "aradhana", "rating" : 3, "price" : 260 }
{ "name" : "dil", "rating" : 3, "price" : 300 }
{ "name" : "paa", "rating" : 3, "price" : 324 }
{ "name" : "sholay", "rating" : 3, "price" : 420 }
> db.movie.find({rating:3,price:260},{name:1,rating:1,price:1,_id:0}).sort({price:1})
{ "name" : "aradhana", "rating" : 3, "price" : 260 }
> db.movie.find({ $and:[{ rating:3},{ price:260}]},{name:1,rating:1,ticke_no:1,_id:0})
{ "name" : "aradhana", "rating" : 3 }
> db.movie.find({ $and:[{ rating:3},{ price:260}]},{name:1,rating:1,ticket_no:1,_id:0})
{ "name" : "aradhana", "rating" : 3 }
> db.movie.find({ $and:[{ rating:3},{ price:260}]},{name:1,rating:1,price:1,_id:0})
{ "name" : "aradhana", "rating" : 3, "price" : 260 }
> db.movie.find({price:200},{name:1,rating:1,price:1}).pretty()
> db.movie.find({price:300},{name:1,rating:1,price:1}).pretty()
{
        "_id" : ObjectId("5c865923d82c19b8ed996550"),
        "name" : "dil",
        "rating" : 3,
        "price" : 300
}
> db.movie.find({price:{$gt:200}},{name:1,rating:1,price:1}).pretty()
{
        "_id" : ObjectId("5c865923d82c19b8ed996550"),
        "name" : "dil",
        "rating" : 3,
        "price" : 300
}
{
        "_id" : ObjectId("5aaa3334639395f86922a881"),
        "name" : "sholay",
        "rating" : 3,
        "price" : 420
}
{
        "_id" : ObjectId("5aaa3334639395f86922a882"),
        "name" : "aradhana",
        "rating" : 3,
        "price" : 260
}
{
        "_id" : ObjectId("5d6935a3470e2bef2a82cdfa"),
        "name" : "mission mangal",
        "price" : 350,
        "rating" : 6
}
{
        "_id" : ObjectId("5ca47e5b2952ebdd7ae2a931"),
        "name" : "padmavat",
        "price" : 600
}
{ "_id" : ObjectId("5d8f6eec620d2353221b91dd"), "price" : 280 }
{
        "_id" : ObjectId("5d89e9adfd4adc2f84279f43"),
        "name" : "chichore",
        "price" : 274,
        "rating" : 4.3
}
{
        "_id" : ObjectId("5aaa31ee639395f86922a87f"),
        "name" : "3 idiots",
        "rating" : 5,
        "price" : 400
}
{
        "_id" : ObjectId("5d8f51ce065d3e2aa902aa22"),
        "name" : "dream girl",
        "price" : 250,
        "rating" : null
}
{
        "_id" : ObjectId("5ca47ef82952ebdd7ae2a932"),
        "name" : "newton",
        "price" : 310,
        "rating" : 4
}
{
        "_id" : ObjectId("5bf6a36f57b2d4cc676c7a95"),
        "name" : "Andhadhund",
        "price" : 400,
        "rating" : 5
}
{
        "_id" : ObjectId("5aaa31a2639395f86922a87e"),
        "name" : "kahani",
        "price" : 400,
        "rating" : 5
}
{
        "_id" : ObjectId("5ca456072952ebdd7ae2a930"),
        "name" : "paa",
        "rating" : 3,
        "price" : 324
}
{
        "_id" : ObjectId("5aaa3334639395f86922a880"),
        "name" : "lagaan",
        "rating" : 6,
        "price" : 350
}
{
        "_id" : ObjectId("5ca453ef2952ebdd7ae2a92f"),
        "name" : "Kesari",
        "rating" : 6,
        "price" : 350
}
{
        "_id" : ObjectId("5aab6da4639395f86922a883"),
        "name" : "kahani 2",
        "rating" : 5,
        "price" : 400
}
> db.movie.find({price:{$gt:300}},{name:1,rating:1,price:1}).pretty()
{
        "_id" : ObjectId("5aaa3334639395f86922a881"),
        "name" : "sholay",
        "rating" : 3,
        "price" : 420
}
{
        "_id" : ObjectId("5d6935a3470e2bef2a82cdfa"),
        "name" : "mission mangal",
        "price" : 350,
        "rating" : 6
}
{
        "_id" : ObjectId("5ca47e5b2952ebdd7ae2a931"),
        "name" : "padmavat",
        "price" : 600
}
{
        "_id" : ObjectId("5aaa31ee639395f86922a87f"),
        "name" : "3 idiots",
        "rating" : 5,
        "price" : 400
}
{
        "_id" : ObjectId("5ca47ef82952ebdd7ae2a932"),
        "name" : "newton",
        "price" : 310,
        "rating" : 4
}
{
        "_id" : ObjectId("5bf6a36f57b2d4cc676c7a95"),
        "name" : "Andhadhund",
        "price" : 400,
        "rating" : 5
}
{
        "_id" : ObjectId("5aaa31a2639395f86922a87e"),
        "name" : "kahani",
        "price" : 400,
        "rating" : 5
}
{
        "_id" : ObjectId("5ca456072952ebdd7ae2a930"),
        "name" : "paa",
        "rating" : 3,
        "price" : 324
}
{
        "_id" : ObjectId("5aaa3334639395f86922a880"),
        "name" : "lagaan",
        "rating" : 6,
        "price" : 350
}
{
        "_id" : ObjectId("5ca453ef2952ebdd7ae2a92f"),
        "name" : "Kesari",
        "rating" : 6,
        "price" : 350
}
{
        "_id" : ObjectId("5aab6da4639395f86922a883"),
        "name" : "kahani 2",
        "rating" : 5,
        "price" : 400
}
> db.movie.find({rating:{$gt:3}},{name:1,rating:1,price:1}).pretty()
{
        "_id" : ObjectId("5d6935a3470e2bef2a82cdfa"),
        "name" : "mission mangal",
        "price" : 350,
        "rating" : 6
}
{
        "_id" : ObjectId("5c8283789eb55675f0272933"),
        "name" : "uri",
        "rating" : 8
}
{
        "_id" : ObjectId("5d89e9adfd4adc2f84279f43"),
        "name" : "chichore",
        "price" : 274,
        "rating" : 4.3
}
{
        "_id" : ObjectId("5aaa31ee639395f86922a87f"),
        "name" : "3 idiots",
        "rating" : 5,
        "price" : 400
}
{
        "_id" : ObjectId("5ca47ef82952ebdd7ae2a932"),
        "name" : "newton",
        "price" : 310,
        "rating" : 4
}
{
        "_id" : ObjectId("5bf6a36f57b2d4cc676c7a95"),
        "name" : "Andhadhund",
        "price" : 400,
        "rating" : 5
}
{
        "_id" : ObjectId("5aaa31a2639395f86922a87e"),
        "name" : "kahani",
        "price" : 400,
        "rating" : 5
}
{
        "_id" : ObjectId("5aaa3334639395f86922a880"),
        "name" : "lagaan",
        "rating" : 6,
        "price" : 350
}
{
        "_id" : ObjectId("5ca453ef2952ebdd7ae2a92f"),
        "name" : "Kesari",
        "rating" : 6,
        "price" : 350
}
{
        "_id" : ObjectId("5aab6da4639395f86922a883"),
        "name" : "kahani 2",
        "rating" : 5,
        "price" : 400
}
> db.movie.find({rating:{$lt:3}},{name:1,rating:1,price:1}).pretty()
> db.movie.find({rating:{$lt:5}},{name:1,rating:1,price:1}).pretty()
{
        "_id" : ObjectId("5c865923d82c19b8ed996550"),
        "name" : "dil",
        "rating" : 3,
        "price" : 300
}
{
        "_id" : ObjectId("5aaa3334639395f86922a881"),
        "name" : "sholay",
        "rating" : 3,
        "price" : 420
}
{
        "_id" : ObjectId("5aaa3334639395f86922a882"),
        "name" : "aradhana",
        "rating" : 3,
        "price" : 260
}
{
        "_id" : ObjectId("5d89e9adfd4adc2f84279f43"),
        "name" : "chichore",
        "price" : 274,
        "rating" : 4.3
}
{
        "_id" : ObjectId("5ca47ef82952ebdd7ae2a932"),
        "name" : "newton",
        "price" : 310,
        "rating" : 4
}
{
        "_id" : ObjectId("5ca456072952ebdd7ae2a930"),
        "name" : "paa",
        "rating" : 3,
        "price" : 324
}
> db.movie.find({ rating:{$lt:5}, price:{$gt:300}})
{ "_id" : ObjectId("5aaa3334639395f86922a881"), "name" : "sholay", "actor" : [ "Dharamendra", "Amitabh", "Sachin Pilgaokar", "Dharamendra", "Dharamendra", "Mr. Khote", "jaya bacchan", "sanjiv kapoor" ], "rating" : 3, "price" : 420, "position" : [ 2, 2 ], "ticket_num" : 400, "release_date" : ISODate("2020-03-10T00:00:00Z") }
{ "_id" : ObjectId("5ca47ef82952ebdd7ae2a932"), "name" : "newton", "actor" : [ "Rajkumar Rao", "Pankaj Tripathi" ], "price" : 310, "lastmodified" : ISODate("2019-09-28T14:47:49.204Z"), "ticket_num" : 690, "rating" : 4 }
{ "_id" : ObjectId("5ca456072952ebdd7ae2a930"), "name" : "paa", "actor" : [ "Amitabh", "vidya balan", "Abhishek" ], "rating" : 3, "price" : 324, "rdate" : ISODate("2019-01-23T00:00:00Z"), "others" : { "director" : "R Balki", "songs" : "Amit trivedi" }, "ticket_num" : 400, "release_date" : ISODate("2020-03-10T00:00:00Z") }
> db.movie.find({ rating:{$lt:5}, price:{$gt:300}}).pretty()
{
        "_id" : ObjectId("5aaa3334639395f86922a881"),
        "name" : "sholay",
        "actor" : [
                "Dharamendra",
                "Amitabh",
                "Sachin Pilgaokar",
                "Dharamendra",
                "Dharamendra",
                "Mr. Khote",
                "jaya bacchan",
                "sanjiv kapoor"
        ],
        "rating" : 3,
        "price" : 420,
        "position" : [
                2,
                2
        ],
        "ticket_num" : 400,
        "release_date" : ISODate("2020-03-10T00:00:00Z")
}
{
        "_id" : ObjectId("5ca47ef82952ebdd7ae2a932"),
        "name" : "newton",
        "actor" : [
                "Rajkumar Rao",
                "Pankaj Tripathi"
        ],
        "price" : 310,
        "lastmodified" : ISODate("2019-09-28T14:47:49.204Z"),
        "ticket_num" : 690,
        "rating" : 4
}
{
        "_id" : ObjectId("5ca456072952ebdd7ae2a930"),
        "name" : "paa",
        "actor" : [
                "Amitabh",
                "vidya balan",
                "Abhishek"
        ],
        "rating" : 3,
        "price" : 324,
        "rdate" : ISODate("2019-01-23T00:00:00Z"),
        "others" : {
                "director" : "R Balki",
                "songs" : "Amit trivedi"
        },
        "ticket_num" : 400,
        "release_date" : ISODate("2020-03-10T00:00:00Z")
}
> db.movie.find({})
{ "_id" : ObjectId("5c865923d82c19b8ed996550"), "name" : "dil", "rating" : 3, "price" : 300, "actor" : "['Anil kapoor']", "ticket_num" : 300, "release_date" : ISODate("2020-03-10T00:00:00Z") }
{ "_id" : ObjectId("5aaa3334639395f86922a881"), "name" : "sholay", "actor" : [ "Dharamendra", "Amitabh", "Sachin Pilgaokar", "Dharamendra", "Dharamendra", "Mr. Khote", "jaya bacchan", "sanjiv kapoor" ], "rating" : 3, "price" : 420, "position" : [ 2, 2 ], "ticket_num" : 400, "release_date" : ISODate("2020-03-10T00:00:00Z") }
{ "_id" : ObjectId("5aaa3334639395f86922a882"), "name" : "aradhana", "actor" : [ "amitabh", "prem", "rajesh khanna" ], "rating" : 3, "price" : 260, "ticket_num" : 550, "release_date" : ISODate("2020-03-10T00:00:00Z") }
{ "_id" : ObjectId("5d6935a3470e2bef2a82cdfa"), "name" : "mission mangal", "price" : 350, "actor" : [ "Sonakshi", "Vidya Balan" ], "rating" : 6, "release_date" : ISODate("2019-12-10T00:00:00Z") }
{ "_id" : ObjectId("5ca47e5b2952ebdd7ae2a931"), "name" : "padmavat", "price" : 600, "actor" : [ "Deepika", "shahid kapoor", "ranveer singh", "aditi Rao", "aaaaa" ], "cancellation" : { "date" : Timestamp(1567175239, 1) }, "ticket_num" : 300 }
{ "_id" : ObjectId("5c8283789eb55675f0272933"), "name" : "uri", "rating" : 8, "actor" : [ "vicky kaushal", "yami", "Paresh Rawal" ], "ticket_num" : 200 }
{ "_id" : ObjectId("5d8f6eec620d2353221b91dd"), "price" : 280 }
{ "_id" : ObjectId("5d89e9adfd4adc2f84279f43"), "name" : "chichore", "price" : 274, "rating" : 4.3, "actor" : [ "sushant", "shradha kapoor", "zzz", "harshal" ] }
{ "_id" : ObjectId("5bf6a38c57b2d4cc676c7a96"), "name" : "Andhadhund", "price" : null, "actor" : [ "Tabbu" ] }
{ "_id" : ObjectId("5aaa31ee639395f86922a87f"), "name" : "3 idiots", "actor" : [ "Kareena Kapoor", "amir", "kareena", "mahadavan", "sharman" ], "rating" : 5, "price" : 400, "ticket_num" : 150, "modified" : ISODate("2021-06-11T09:20:55.016Z"), "release_date" : ISODate("2020-12-10T00:00:00Z") }
{ "_id" : ObjectId("5d8f51ce065d3e2aa902aa22"), "name" : "dream girl", "actor" : [ "ayushman", "nushrat bharucha" ], "price" : 250, "rating" : null }
{ "_id" : ObjectId("5ca47ef82952ebdd7ae2a932"), "name" : "newton", "actor" : [ "Rajkumar Rao", "Pankaj Tripathi" ], "price" : 310, "lastmodified" : ISODate("2019-09-28T14:47:49.204Z"), "ticket_num" : 690, "rating" : 4 }
{ "_id" : ObjectId("5bf6a36f57b2d4cc676c7a95"), "name" : "Andhadhund", "price" : 400, "actor" : [ "Ayushman", "radhika" ], "rating" : 5, "release_date" : ISODate("2020-12-10T00:00:00Z") }
{ "_id" : ObjectId("5aaa31a2639395f86922a87e"), "name" : "kahani", "actor" : [ "aaaa", "bbbb", "karan", "karri", "vidya" ], "price" : 400, "actors" : [ "bbbb" ], "rating" : 5, "lastmodified" : ISODate("2021-03-28T06:02:21.192Z"), "modified" : ISODate("2021-06-11T09:20:55.016Z"), "ticket_num" : 420, "release_date" : ISODate("2020-12-10T00:00:00Z") }
{ "_id" : ObjectId("5ca456072952ebdd7ae2a930"), "name" : "paa", "actor" : [ "Amitabh", "vidya balan", "Abhishek" ], "rating" : 3, "price" : 324, "rdate" : ISODate("2019-01-23T00:00:00Z"), "others" : { "director" : "R Balki", "songs" : "Amit trivedi" }, "ticket_num" : 400, "release_date" : ISODate("2020-03-10T00:00:00Z") }
{ "_id" : ObjectId("5aaa3334639395f86922a880"), "name" : "lagaan", "actor" : [ "amir", "angraz" ], "rating" : 6, "price" : 350, "cancellation" : { "date" : Timestamp(1554356003, 1), "reason" : "user request" }, "lastModified" : ISODate("2019-04-04T05:33:23.022Z"), "ticket_num" : 410, "release_date" : ISODate("2019-12-10T00:00:00Z") }
{ "_id" : ObjectId("5ca453ef2952ebdd7ae2a92f"), "name" : "Kesari", "actor" : [ "Akshay Kumar", "Pariniti chopra" ], "rating" : 6, "price" : 350, "rdate" : ISODate("2019-01-23T00:00:00Z"), "ticket_num" : 270, "release_date" : ISODate("2019-12-10T00:00:00Z") }
{ "_id" : ObjectId("5aab6da4639395f86922a883"), "name" : "kahani 2", "actor" : [ "Arjun", "yyyy", "Jonny", "nawaz", "Vidya", "shreyas" ], "rating" : 5, "price" : 400, "lastmodified" : ISODate("2021-03-28T06:02:21.192Z"), "modified" : ISODate("2021-06-11T09:20:55.016Z"), "ticket_num" : 820, "release_date" : ISODate("2020-12-10T00:00:00Z") }
> db.movie.find({},{}).pretty();
{
        "_id" : ObjectId("5c865923d82c19b8ed996550"),
        "name" : "dil",
        "rating" : 3,
        "price" : 300,
        "actor" : "['Anil kapoor']",
        "ticket_num" : 300,
        "release_date" : ISODate("2020-03-10T00:00:00Z")
}
{
        "_id" : ObjectId("5aaa3334639395f86922a881"),
        "name" : "sholay",
        "actor" : [
                "Dharamendra",
                "Amitabh",
                "Sachin Pilgaokar",
                "Dharamendra",
                "Dharamendra",
                "Mr. Khote",
                "jaya bacchan",
                "sanjiv kapoor"
        ],
        "rating" : 3,
        "price" : 420,
        "position" : [
                2,
                2
        ],
        "ticket_num" : 400,
        "release_date" : ISODate("2020-03-10T00:00:00Z")
}
{
        "_id" : ObjectId("5aaa3334639395f86922a882"),
        "name" : "aradhana",
        "actor" : [
                "amitabh",
                "prem",
                "rajesh khanna"
        ],
        "rating" : 3,
        "price" : 260,
        "ticket_num" : 550,
        "release_date" : ISODate("2020-03-10T00:00:00Z")
}
{
        "_id" : ObjectId("5d6935a3470e2bef2a82cdfa"),
        "name" : "mission mangal",
        "price" : 350,
        "actor" : [
                "Sonakshi",
                "Vidya Balan"
        ],
        "rating" : 6,
        "release_date" : ISODate("2019-12-10T00:00:00Z")
}
{
        "_id" : ObjectId("5ca47e5b2952ebdd7ae2a931"),
        "name" : "padmavat",
        "price" : 600,
        "actor" : [
                "Deepika",
                "shahid kapoor",
                "ranveer singh",
                "aditi Rao",
                "aaaaa"
        ],
        "cancellation" : {
                "date" : Timestamp(1567175239, 1)
        },
        "ticket_num" : 300
}
{
        "_id" : ObjectId("5c8283789eb55675f0272933"),
        "name" : "uri",
        "rating" : 8,
        "actor" : [
                "vicky kaushal",
                "yami",
                "Paresh Rawal"
        ],
        "ticket_num" : 200
}
{ "_id" : ObjectId("5d8f6eec620d2353221b91dd"), "price" : 280 }
{
        "_id" : ObjectId("5d89e9adfd4adc2f84279f43"),
        "name" : "chichore",
        "price" : 274,
        "rating" : 4.3,
        "actor" : [
                "sushant",
                "shradha kapoor",
                "zzz",
                "harshal"
        ]
}
{
        "_id" : ObjectId("5bf6a38c57b2d4cc676c7a96"),
        "name" : "Andhadhund",
        "price" : null,
        "actor" : [
                "Tabbu"
        ]
}
{
        "_id" : ObjectId("5aaa31ee639395f86922a87f"),
        "name" : "3 idiots",
        "actor" : [
                "Kareena Kapoor",
                "amir",
                "kareena",
                "mahadavan",
                "sharman"
        ],
        "rating" : 5,
        "price" : 400,
        "ticket_num" : 150,
        "modified" : ISODate("2021-06-11T09:20:55.016Z"),
        "release_date" : ISODate("2020-12-10T00:00:00Z")
}
{
        "_id" : ObjectId("5d8f51ce065d3e2aa902aa22"),
        "name" : "dream girl",
        "actor" : [
                "ayushman",
                "nushrat bharucha"
        ],
        "price" : 250,
        "rating" : null
}
{
        "_id" : ObjectId("5ca47ef82952ebdd7ae2a932"),
        "name" : "newton",
        "actor" : [
                "Rajkumar Rao",
                "Pankaj Tripathi"
        ],
        "price" : 310,
        "lastmodified" : ISODate("2019-09-28T14:47:49.204Z"),
        "ticket_num" : 690,
        "rating" : 4
}
{
        "_id" : ObjectId("5bf6a36f57b2d4cc676c7a95"),
        "name" : "Andhadhund",
        "price" : 400,
        "actor" : [
                "Ayushman",
                "radhika"
        ],
        "rating" : 5,
        "release_date" : ISODate("2020-12-10T00:00:00Z")
}
{
        "_id" : ObjectId("5aaa31a2639395f86922a87e"),
        "name" : "kahani",
        "actor" : [
                "aaaa",
                "bbbb",
                "karan",
                "karri",
                "vidya"
        ],
        "price" : 400,
        "actors" : [
                "bbbb"
        ],
        "rating" : 5,
        "lastmodified" : ISODate("2021-03-28T06:02:21.192Z"),
        "modified" : ISODate("2021-06-11T09:20:55.016Z"),
        "ticket_num" : 420,
        "release_date" : ISODate("2020-12-10T00:00:00Z")
}
{
        "_id" : ObjectId("5ca456072952ebdd7ae2a930"),
        "name" : "paa",
        "actor" : [
                "Amitabh",
                "vidya balan",
                "Abhishek"
        ],
        "rating" : 3,
        "price" : 324,
        "rdate" : ISODate("2019-01-23T00:00:00Z"),
        "others" : {
                "director" : "R Balki",
                "songs" : "Amit trivedi"
        },
        "ticket_num" : 400,
        "release_date" : ISODate("2020-03-10T00:00:00Z")
}
{
        "_id" : ObjectId("5aaa3334639395f86922a880"),
        "name" : "lagaan",
        "actor" : [
                "amir",
                "angraz"
        ],
        "rating" : 6,
        "price" : 350,
        "cancellation" : {
                "date" : Timestamp(1554356003, 1),
                "reason" : "user request"
        },
        "lastModified" : ISODate("2019-04-04T05:33:23.022Z"),
        "ticket_num" : 410,
        "release_date" : ISODate("2019-12-10T00:00:00Z")
}
{
        "_id" : ObjectId("5ca453ef2952ebdd7ae2a92f"),
        "name" : "Kesari",
        "actor" : [
                "Akshay Kumar",
                "Pariniti chopra"
        ],
        "rating" : 6,
        "price" : 350,
        "rdate" : ISODate("2019-01-23T00:00:00Z"),
        "ticket_num" : 270,
        "release_date" : ISODate("2019-12-10T00:00:00Z")
}
{
        "_id" : ObjectId("5aab6da4639395f86922a883"),
        "name" : "kahani 2",
        "actor" : [
                "Arjun",
                "yyyy",
                "Jonny",
                "nawaz",
                "Vidya",
                "shreyas"
        ],
        "rating" : 5,
        "price" : 400,
        "lastmodified" : ISODate("2021-03-28T06:02:21.192Z"),
        "modified" : ISODate("2021-06-11T09:20:55.016Z"),
        "ticket_num" : 820,
        "release_date" : ISODate("2020-12-10T00:00:00Z")
}
> db.movie.find({},{name:1}).pretty();
{ "_id" : ObjectId("5c865923d82c19b8ed996550"), "name" : "dil" }
{ "_id" : ObjectId("5aaa3334639395f86922a881"), "name" : "sholay" }
{ "_id" : ObjectId("5aaa3334639395f86922a882"), "name" : "aradhana" }
{ "_id" : ObjectId("5d6935a3470e2bef2a82cdfa"), "name" : "mission mangal" }
{ "_id" : ObjectId("5ca47e5b2952ebdd7ae2a931"), "name" : "padmavat" }
{ "_id" : ObjectId("5c8283789eb55675f0272933"), "name" : "uri" }
{ "_id" : ObjectId("5d8f6eec620d2353221b91dd") }
{ "_id" : ObjectId("5d89e9adfd4adc2f84279f43"), "name" : "chichore" }
{ "_id" : ObjectId("5bf6a38c57b2d4cc676c7a96"), "name" : "Andhadhund" }
{ "_id" : ObjectId("5aaa31ee639395f86922a87f"), "name" : "3 idiots" }
{ "_id" : ObjectId("5d8f51ce065d3e2aa902aa22"), "name" : "dream girl" }
{ "_id" : ObjectId("5ca47ef82952ebdd7ae2a932"), "name" : "newton" }
{ "_id" : ObjectId("5bf6a36f57b2d4cc676c7a95"), "name" : "Andhadhund" }
{ "_id" : ObjectId("5aaa31a2639395f86922a87e"), "name" : "kahani" }
{ "_id" : ObjectId("5ca456072952ebdd7ae2a930"), "name" : "paa" }
{ "_id" : ObjectId("5aaa3334639395f86922a880"), "name" : "lagaan" }
{ "_id" : ObjectId("5ca453ef2952ebdd7ae2a92f"), "name" : "Kesari" }
{ "_id" : ObjectId("5aab6da4639395f86922a883"), "name" : "kahani 2" }
> db.movie.find({ $or:[{ rating:{$lt:5} },{ price:{$gt:300}}]})
{ "_id" : ObjectId("5c865923d82c19b8ed996550"), "name" : "dil", "rating" : 3, "price" : 300, "actor" : "['Anil kapoor']", "ticket_num" : 300, "release_date" : ISODate("2020-03-10T00:00:00Z") }
{ "_id" : ObjectId("5aaa3334639395f86922a881"), "name" : "sholay", "actor" : [ "Dharamendra", "Amitabh", "Sachin Pilgaokar", "Dharamendra", "Dharamendra", "Mr. Khote", "jaya bacchan", "sanjiv kapoor" ], "rating" : 3, "price" : 420, "position" : [ 2, 2 ], "ticket_num" : 400, "release_date" : ISODate("2020-03-10T00:00:00Z") }
{ "_id" : ObjectId("5aaa3334639395f86922a882"), "name" : "aradhana", "actor" : [ "amitabh", "prem", "rajesh khanna" ], "rating" : 3, "price" : 260, "ticket_num" : 550, "release_date" : ISODate("2020-03-10T00:00:00Z") }
{ "_id" : ObjectId("5d6935a3470e2bef2a82cdfa"), "name" : "mission mangal", "price" : 350, "actor" : [ "Sonakshi", "Vidya Balan" ], "rating" : 6, "release_date" : ISODate("2019-12-10T00:00:00Z") }
{ "_id" : ObjectId("5ca47e5b2952ebdd7ae2a931"), "name" : "padmavat", "price" : 600, "actor" : [ "Deepika", "shahid kapoor", "ranveer singh", "aditi Rao", "aaaaa" ], "cancellation" : { "date" : Timestamp(1567175239, 1) }, "ticket_num" : 300 }
{ "_id" : ObjectId("5d89e9adfd4adc2f84279f43"), "name" : "chichore", "price" : 274, "rating" : 4.3, "actor" : [ "sushant", "shradha kapoor", "zzz", "harshal" ] }
{ "_id" : ObjectId("5aaa31ee639395f86922a87f"), "name" : "3 idiots", "actor" : [ "Kareena Kapoor", "amir", "kareena", "mahadavan", "sharman" ], "rating" : 5, "price" : 400, "ticket_num" : 150, "modified" : ISODate("2021-06-11T09:20:55.016Z"), "release_date" : ISODate("2020-12-10T00:00:00Z") }
{ "_id" : ObjectId("5ca47ef82952ebdd7ae2a932"), "name" : "newton", "actor" : [ "Rajkumar Rao", "Pankaj Tripathi" ], "price" : 310, "lastmodified" : ISODate("2019-09-28T14:47:49.204Z"), "ticket_num" : 690, "rating" : 4 }
{ "_id" : ObjectId("5bf6a36f57b2d4cc676c7a95"), "name" : "Andhadhund", "price" : 400, "actor" : [ "Ayushman", "radhika" ], "rating" : 5, "release_date" : ISODate("2020-12-10T00:00:00Z") }
{ "_id" : ObjectId("5aaa31a2639395f86922a87e"), "name" : "kahani", "actor" : [ "aaaa", "bbbb", "karan", "karri", "vidya" ], "price" : 400, "actors" : [ "bbbb" ], "rating" : 5, "lastmodified" : ISODate("2021-03-28T06:02:21.192Z"), "modified" : ISODate("2021-06-11T09:20:55.016Z"), "ticket_num" : 420, "release_date" : ISODate("2020-12-10T00:00:00Z") }
{ "_id" : ObjectId("5ca456072952ebdd7ae2a930"), "name" : "paa", "actor" : [ "Amitabh", "vidya balan", "Abhishek" ], "rating" : 3, "price" : 324, "rdate" : ISODate("2019-01-23T00:00:00Z"), "others" : { "director" : "R Balki", "songs" : "Amit trivedi" }, "ticket_num" : 400, "release_date" : ISODate("2020-03-10T00:00:00Z") }
{ "_id" : ObjectId("5aaa3334639395f86922a880"), "name" : "lagaan", "actor" : [ "amir", "angraz" ], "rating" : 6, "price" : 350, "cancellation" : { "date" : Timestamp(1554356003, 1), "reason" : "user request" }, "lastModified" : ISODate("2019-04-04T05:33:23.022Z"), "ticket_num" : 410, "release_date" : ISODate("2019-12-10T00:00:00Z") }
{ "_id" : ObjectId("5ca453ef2952ebdd7ae2a92f"), "name" : "Kesari", "actor" : [ "Akshay Kumar", "Pariniti chopra" ], "rating" : 6, "price" : 350, "rdate" : ISODate("2019-01-23T00:00:00Z"), "ticket_num" : 270, "release_date" : ISODate("2019-12-10T00:00:00Z") }
{ "_id" : ObjectId("5aab6da4639395f86922a883"), "name" : "kahani 2", "actor" : [ "Arjun", "yyyy", "Jonny", "nawaz", "Vidya", "shreyas" ], "rating" : 5, "price" : 400, "lastmodified" : ISODate("2021-03-28T06:02:21.192Z"), "modified" : ISODate("2021-06-11T09:20:55.016Z"), "ticket_num" : 820, "release_date" : ISODate("2020-12-10T00:00:00Z") }
> db.movie.find({ $or:[{ rating:{$lt:5} },{ price:{$gt:300}}]}).pretty()
{
        "_id" : ObjectId("5c865923d82c19b8ed996550"),
        "name" : "dil",
        "rating" : 3,
        "price" : 300,
        "actor" : "['Anil kapoor']",
        "ticket_num" : 300,
        "release_date" : ISODate("2020-03-10T00:00:00Z")
}
{
        "_id" : ObjectId("5aaa3334639395f86922a881"),
        "name" : "sholay",
        "actor" : [
                "Dharamendra",
                "Amitabh",
                "Sachin Pilgaokar",
                "Dharamendra",
                "Dharamendra",
                "Mr. Khote",
                "jaya bacchan",
                "sanjiv kapoor"
        ],
        "rating" : 3,
        "price" : 420,
        "position" : [
                2,
                2
        ],
        "ticket_num" : 400,
        "release_date" : ISODate("2020-03-10T00:00:00Z")
}
{
        "_id" : ObjectId("5aaa3334639395f86922a882"),
        "name" : "aradhana",
        "actor" : [
                "amitabh",
                "prem",
                "rajesh khanna"
        ],
        "rating" : 3,
        "price" : 260,
        "ticket_num" : 550,
        "release_date" : ISODate("2020-03-10T00:00:00Z")
}
{
        "_id" : ObjectId("5d6935a3470e2bef2a82cdfa"),
        "name" : "mission mangal",
        "price" : 350,
        "actor" : [
                "Sonakshi",
                "Vidya Balan"
        ],
        "rating" : 6,
        "release_date" : ISODate("2019-12-10T00:00:00Z")
}
{
        "_id" : ObjectId("5ca47e5b2952ebdd7ae2a931"),
        "name" : "padmavat",
        "price" : 600,
        "actor" : [
                "Deepika",
                "shahid kapoor",
                "ranveer singh",
                "aditi Rao",
                "aaaaa"
        ],
        "cancellation" : {
                "date" : Timestamp(1567175239, 1)
        },
        "ticket_num" : 300
}
{
        "_id" : ObjectId("5d89e9adfd4adc2f84279f43"),
        "name" : "chichore",
        "price" : 274,
        "rating" : 4.3,
        "actor" : [
                "sushant",
                "shradha kapoor",
                "zzz",
                "harshal"
        ]
}
{
        "_id" : ObjectId("5aaa31ee639395f86922a87f"),
        "name" : "3 idiots",
        "actor" : [
                "Kareena Kapoor",
                "amir",
                "kareena",
                "mahadavan",
                "sharman"
        ],
        "rating" : 5,
        "price" : 400,
        "ticket_num" : 150,
        "modified" : ISODate("2021-06-11T09:20:55.016Z"),
        "release_date" : ISODate("2020-12-10T00:00:00Z")
}
{
        "_id" : ObjectId("5ca47ef82952ebdd7ae2a932"),
        "name" : "newton",
        "actor" : [
                "Rajkumar Rao",
                "Pankaj Tripathi"
        ],
        "price" : 310,
        "lastmodified" : ISODate("2019-09-28T14:47:49.204Z"),
        "ticket_num" : 690,
        "rating" : 4
}
{
        "_id" : ObjectId("5bf6a36f57b2d4cc676c7a95"),
        "name" : "Andhadhund",
        "price" : 400,
        "actor" : [
                "Ayushman",
                "radhika"
        ],
        "rating" : 5,
        "release_date" : ISODate("2020-12-10T00:00:00Z")
}
{
        "_id" : ObjectId("5aaa31a2639395f86922a87e"),
        "name" : "kahani",
        "actor" : [
                "aaaa",
                "bbbb",
                "karan",
                "karri",
                "vidya"
        ],
        "price" : 400,
        "actors" : [
                "bbbb"
        ],
        "rating" : 5,
        "lastmodified" : ISODate("2021-03-28T06:02:21.192Z"),
        "modified" : ISODate("2021-06-11T09:20:55.016Z"),
        "ticket_num" : 420,
        "release_date" : ISODate("2020-12-10T00:00:00Z")
}
{
        "_id" : ObjectId("5ca456072952ebdd7ae2a930"),
        "name" : "paa",
        "actor" : [
                "Amitabh",
                "vidya balan",
                "Abhishek"
        ],
        "rating" : 3,
        "price" : 324,
        "rdate" : ISODate("2019-01-23T00:00:00Z"),
        "others" : {
                "director" : "R Balki",
                "songs" : "Amit trivedi"
        },
        "ticket_num" : 400,
        "release_date" : ISODate("2020-03-10T00:00:00Z")
}
{
        "_id" : ObjectId("5aaa3334639395f86922a880"),
        "name" : "lagaan",
        "actor" : [
                "amir",
                "angraz"
        ],
        "rating" : 6,
        "price" : 350,
        "cancellation" : {
                "date" : Timestamp(1554356003, 1),
                "reason" : "user request"
        },
        "lastModified" : ISODate("2019-04-04T05:33:23.022Z"),
        "ticket_num" : 410,
        "release_date" : ISODate("2019-12-10T00:00:00Z")
}
{
        "_id" : ObjectId("5ca453ef2952ebdd7ae2a92f"),
        "name" : "Kesari",
        "actor" : [
                "Akshay Kumar",
                "Pariniti chopra"
        ],
        "rating" : 6,
        "price" : 350,
        "rdate" : ISODate("2019-01-23T00:00:00Z"),
        "ticket_num" : 270,
        "release_date" : ISODate("2019-12-10T00:00:00Z")
}
{
        "_id" : ObjectId("5aab6da4639395f86922a883"),
        "name" : "kahani 2",
        "actor" : [
                "Arjun",
                "yyyy",
                "Jonny",
                "nawaz",
                "Vidya",
                "shreyas"
        ],
        "rating" : 5,
        "price" : 400,
        "lastmodified" : ISODate("2021-03-28T06:02:21.192Z"),
        "modified" : ISODate("2021-06-11T09:20:55.016Z"),
        "ticket_num" : 820,
        "release_date" : ISODate("2020-12-10T00:00:00Z")
}
> db.movie.find({price:{$in:[260,300,450]}})
{ "_id" : ObjectId("5c865923d82c19b8ed996550"), "name" : "dil", "rating" : 3, "price" : 300, "actor" : "['Anil kapoor']", "ticket_num" : 300, "release_date" : ISODate("2020-03-10T00:00:00Z") }
{ "_id" : ObjectId("5aaa3334639395f86922a882"), "name" : "aradhana", "actor" : [ "amitabh", "prem", "rajesh khanna" ], "rating" : 3, "price" : 260, "ticket_num" : 550, "release_date" : ISODate("2020-03-10T00:00:00Z") }
> db.movie.find({price:{$in:[260,300,450]}}).pretty()
{
        "_id" : ObjectId("5c865923d82c19b8ed996550"),
        "name" : "dil",
        "rating" : 3,
        "price" : 300,
        "actor" : "['Anil kapoor']",
        "ticket_num" : 300,
        "release_date" : ISODate("2020-03-10T00:00:00Z")
}
{
        "_id" : ObjectId("5aaa3334639395f86922a882"),
        "name" : "aradhana",
        "actor" : [
                "amitabh",
                "prem",
                "rajesh khanna"
        ],
        "rating" : 3,
        "price" : 260,
        "ticket_num" : 550,
        "release_date" : ISODate("2020-03-10T00:00:00Z")
}
> db.movie.find({price:{$nin:[260,300,450]}})
{ "_id" : ObjectId("5aaa3334639395f86922a881"), "name" : "sholay", "actor" : [ "Dharamendra", "Amitabh", "Sachin Pilgaokar", "Dharamendra", "Dharamendra", "Mr. Khote", "jaya bacchan", "sanjiv kapoor" ], "rating" : 3, "price" : 420, "position" : [ 2, 2 ], "ticket_num" : 400, "release_date" : ISODate("2020-03-10T00:00:00Z") }
{ "_id" : ObjectId("5d6935a3470e2bef2a82cdfa"), "name" : "mission mangal", "price" : 350, "actor" : [ "Sonakshi", "Vidya Balan" ], "rating" : 6, "release_date" : ISODate("2019-12-10T00:00:00Z") }
{ "_id" : ObjectId("5ca47e5b2952ebdd7ae2a931"), "name" : "padmavat", "price" : 600, "actor" : [ "Deepika", "shahid kapoor", "ranveer singh", "aditi Rao", "aaaaa" ], "cancellation" : { "date" : Timestamp(1567175239, 1) }, "ticket_num" : 300 }
{ "_id" : ObjectId("5c8283789eb55675f0272933"), "name" : "uri", "rating" : 8, "actor" : [ "vicky kaushal", "yami", "Paresh Rawal" ], "ticket_num" : 200 }
{ "_id" : ObjectId("5d8f6eec620d2353221b91dd"), "price" : 280 }
{ "_id" : ObjectId("5d89e9adfd4adc2f84279f43"), "name" : "chichore", "price" : 274, "rating" : 4.3, "actor" : [ "sushant", "shradha kapoor", "zzz", "harshal" ] }
{ "_id" : ObjectId("5bf6a38c57b2d4cc676c7a96"), "name" : "Andhadhund", "price" : null, "actor" : [ "Tabbu" ] }
{ "_id" : ObjectId("5aaa31ee639395f86922a87f"), "name" : "3 idiots", "actor" : [ "Kareena Kapoor", "amir", "kareena", "mahadavan", "sharman" ], "rating" : 5, "price" : 400, "ticket_num" : 150, "modified" : ISODate("2021-06-11T09:20:55.016Z"), "release_date" : ISODate("2020-12-10T00:00:00Z") }
{ "_id" : ObjectId("5d8f51ce065d3e2aa902aa22"), "name" : "dream girl", "actor" : [ "ayushman", "nushrat bharucha" ], "price" : 250, "rating" : null }
{ "_id" : ObjectId("5ca47ef82952ebdd7ae2a932"), "name" : "newton", "actor" : [ "Rajkumar Rao", "Pankaj Tripathi" ], "price" : 310, "lastmodified" : ISODate("2019-09-28T14:47:49.204Z"), "ticket_num" : 690, "rating" : 4 }
{ "_id" : ObjectId("5bf6a36f57b2d4cc676c7a95"), "name" : "Andhadhund", "price" : 400, "actor" : [ "Ayushman", "radhika" ], "rating" : 5, "release_date" : ISODate("2020-12-10T00:00:00Z") }
{ "_id" : ObjectId("5aaa31a2639395f86922a87e"), "name" : "kahani", "actor" : [ "aaaa", "bbbb", "karan", "karri", "vidya" ], "price" : 400, "actors" : [ "bbbb" ], "rating" : 5, "lastmodified" : ISODate("2021-03-28T06:02:21.192Z"), "modified" : ISODate("2021-06-11T09:20:55.016Z"), "ticket_num" : 420, "release_date" : ISODate("2020-12-10T00:00:00Z") }
{ "_id" : ObjectId("5ca456072952ebdd7ae2a930"), "name" : "paa", "actor" : [ "Amitabh", "vidya balan", "Abhishek" ], "rating" : 3, "price" : 324, "rdate" : ISODate("2019-01-23T00:00:00Z"), "others" : { "director" : "R Balki", "songs" : "Amit trivedi" }, "ticket_num" : 400, "release_date" : ISODate("2020-03-10T00:00:00Z") }
{ "_id" : ObjectId("5aaa3334639395f86922a880"), "name" : "lagaan", "actor" : [ "amir", "angraz" ], "rating" : 6, "price" : 350, "cancellation" : { "date" : Timestamp(1554356003, 1), "reason" : "user request" }, "lastModified" : ISODate("2019-04-04T05:33:23.022Z"), "ticket_num" : 410, "release_date" : ISODate("2019-12-10T00:00:00Z") }
{ "_id" : ObjectId("5ca453ef2952ebdd7ae2a92f"), "name" : "Kesari", "actor" : [ "Akshay Kumar", "Pariniti chopra" ], "rating" : 6, "price" : 350, "rdate" : ISODate("2019-01-23T00:00:00Z"), "ticket_num" : 270, "release_date" : ISODate("2019-12-10T00:00:00Z") }
{ "_id" : ObjectId("5aab6da4639395f86922a883"), "name" : "kahani 2", "actor" : [ "Arjun", "yyyy", "Jonny", "nawaz", "Vidya", "shreyas" ], "rating" : 5, "price" : 400, "lastmodified" : ISODate("2021-03-28T06:02:21.192Z"), "modified" : ISODate("2021-06-11T09:20:55.016Z"), "ticket_num" : 820, "release_date" : ISODate("2020-12-10T00:00:00Z") }
> db.movie.find({price:{$nin:[260,300,450]}}).pretty()
{
        "_id" : ObjectId("5aaa3334639395f86922a881"),
        "name" : "sholay",
        "actor" : [
                "Dharamendra",
                "Amitabh",
                "Sachin Pilgaokar",
                "Dharamendra",
                "Dharamendra",
                "Mr. Khote",
                "jaya bacchan",
                "sanjiv kapoor"
        ],
        "rating" : 3,
        "price" : 420,
        "position" : [
                2,
                2
        ],
        "ticket_num" : 400,
        "release_date" : ISODate("2020-03-10T00:00:00Z")
}
{
        "_id" : ObjectId("5d6935a3470e2bef2a82cdfa"),
        "name" : "mission mangal",
        "price" : 350,
        "actor" : [
                "Sonakshi",
                "Vidya Balan"
        ],
        "rating" : 6,
        "release_date" : ISODate("2019-12-10T00:00:00Z")
}
{
        "_id" : ObjectId("5ca47e5b2952ebdd7ae2a931"),
        "name" : "padmavat",
        "price" : 600,
        "actor" : [
                "Deepika",
                "shahid kapoor",
                "ranveer singh",
                "aditi Rao",
                "aaaaa"
        ],
        "cancellation" : {
                "date" : Timestamp(1567175239, 1)
        },
        "ticket_num" : 300
}
{
        "_id" : ObjectId("5c8283789eb55675f0272933"),
        "name" : "uri",
        "rating" : 8,
        "actor" : [
                "vicky kaushal",
                "yami",
                "Paresh Rawal"
        ],
        "ticket_num" : 200
}
{ "_id" : ObjectId("5d8f6eec620d2353221b91dd"), "price" : 280 }
{
        "_id" : ObjectId("5d89e9adfd4adc2f84279f43"),
        "name" : "chichore",
        "price" : 274,
        "rating" : 4.3,
        "actor" : [
                "sushant",
                "shradha kapoor",
                "zzz",
                "harshal"
        ]
}
{
        "_id" : ObjectId("5bf6a38c57b2d4cc676c7a96"),
        "name" : "Andhadhund",
        "price" : null,
        "actor" : [
                "Tabbu"
        ]
}
{
        "_id" : ObjectId("5aaa31ee639395f86922a87f"),
        "name" : "3 idiots",
        "actor" : [
                "Kareena Kapoor",
                "amir",
                "kareena",
                "mahadavan",
                "sharman"
        ],
        "rating" : 5,
        "price" : 400,
        "ticket_num" : 150,
        "modified" : ISODate("2021-06-11T09:20:55.016Z"),
        "release_date" : ISODate("2020-12-10T00:00:00Z")
}
{
        "_id" : ObjectId("5d8f51ce065d3e2aa902aa22"),
        "name" : "dream girl",
        "actor" : [
                "ayushman",
                "nushrat bharucha"
        ],
        "price" : 250,
        "rating" : null
}
{
        "_id" : ObjectId("5ca47ef82952ebdd7ae2a932"),
        "name" : "newton",
        "actor" : [
                "Rajkumar Rao",
                "Pankaj Tripathi"
        ],
        "price" : 310,
        "lastmodified" : ISODate("2019-09-28T14:47:49.204Z"),
        "ticket_num" : 690,
        "rating" : 4
}
{
        "_id" : ObjectId("5bf6a36f57b2d4cc676c7a95"),
        "name" : "Andhadhund",
        "price" : 400,
        "actor" : [
                "Ayushman",
                "radhika"
        ],
        "rating" : 5,
        "release_date" : ISODate("2020-12-10T00:00:00Z")
}
{
        "_id" : ObjectId("5aaa31a2639395f86922a87e"),
        "name" : "kahani",
        "actor" : [
                "aaaa",
                "bbbb",
                "karan",
                "karri",
                "vidya"
        ],
        "price" : 400,
        "actors" : [
                "bbbb"
        ],
        "rating" : 5,
        "lastmodified" : ISODate("2021-03-28T06:02:21.192Z"),
        "modified" : ISODate("2021-06-11T09:20:55.016Z"),
        "ticket_num" : 420,
        "release_date" : ISODate("2020-12-10T00:00:00Z")
}
{
        "_id" : ObjectId("5ca456072952ebdd7ae2a930"),
        "name" : "paa",
        "actor" : [
                "Amitabh",
                "vidya balan",
                "Abhishek"
        ],
        "rating" : 3,
        "price" : 324,
        "rdate" : ISODate("2019-01-23T00:00:00Z"),
        "others" : {
                "director" : "R Balki",
                "songs" : "Amit trivedi"
        },
        "ticket_num" : 400,
        "release_date" : ISODate("2020-03-10T00:00:00Z")
}
{
        "_id" : ObjectId("5aaa3334639395f86922a880"),
        "name" : "lagaan",
        "actor" : [
                "amir",
                "angraz"
        ],
        "rating" : 6,
        "price" : 350,
        "cancellation" : {
                "date" : Timestamp(1554356003, 1),
                "reason" : "user request"
        },
        "lastModified" : ISODate("2019-04-04T05:33:23.022Z"),
        "ticket_num" : 410,
        "release_date" : ISODate("2019-12-10T00:00:00Z")
}
{
        "_id" : ObjectId("5ca453ef2952ebdd7ae2a92f"),
        "name" : "Kesari",
        "actor" : [
                "Akshay Kumar",
                "Pariniti chopra"
        ],
        "rating" : 6,
        "price" : 350,
        "rdate" : ISODate("2019-01-23T00:00:00Z"),
        "ticket_num" : 270,
        "release_date" : ISODate("2019-12-10T00:00:00Z")
}
{
        "_id" : ObjectId("5aab6da4639395f86922a883"),
        "name" : "kahani 2",
        "actor" : [
                "Arjun",
                "yyyy",
                "Jonny",
                "nawaz",
                "Vidya",
                "shreyas"
        ],
        "rating" : 5,
        "price" : 400,
        "lastmodified" : ISODate("2021-03-28T06:02:21.192Z"),
        "modified" : ISODate("2021-06-11T09:20:55.016Z"),
        "ticket_num" : 820,
        "release_date" : ISODate("2020-12-10T00:00:00Z")
}
> db.movie.find({price:{$nin:[260,300,450]}},{name:1,price:1}).sort({price:-1}).pretty()
{
        "_id" : ObjectId("5ca47e5b2952ebdd7ae2a931"),
        "name" : "padmavat",
        "price" : 600
}
{
        "_id" : ObjectId("5aaa3334639395f86922a881"),
        "name" : "sholay",
        "price" : 420
}
{
        "_id" : ObjectId("5aaa31ee639395f86922a87f"),
        "name" : "3 idiots",
        "price" : 400
}
{
        "_id" : ObjectId("5bf6a36f57b2d4cc676c7a95"),
        "name" : "Andhadhund",
        "price" : 400
}
{
        "_id" : ObjectId("5aaa31a2639395f86922a87e"),
        "name" : "kahani",
        "price" : 400
}
{
        "_id" : ObjectId("5aab6da4639395f86922a883"),
        "name" : "kahani 2",
        "price" : 400
}
{
        "_id" : ObjectId("5d6935a3470e2bef2a82cdfa"),
        "name" : "mission mangal",
        "price" : 350
}
{
        "_id" : ObjectId("5aaa3334639395f86922a880"),
        "name" : "lagaan",
        "price" : 350
}
{
        "_id" : ObjectId("5ca453ef2952ebdd7ae2a92f"),
        "name" : "Kesari",
        "price" : 350
}
{
        "_id" : ObjectId("5ca456072952ebdd7ae2a930"),
        "name" : "paa",
        "price" : 324
}
{
        "_id" : ObjectId("5ca47ef82952ebdd7ae2a932"),
        "name" : "newton",
        "price" : 310
}
{ "_id" : ObjectId("5d8f6eec620d2353221b91dd"), "price" : 280 }
{
        "_id" : ObjectId("5d89e9adfd4adc2f84279f43"),
        "name" : "chichore",
        "price" : 274
}
{
        "_id" : ObjectId("5d8f51ce065d3e2aa902aa22"),
        "name" : "dream girl",
        "price" : 250
}
{ "_id" : ObjectId("5c8283789eb55675f0272933"), "name" : "uri" }
{
        "_id" : ObjectId("5bf6a38c57b2d4cc676c7a96"),
        "name" : "Andhadhund",
        "price" : null
}
> db.movie.find({price:{$nin:[260,300,450]}},{name:1,price:1,_id:0}).sort({price:-1}).pretty()
{ "name" : "padmavat", "price" : 600 }
{ "name" : "sholay", "price" : 420 }
{ "name" : "3 idiots", "price" : 400 }
{ "name" : "Andhadhund", "price" : 400 }
{ "name" : "kahani", "price" : 400 }
{ "name" : "kahani 2", "price" : 400 }
{ "name" : "mission mangal", "price" : 350 }
{ "name" : "lagaan", "price" : 350 }
{ "name" : "Kesari", "price" : 350 }
{ "name" : "paa", "price" : 324 }
{ "name" : "newton", "price" : 310 }
{ "price" : 280 }
{ "name" : "chichore", "price" : 274 }
{ "name" : "dream girl", "price" : 250 }
{ "name" : "uri" }
{ "name" : "Andhadhund", "price" : null }
> db.movie.firnd({rating:{$exists:false}})
2021-07-16T11:32:37.575+0530 E  QUERY    [js] uncaught exception: TypeError: db.movie.firnd is not a function :
@(shell):1:1
> db.movie.find({rating:{$exists:false}})
{ "_id" : ObjectId("5ca47e5b2952ebdd7ae2a931"), "name" : "padmavat", "price" : 600, "actor" : [ "Deepika", "shahid kapoor", "ranveer singh", "aditi Rao", "aaaaa" ], "cancellation" : { "date" : Timestamp(1567175239, 1) }, "ticket_num" : 300 }
{ "_id" : ObjectId("5d8f6eec620d2353221b91dd"), "price" : 280 }
{ "_id" : ObjectId("5bf6a38c57b2d4cc676c7a96"), "name" : "Andhadhund", "price" : null, "actor" : [ "Tabbu" ] }
> db.movie.find({rating:{$exists:false}}).pretty();
{
        "_id" : ObjectId("5ca47e5b2952ebdd7ae2a931"),
        "name" : "padmavat",
        "price" : 600,
        "actor" : [
                "Deepika",
                "shahid kapoor",
                "ranveer singh",
                "aditi Rao",
                "aaaaa"
        ],
        "cancellation" : {
                "date" : Timestamp(1567175239, 1)
        },
        "ticket_num" : 300
}
{ "_id" : ObjectId("5d8f6eec620d2353221b91dd"), "price" : 280 }
{
        "_id" : ObjectId("5bf6a38c57b2d4cc676c7a96"),
        "name" : "Andhadhund",
        "price" : null,
        "actor" : [
                "Tabbu"
        ]
}
> db.movie.find({rating:{$exists:true}}).pretty();
{
        "_id" : ObjectId("5c865923d82c19b8ed996550"),
        "name" : "dil",
        "rating" : 3,
        "price" : 300,
        "actor" : "['Anil kapoor']",
        "ticket_num" : 300,
        "release_date" : ISODate("2020-03-10T00:00:00Z")
}
{
        "_id" : ObjectId("5aaa3334639395f86922a881"),
        "name" : "sholay",
        "actor" : [
                "Dharamendra",
                "Amitabh",
                "Sachin Pilgaokar",
                "Dharamendra",
                "Dharamendra",
                "Mr. Khote",
                "jaya bacchan",
                "sanjiv kapoor"
        ],
        "rating" : 3,
        "price" : 420,
        "position" : [
                2,
                2
        ],
        "ticket_num" : 400,
        "release_date" : ISODate("2020-03-10T00:00:00Z")
}
{
        "_id" : ObjectId("5aaa3334639395f86922a882"),
        "name" : "aradhana",
        "actor" : [
                "amitabh",
                "prem",
                "rajesh khanna"
        ],
        "rating" : 3,
        "price" : 260,
        "ticket_num" : 550,
        "release_date" : ISODate("2020-03-10T00:00:00Z")
}
{
        "_id" : ObjectId("5d6935a3470e2bef2a82cdfa"),
        "name" : "mission mangal",
        "price" : 350,
        "actor" : [
                "Sonakshi",
                "Vidya Balan"
        ],
        "rating" : 6,
        "release_date" : ISODate("2019-12-10T00:00:00Z")
}
{
        "_id" : ObjectId("5c8283789eb55675f0272933"),
        "name" : "uri",
        "rating" : 8,
        "actor" : [
                "vicky kaushal",
                "yami",
                "Paresh Rawal"
        ],
        "ticket_num" : 200
}
{
        "_id" : ObjectId("5d89e9adfd4adc2f84279f43"),
        "name" : "chichore",
        "price" : 274,
        "rating" : 4.3,
        "actor" : [
                "sushant",
                "shradha kapoor",
                "zzz",
                "harshal"
        ]
}
{
        "_id" : ObjectId("5aaa31ee639395f86922a87f"),
        "name" : "3 idiots",
        "actor" : [
                "Kareena Kapoor",
                "amir",
                "kareena",
                "mahadavan",
                "sharman"
        ],
        "rating" : 5,
        "price" : 400,
        "ticket_num" : 150,
        "modified" : ISODate("2021-06-11T09:20:55.016Z"),
        "release_date" : ISODate("2020-12-10T00:00:00Z")
}
{
        "_id" : ObjectId("5d8f51ce065d3e2aa902aa22"),
        "name" : "dream girl",
        "actor" : [
                "ayushman",
                "nushrat bharucha"
        ],
        "price" : 250,
        "rating" : null
}
{
        "_id" : ObjectId("5ca47ef82952ebdd7ae2a932"),
        "name" : "newton",
        "actor" : [
                "Rajkumar Rao",
                "Pankaj Tripathi"
        ],
        "price" : 310,
        "lastmodified" : ISODate("2019-09-28T14:47:49.204Z"),
        "ticket_num" : 690,
        "rating" : 4
}
{
        "_id" : ObjectId("5bf6a36f57b2d4cc676c7a95"),
        "name" : "Andhadhund",
        "price" : 400,
        "actor" : [
                "Ayushman",
                "radhika"
        ],
        "rating" : 5,
        "release_date" : ISODate("2020-12-10T00:00:00Z")
}
{
        "_id" : ObjectId("5aaa31a2639395f86922a87e"),
        "name" : "kahani",
        "actor" : [
                "aaaa",
                "bbbb",
                "karan",
                "karri",
                "vidya"
        ],
        "price" : 400,
        "actors" : [
                "bbbb"
        ],
        "rating" : 5,
        "lastmodified" : ISODate("2021-03-28T06:02:21.192Z"),
        "modified" : ISODate("2021-06-11T09:20:55.016Z"),
        "ticket_num" : 420,
        "release_date" : ISODate("2020-12-10T00:00:00Z")
}
{
        "_id" : ObjectId("5ca456072952ebdd7ae2a930"),
        "name" : "paa",
        "actor" : [
                "Amitabh",
                "vidya balan",
                "Abhishek"
        ],
        "rating" : 3,
        "price" : 324,
        "rdate" : ISODate("2019-01-23T00:00:00Z"),
        "others" : {
                "director" : "R Balki",
                "songs" : "Amit trivedi"
        },
        "ticket_num" : 400,
        "release_date" : ISODate("2020-03-10T00:00:00Z")
}
{
        "_id" : ObjectId("5aaa3334639395f86922a880"),
        "name" : "lagaan",
        "actor" : [
                "amir",
                "angraz"
        ],
        "rating" : 6,
        "price" : 350,
        "cancellation" : {
                "date" : Timestamp(1554356003, 1),
                "reason" : "user request"
        },
        "lastModified" : ISODate("2019-04-04T05:33:23.022Z"),
        "ticket_num" : 410,
        "release_date" : ISODate("2019-12-10T00:00:00Z")
}
{
        "_id" : ObjectId("5ca453ef2952ebdd7ae2a92f"),
        "name" : "Kesari",
        "actor" : [
                "Akshay Kumar",
                "Pariniti chopra"
        ],
        "rating" : 6,
        "price" : 350,
        "rdate" : ISODate("2019-01-23T00:00:00Z"),
        "ticket_num" : 270,
        "release_date" : ISODate("2019-12-10T00:00:00Z")
}
{
        "_id" : ObjectId("5aab6da4639395f86922a883"),
        "name" : "kahani 2",
        "actor" : [
                "Arjun",
                "yyyy",
                "Jonny",
                "nawaz",
                "Vidya",
                "shreyas"
        ],
        "rating" : 5,
        "price" : 400,
        "lastmodified" : ISODate("2021-03-28T06:02:21.192Z"),
        "modified" : ISODate("2021-06-11T09:20:55.016Z"),
        "ticket_num" : 820,
        "release_date" : ISODate("2020-12-10T00:00:00Z")
}
> db.movie.firnd({rating:{$in:[null],$exists:true}})
2021-07-16T11:34:44.468+0530 E  QUERY    [js] uncaught exception: TypeError: db.movie.firnd is not a function :
@(shell):1:1
> db.movie.find({rating:{$in:[null],$exists:true}})
{ "_id" : ObjectId("5d8f51ce065d3e2aa902aa22"), "name" : "dream girl", "actor" : [ "ayushman", "nushrat bharucha" ], "price" : 250, "rating" : null }
> db.movie.find({rating:{$in:[null],$exists:true}}).pretty()
{
        "_id" : ObjectId("5d8f51ce065d3e2aa902aa22"),
        "name" : "dream girl",
        "actor" : [
                "ayushman",
                "nushrat bharucha"
        ],
        "price" : 250,
        "rating" : null
}
> db.movie.find({rating:null}).pretty()
{
        "_id" : ObjectId("5ca47e5b2952ebdd7ae2a931"),
        "name" : "padmavat",
        "price" : 600,
        "actor" : [
                "Deepika",
                "shahid kapoor",
                "ranveer singh",
                "aditi Rao",
                "aaaaa"
        ],
        "cancellation" : {
                "date" : Timestamp(1567175239, 1)
        },
        "ticket_num" : 300
}
{ "_id" : ObjectId("5d8f6eec620d2353221b91dd"), "price" : 280 }
{
        "_id" : ObjectId("5bf6a38c57b2d4cc676c7a96"),
        "name" : "Andhadhund",
        "price" : null,
        "actor" : [
                "Tabbu"
        ]
}
{
        "_id" : ObjectId("5d8f51ce065d3e2aa902aa22"),
        "name" : "dream girl",
        "actor" : [
                "ayushman",
                "nushrat bharucha"
        ],
        "price" : 250,
        "rating" : null
}
> db.movie.find({rating:{$mod:[2,1]}})
{ "_id" : ObjectId("5c865923d82c19b8ed996550"), "name" : "dil", "rating" : 3, "price" : 300, "actor" : "['Anil kapoor']", "ticket_num" : 300, "release_date" : ISODate("2020-03-10T00:00:00Z") }
{ "_id" : ObjectId("5aaa3334639395f86922a881"), "name" : "sholay", "actor" : [ "Dharamendra", "Amitabh", "Sachin Pilgaokar", "Dharamendra", "Dharamendra", "Mr. Khote", "jaya bacchan", "sanjiv kapoor" ], "rating" : 3, "price" : 420, "position" : [ 2, 2 ], "ticket_num" : 400, "release_date" : ISODate("2020-03-10T00:00:00Z") }
{ "_id" : ObjectId("5aaa3334639395f86922a882"), "name" : "aradhana", "actor" : [ "amitabh", "prem", "rajesh khanna" ], "rating" : 3, "price" : 260, "ticket_num" : 550, "release_date" : ISODate("2020-03-10T00:00:00Z") }
{ "_id" : ObjectId("5aaa31ee639395f86922a87f"), "name" : "3 idiots", "actor" : [ "Kareena Kapoor", "amir", "kareena", "mahadavan", "sharman" ], "rating" : 5, "price" : 400, "ticket_num" : 150, "modified" : ISODate("2021-06-11T09:20:55.016Z"), "release_date" : ISODate("2020-12-10T00:00:00Z") }
{ "_id" : ObjectId("5bf6a36f57b2d4cc676c7a95"), "name" : "Andhadhund", "price" : 400, "actor" : [ "Ayushman", "radhika" ], "rating" : 5, "release_date" : ISODate("2020-12-10T00:00:00Z") }
{ "_id" : ObjectId("5aaa31a2639395f86922a87e"), "name" : "kahani", "actor" : [ "aaaa", "bbbb", "karan", "karri", "vidya" ], "price" : 400, "actors" : [ "bbbb" ], "rating" : 5, "lastmodified" : ISODate("2021-03-28T06:02:21.192Z"), "modified" : ISODate("2021-06-11T09:20:55.016Z"), "ticket_num" : 420, "release_date" : ISODate("2020-12-10T00:00:00Z") }
{ "_id" : ObjectId("5ca456072952ebdd7ae2a930"), "name" : "paa", "actor" : [ "Amitabh", "vidya balan", "Abhishek" ], "rating" : 3, "price" : 324, "rdate" : ISODate("2019-01-23T00:00:00Z"), "others" : { "director" : "R Balki", "songs" : "Amit trivedi" }, "ticket_num" : 400, "release_date" : ISODate("2020-03-10T00:00:00Z") }
{ "_id" : ObjectId("5aab6da4639395f86922a883"), "name" : "kahani 2", "actor" : [ "Arjun", "yyyy", "Jonny", "nawaz", "Vidya", "shreyas" ], "rating" : 5, "price" : 400, "lastmodified" : ISODate("2021-03-28T06:02:21.192Z"), "modified" : ISODate("2021-06-11T09:20:55.016Z"), "ticket_num" : 820, "release_date" : ISODate("2020-12-10T00:00:00Z") }
> db.movie.find({rating:{$mod:[2,1]}}).pretty()
{
        "_id" : ObjectId("5c865923d82c19b8ed996550"),
        "name" : "dil",
        "rating" : 3,
        "price" : 300,
        "actor" : "['Anil kapoor']",
        "ticket_num" : 300,
        "release_date" : ISODate("2020-03-10T00:00:00Z")
}
{
        "_id" : ObjectId("5aaa3334639395f86922a881"),
        "name" : "sholay",
        "actor" : [
                "Dharamendra",
                "Amitabh",
                "Sachin Pilgaokar",
                "Dharamendra",
                "Dharamendra",
                "Mr. Khote",
                "jaya bacchan",
                "sanjiv kapoor"
        ],
        "rating" : 3,
        "price" : 420,
        "position" : [
                2,
                2
        ],
        "ticket_num" : 400,
        "release_date" : ISODate("2020-03-10T00:00:00Z")
}
{
        "_id" : ObjectId("5aaa3334639395f86922a882"),
        "name" : "aradhana",
        "actor" : [
                "amitabh",
                "prem",
                "rajesh khanna"
        ],
        "rating" : 3,
        "price" : 260,
        "ticket_num" : 550,
        "release_date" : ISODate("2020-03-10T00:00:00Z")
}
{
        "_id" : ObjectId("5aaa31ee639395f86922a87f"),
        "name" : "3 idiots",
        "actor" : [
                "Kareena Kapoor",
                "amir",
                "kareena",
                "mahadavan",
                "sharman"
        ],
        "rating" : 5,
        "price" : 400,
        "ticket_num" : 150,
        "modified" : ISODate("2021-06-11T09:20:55.016Z"),
        "release_date" : ISODate("2020-12-10T00:00:00Z")
}
{
        "_id" : ObjectId("5bf6a36f57b2d4cc676c7a95"),
        "name" : "Andhadhund",
        "price" : 400,
        "actor" : [
                "Ayushman",
                "radhika"
        ],
        "rating" : 5,
        "release_date" : ISODate("2020-12-10T00:00:00Z")
}
{
        "_id" : ObjectId("5aaa31a2639395f86922a87e"),
        "name" : "kahani",
        "actor" : [
                "aaaa",
                "bbbb",
                "karan",
                "karri",
                "vidya"
        ],
        "price" : 400,
        "actors" : [
                "bbbb"
        ],
        "rating" : 5,
        "lastmodified" : ISODate("2021-03-28T06:02:21.192Z"),
        "modified" : ISODate("2021-06-11T09:20:55.016Z"),
        "ticket_num" : 420,
        "release_date" : ISODate("2020-12-10T00:00:00Z")
}
{
        "_id" : ObjectId("5ca456072952ebdd7ae2a930"),
        "name" : "paa",
        "actor" : [
                "Amitabh",
                "vidya balan",
                "Abhishek"
        ],
        "rating" : 3,
        "price" : 324,
        "rdate" : ISODate("2019-01-23T00:00:00Z"),
        "others" : {
                "director" : "R Balki",
                "songs" : "Amit trivedi"
        },
        "ticket_num" : 400,
        "release_date" : ISODate("2020-03-10T00:00:00Z")
}
{
        "_id" : ObjectId("5aab6da4639395f86922a883"),
        "name" : "kahani 2",
        "actor" : [
                "Arjun",
                "yyyy",
                "Jonny",
                "nawaz",
                "Vidya",
                "shreyas"
        ],
        "rating" : 5,
        "price" : 400,
        "lastmodified" : ISODate("2021-03-28T06:02:21.192Z"),
        "modified" : ISODate("2021-06-11T09:20:55.016Z"),
        "ticket_num" : 820,
        "release_date" : ISODate("2020-12-10T00:00:00Z")
}
> db.movie.find({rating:{$mod:[2,0]}}).pretty()
{
        "_id" : ObjectId("5d6935a3470e2bef2a82cdfa"),
        "name" : "mission mangal",
        "price" : 350,
        "actor" : [
                "Sonakshi",
                "Vidya Balan"
        ],
        "rating" : 6,
        "release_date" : ISODate("2019-12-10T00:00:00Z")
}
{
        "_id" : ObjectId("5c8283789eb55675f0272933"),
        "name" : "uri",
        "rating" : 8,
        "actor" : [
                "vicky kaushal",
                "yami",
                "Paresh Rawal"
        ],
        "ticket_num" : 200
}
{
        "_id" : ObjectId("5d89e9adfd4adc2f84279f43"),
        "name" : "chichore",
        "price" : 274,
        "rating" : 4.3,
        "actor" : [
                "sushant",
                "shradha kapoor",
                "zzz",
                "harshal"
        ]
}
{
        "_id" : ObjectId("5ca47ef82952ebdd7ae2a932"),
        "name" : "newton",
        "actor" : [
                "Rajkumar Rao",
                "Pankaj Tripathi"
        ],
        "price" : 310,
        "lastmodified" : ISODate("2019-09-28T14:47:49.204Z"),
        "ticket_num" : 690,
        "rating" : 4
}
{
        "_id" : ObjectId("5aaa3334639395f86922a880"),
        "name" : "lagaan",
        "actor" : [
                "amir",
                "angraz"
        ],
        "rating" : 6,
        "price" : 350,
        "cancellation" : {
                "date" : Timestamp(1554356003, 1),
                "reason" : "user request"
        },
        "lastModified" : ISODate("2019-04-04T05:33:23.022Z"),
        "ticket_num" : 410,
        "release_date" : ISODate("2019-12-10T00:00:00Z")
}
{
        "_id" : ObjectId("5ca453ef2952ebdd7ae2a92f"),
        "name" : "Kesari",
        "actor" : [
                "Akshay Kumar",
                "Pariniti chopra"
        ],
        "rating" : 6,
        "price" : 350,
        "rdate" : ISODate("2019-01-23T00:00:00Z"),
        "ticket_num" : 270,
        "release_date" : ISODate("2019-12-10T00:00:00Z")
}
> db.movie.find({actors:'Amithabh'})
> db.movie.find({actor:'Amithabh'})
> db.movie.find({actor:'Amitabh'})
{ "_id" : ObjectId("5aaa3334639395f86922a881"), "name" : "sholay", "actor" : [ "Dharamendra", "Amitabh", "Sachin Pilgaokar", "Dharamendra", "Dharamendra", "Mr. Khote", "jaya bacchan", "sanjiv kapoor" ], "rating" : 3, "price" : 420, "position" : [ 2, 2 ], "ticket_num" : 400, "release_date" : ISODate("2020-03-10T00:00:00Z") }
{ "_id" : ObjectId("5ca456072952ebdd7ae2a930"), "name" : "paa", "actor" : [ "Amitabh", "vidya balan", "Abhishek" ], "rating" : 3, "price" : 324, "rdate" : ISODate("2019-01-23T00:00:00Z"), "others" : { "director" : "R Balki", "songs" : "Amit trivedi" }, "ticket_num" : 400, "release_date" : ISODate("2020-03-10T00:00:00Z") }
> db.movie.find({actor:'Amitabh'}).pretty()
{
        "_id" : ObjectId("5aaa3334639395f86922a881"),
        "name" : "sholay",
        "actor" : [
                "Dharamendra",
                "Amitabh",
                "Sachin Pilgaokar",
                "Dharamendra",
                "Dharamendra",
                "Mr. Khote",
                "jaya bacchan",
                "sanjiv kapoor"
        ],
        "rating" : 3,
        "price" : 420,
        "position" : [
                2,
                2
        ],
        "ticket_num" : 400,
        "release_date" : ISODate("2020-03-10T00:00:00Z")
}
{
        "_id" : ObjectId("5ca456072952ebdd7ae2a930"),
        "name" : "paa",
        "actor" : [
                "Amitabh",
                "vidya balan",
                "Abhishek"
        ],
        "rating" : 3,
        "price" : 324,
        "rdate" : ISODate("2019-01-23T00:00:00Z"),
        "others" : {
                "director" : "R Balki",
                "songs" : "Amit trivedi"
        },
        "ticket_num" : 400,
        "release_date" : ISODate("2020-03-10T00:00:00Z")
}
> db.movie.find({actor:'amitabh'}).pretty()
{
        "_id" : ObjectId("5aaa3334639395f86922a882"),
        "name" : "aradhana",
        "actor" : [
                "amitabh",
                "prem",
                "rajesh khanna"
        ],
        "rating" : 3,
        "price" : 260,
        "ticket_num" : 550,
        "release_date" : ISODate("2020-03-10T00:00:00Z")
}
> db.movie.find({actor:'Amitabh'}).pretty()
{
        "_id" : ObjectId("5aaa3334639395f86922a881"),
        "name" : "sholay",
        "actor" : [
                "Dharamendra",
                "Amitabh",
                "Sachin Pilgaokar",
                "Dharamendra",
                "Dharamendra",
                "Mr. Khote",
                "jaya bacchan",
                "sanjiv kapoor"
        ],
        "rating" : 3,
        "price" : 420,
        "position" : [
                2,
                2
        ],
        "ticket_num" : 400,
        "release_date" : ISODate("2020-03-10T00:00:00Z")
}
{
        "_id" : ObjectId("5ca456072952ebdd7ae2a930"),
        "name" : "paa",
        "actor" : [
                "Amitabh",
                "vidya balan",
                "Abhishek"
        ],
        "rating" : 3,
        "price" : 324,
        "rdate" : ISODate("2019-01-23T00:00:00Z"),
        "others" : {
                "director" : "R Balki",
                "songs" : "Amit trivedi"
        },
        "ticket_num" : 400,
        "release_date" : ISODate("2020-03-10T00:00:00Z")
}
> db.movie.find({'actor.1':'Amitabh'}).pretty()
{
        "_id" : ObjectId("5aaa3334639395f86922a881"),
        "name" : "sholay",
        "actor" : [
                "Dharamendra",
                "Amitabh",
                "Sachin Pilgaokar",
                "Dharamendra",
                "Dharamendra",
                "Mr. Khote",
                "jaya bacchan",
                "sanjiv kapoor"
        ],
        "rating" : 3,
        "price" : 420,
        "position" : [
                2,
                2
        ],
        "ticket_num" : 400,
        "release_date" : ISODate("2020-03-10T00:00:00Z")
}
> db.movie.find({'actor.0':'Amitabh'}).pretty()
{
        "_id" : ObjectId("5ca456072952ebdd7ae2a930"),
        "name" : "paa",
        "actor" : [
                "Amitabh",
                "vidya balan",
                "Abhishek"
        ],
        "rating" : 3,
        "price" : 324,
        "rdate" : ISODate("2019-01-23T00:00:00Z"),
        "others" : {
                "director" : "R Balki",
                "songs" : "Amit trivedi"
        },
        "ticket_num" : 400,
        "release_date" : ISODate("2020-03-10T00:00:00Z")
}
> db.movie.find({name:/^[Aa]mitabh/})
> db.movie.find({actor:/^[Aa]mitabh/})
{ "_id" : ObjectId("5aaa3334639395f86922a881"), "name" : "sholay", "actor" : [ "Dharamendra", "Amitabh", "Sachin Pilgaokar", "Dharamendra", "Dharamendra", "Mr. Khote", "jaya bacchan", "sanjiv kapoor" ], "rating" : 3, "price" : 420, "position" : [ 2, 2 ], "ticket_num" : 400, "release_date" : ISODate("2020-03-10T00:00:00Z") }
{ "_id" : ObjectId("5aaa3334639395f86922a882"), "name" : "aradhana", "actor" : [ "amitabh", "prem", "rajesh khanna" ], "rating" : 3, "price" : 260, "ticket_num" : 550, "release_date" : ISODate("2020-03-10T00:00:00Z") }
{ "_id" : ObjectId("5ca456072952ebdd7ae2a930"), "name" : "paa", "actor" : [ "Amitabh", "vidya balan", "Abhishek" ], "rating" : 3, "price" : 324, "rdate" : ISODate("2019-01-23T00:00:00Z"), "others" : { "director" : "R Balki", "songs" : "Amit trivedi" }, "ticket_num" : 400, "release_date" : ISODate("2020-03-10T00:00:00Z") }
> db.movie.find({actor:/^[Aa]mitabh/}).pretty()
{
        "_id" : ObjectId("5aaa3334639395f86922a881"),
        "name" : "sholay",
        "actor" : [
                "Dharamendra",
                "Amitabh",
                "Sachin Pilgaokar",
                "Dharamendra",
                "Dharamendra",
                "Mr. Khote",
                "jaya bacchan",
                "sanjiv kapoor"
        ],
        "rating" : 3,
        "price" : 420,
        "position" : [
                2,
                2
        ],
        "ticket_num" : 400,
        "release_date" : ISODate("2020-03-10T00:00:00Z")
}
{
        "_id" : ObjectId("5aaa3334639395f86922a882"),
        "name" : "aradhana",
        "actor" : [
                "amitabh",
                "prem",
                "rajesh khanna"
        ],
        "rating" : 3,
        "price" : 260,
        "ticket_num" : 550,
        "release_date" : ISODate("2020-03-10T00:00:00Z")
}
{
        "_id" : ObjectId("5ca456072952ebdd7ae2a930"),
        "name" : "paa",
        "actor" : [
                "Amitabh",
                "vidya balan",
                "Abhishek"
        ],
        "rating" : 3,
        "price" : 324,
        "rdate" : ISODate("2019-01-23T00:00:00Z"),
        "others" : {
                "director" : "R Balki",
                "songs" : "Amit trivedi"
        },
        "ticket_num" : 400,
        "release_date" : ISODate("2020-03-10T00:00:00Z")
}
> db.movie.find({name:/t$/}).pretty()
{
        "_id" : ObjectId("5ca47e5b2952ebdd7ae2a931"),
        "name" : "padmavat",
        "price" : 600,
        "actor" : [
                "Deepika",
                "shahid kapoor",
                "ranveer singh",
                "aditi Rao",
                "aaaaa"
        ],
        "cancellation" : {
                "date" : Timestamp(1567175239, 1)
        },
        "ticket_num" : 300
}
> db.movie.find({name:/[0-9]$/}).pretty()
{
        "_id" : ObjectId("5aab6da4639395f86922a883"),
        "name" : "kahani 2",
        "actor" : [
                "Arjun",
                "yyyy",
                "Jonny",
                "nawaz",
                "Vidya",
                "shreyas"
        ],
        "rating" : 5,
        "price" : 400,
        "lastmodified" : ISODate("2021-03-28T06:02:21.192Z"),
        "modified" : ISODate("2021-06-11T09:20:55.016Z"),
        "ticket_num" : 820,
        "release_date" : ISODate("2020-12-10T00:00:00Z")
}
> db.movie.find({name:/^[0-9]/}).pretty()
{
        "_id" : ObjectId("5aaa31ee639395f86922a87f"),
        "name" : "3 idiots",
        "actor" : [
                "Kareena Kapoor",
                "amir",
                "kareena",
                "mahadavan",
                "sharman"
        ],
        "rating" : 5,
        "price" : 400,
        "ticket_num" : 150,
        "modified" : ISODate("2021-06-11T09:20:55.016Z"),
        "release_date" : ISODate("2020-12-10T00:00:00Z")
}
> db.movie.find({name:/^[^0-9]/}).pretty()
{
        "_id" : ObjectId("5c865923d82c19b8ed996550"),
        "name" : "dil",
        "rating" : 3,
        "price" : 300,
        "actor" : "['Anil kapoor']",
        "ticket_num" : 300,
        "release_date" : ISODate("2020-03-10T00:00:00Z")
}
{
        "_id" : ObjectId("5aaa3334639395f86922a881"),
        "name" : "sholay",
        "actor" : [
                "Dharamendra",
                "Amitabh",
                "Sachin Pilgaokar",
                "Dharamendra",
                "Dharamendra",
                "Mr. Khote",
                "jaya bacchan",
                "sanjiv kapoor"
        ],
        "rating" : 3,
        "price" : 420,
        "position" : [
                2,
                2
        ],
        "ticket_num" : 400,
        "release_date" : ISODate("2020-03-10T00:00:00Z")
}
{
        "_id" : ObjectId("5aaa3334639395f86922a882"),
        "name" : "aradhana",
        "actor" : [
                "amitabh",
                "prem",
                "rajesh khanna"
        ],
        "rating" : 3,
        "price" : 260,
        "ticket_num" : 550,
        "release_date" : ISODate("2020-03-10T00:00:00Z")
}
{
        "_id" : ObjectId("5d6935a3470e2bef2a82cdfa"),
        "name" : "mission mangal",
        "price" : 350,
        "actor" : [
                "Sonakshi",
                "Vidya Balan"
        ],
        "rating" : 6,
        "release_date" : ISODate("2019-12-10T00:00:00Z")
}
{
        "_id" : ObjectId("5ca47e5b2952ebdd7ae2a931"),
        "name" : "padmavat",
        "price" : 600,
        "actor" : [
                "Deepika",
                "shahid kapoor",
                "ranveer singh",
                "aditi Rao",
                "aaaaa"
        ],
        "cancellation" : {
                "date" : Timestamp(1567175239, 1)
        },
        "ticket_num" : 300
}
{
        "_id" : ObjectId("5c8283789eb55675f0272933"),
        "name" : "uri",
        "rating" : 8,
        "actor" : [
                "vicky kaushal",
                "yami",
                "Paresh Rawal"
        ],
        "ticket_num" : 200
}
{
        "_id" : ObjectId("5d89e9adfd4adc2f84279f43"),
        "name" : "chichore",
        "price" : 274,
        "rating" : 4.3,
        "actor" : [
                "sushant",
                "shradha kapoor",
                "zzz",
                "harshal"
        ]
}
{
        "_id" : ObjectId("5bf6a38c57b2d4cc676c7a96"),
        "name" : "Andhadhund",
        "price" : null,
        "actor" : [
                "Tabbu"
        ]
}
{
        "_id" : ObjectId("5d8f51ce065d3e2aa902aa22"),
        "name" : "dream girl",
        "actor" : [
                "ayushman",
                "nushrat bharucha"
        ],
        "price" : 250,
        "rating" : null
}
{
        "_id" : ObjectId("5ca47ef82952ebdd7ae2a932"),
        "name" : "newton",
        "actor" : [
                "Rajkumar Rao",
                "Pankaj Tripathi"
        ],
        "price" : 310,
        "lastmodified" : ISODate("2019-09-28T14:47:49.204Z"),
        "ticket_num" : 690,
        "rating" : 4
}
{
        "_id" : ObjectId("5bf6a36f57b2d4cc676c7a95"),
        "name" : "Andhadhund",
        "price" : 400,
        "actor" : [
                "Ayushman",
                "radhika"
        ],
        "rating" : 5,
        "release_date" : ISODate("2020-12-10T00:00:00Z")
}
{
        "_id" : ObjectId("5aaa31a2639395f86922a87e"),
        "name" : "kahani",
        "actor" : [
                "aaaa",
                "bbbb",
                "karan",
                "karri",
                "vidya"
        ],
        "price" : 400,
        "actors" : [
                "bbbb"
        ],
        "rating" : 5,
        "lastmodified" : ISODate("2021-03-28T06:02:21.192Z"),
        "modified" : ISODate("2021-06-11T09:20:55.016Z"),
        "ticket_num" : 420,
        "release_date" : ISODate("2020-12-10T00:00:00Z")
}
{
        "_id" : ObjectId("5ca456072952ebdd7ae2a930"),
        "name" : "paa",
        "actor" : [
                "Amitabh",
                "vidya balan",
                "Abhishek"
        ],
        "rating" : 3,
        "price" : 324,
        "rdate" : ISODate("2019-01-23T00:00:00Z"),
        "others" : {
                "director" : "R Balki",
                "songs" : "Amit trivedi"
        },
        "ticket_num" : 400,
        "release_date" : ISODate("2020-03-10T00:00:00Z")
}
{
        "_id" : ObjectId("5aaa3334639395f86922a880"),
        "name" : "lagaan",
        "actor" : [
                "amir",
                "angraz"
        ],
        "rating" : 6,
        "price" : 350,
        "cancellation" : {
                "date" : Timestamp(1554356003, 1),
                "reason" : "user request"
        },
        "lastModified" : ISODate("2019-04-04T05:33:23.022Z"),
        "ticket_num" : 410,
        "release_date" : ISODate("2019-12-10T00:00:00Z")
}
{
        "_id" : ObjectId("5ca453ef2952ebdd7ae2a92f"),
        "name" : "Kesari",
        "actor" : [
                "Akshay Kumar",
                "Pariniti chopra"
        ],
        "rating" : 6,
        "price" : 350,
        "rdate" : ISODate("2019-01-23T00:00:00Z"),
        "ticket_num" : 270,
        "release_date" : ISODate("2019-12-10T00:00:00Z")
}
{
        "_id" : ObjectId("5aab6da4639395f86922a883"),
        "name" : "kahani 2",
        "actor" : [
                "Arjun",
                "yyyy",
                "Jonny",
                "nawaz",
                "Vidya",
                "shreyas"
        ],
        "rating" : 5,
        "price" : 400,
        "lastmodified" : ISODate("2021-03-28T06:02:21.192Z"),
        "modified" : ISODate("2021-06-11T09:20:55.016Z"),
        "ticket_num" : 820,
        "release_date" : ISODate("2020-12-10T00:00:00Z")
}
> db.movie.find({name:/[Aa]/})
{ "_id" : ObjectId("5aaa3334639395f86922a881"), "name" : "sholay", "actor" : [ "Dharamendra", "Amitabh", "Sachin Pilgaokar", "Dharamendra", "Dharamendra", "Mr. Khote", "jaya bacchan", "sanjiv kapoor" ], "rating" : 3, "price" : 420, "position" : [ 2, 2 ], "ticket_num" : 400, "release_date" : ISODate("2020-03-10T00:00:00Z") }
{ "_id" : ObjectId("5aaa3334639395f86922a882"), "name" : "aradhana", "actor" : [ "amitabh", "prem", "rajesh khanna" ], "rating" : 3, "price" : 260, "ticket_num" : 550, "release_date" : ISODate("2020-03-10T00:00:00Z") }
{ "_id" : ObjectId("5d6935a3470e2bef2a82cdfa"), "name" : "mission mangal", "price" : 350, "actor" : [ "Sonakshi", "Vidya Balan" ], "rating" : 6, "release_date" : ISODate("2019-12-10T00:00:00Z") }
{ "_id" : ObjectId("5ca47e5b2952ebdd7ae2a931"), "name" : "padmavat", "price" : 600, "actor" : [ "Deepika", "shahid kapoor", "ranveer singh", "aditi Rao", "aaaaa" ], "cancellation" : { "date" : Timestamp(1567175239, 1) }, "ticket_num" : 300 }
{ "_id" : ObjectId("5bf6a38c57b2d4cc676c7a96"), "name" : "Andhadhund", "price" : null, "actor" : [ "Tabbu" ] }
{ "_id" : ObjectId("5d8f51ce065d3e2aa902aa22"), "name" : "dream girl", "actor" : [ "ayushman", "nushrat bharucha" ], "price" : 250, "rating" : null }
{ "_id" : ObjectId("5bf6a36f57b2d4cc676c7a95"), "name" : "Andhadhund", "price" : 400, "actor" : [ "Ayushman", "radhika" ], "rating" : 5, "release_date" : ISODate("2020-12-10T00:00:00Z") }
{ "_id" : ObjectId("5aaa31a2639395f86922a87e"), "name" : "kahani", "actor" : [ "aaaa", "bbbb", "karan", "karri", "vidya" ], "price" : 400, "actors" : [ "bbbb" ], "rating" : 5, "lastmodified" : ISODate("2021-03-28T06:02:21.192Z"), "modified" : ISODate("2021-06-11T09:20:55.016Z"), "ticket_num" : 420, "release_date" : ISODate("2020-12-10T00:00:00Z") }
{ "_id" : ObjectId("5ca456072952ebdd7ae2a930"), "name" : "paa", "actor" : [ "Amitabh", "vidya balan", "Abhishek" ], "rating" : 3, "price" : 324, "rdate" : ISODate("2019-01-23T00:00:00Z"), "others" : { "director" : "R Balki", "songs" : "Amit trivedi" }, "ticket_num" : 400, "release_date" : ISODate("2020-03-10T00:00:00Z") }
{ "_id" : ObjectId("5aaa3334639395f86922a880"), "name" : "lagaan", "actor" : [ "amir", "angraz" ], "rating" : 6, "price" : 350, "cancellation" : { "date" : Timestamp(1554356003, 1), "reason" : "user request" }, "lastModified" : ISODate("2019-04-04T05:33:23.022Z"), "ticket_num" : 410, "release_date" : ISODate("2019-12-10T00:00:00Z") }
{ "_id" : ObjectId("5ca453ef2952ebdd7ae2a92f"), "name" : "Kesari", "actor" : [ "Akshay Kumar", "Pariniti chopra" ], "rating" : 6, "price" : 350, "rdate" : ISODate("2019-01-23T00:00:00Z"), "ticket_num" : 270, "release_date" : ISODate("2019-12-10T00:00:00Z") }
{ "_id" : ObjectId("5aab6da4639395f86922a883"), "name" : "kahani 2", "actor" : [ "Arjun", "yyyy", "Jonny", "nawaz", "Vidya", "shreyas" ], "rating" : 5, "price" : 400, "lastmodified" : ISODate("2021-03-28T06:02:21.192Z"), "modified" : ISODate("2021-06-11T09:20:55.016Z"), "ticket_num" : 820, "release_date" : ISODate("2020-12-10T00:00:00Z") }
> db.movie.find({name:/[Aa]/}).pretty()
{
        "_id" : ObjectId("5aaa3334639395f86922a881"),
        "name" : "sholay",
        "actor" : [
                "Dharamendra",
                "Amitabh",
                "Sachin Pilgaokar",
                "Dharamendra",
                "Dharamendra",
                "Mr. Khote",
                "jaya bacchan",
                "sanjiv kapoor"
        ],
        "rating" : 3,
        "price" : 420,
        "position" : [
                2,
                2
        ],
        "ticket_num" : 400,
        "release_date" : ISODate("2020-03-10T00:00:00Z")
}
{
        "_id" : ObjectId("5aaa3334639395f86922a882"),
        "name" : "aradhana",
        "actor" : [
                "amitabh",
                "prem",
                "rajesh khanna"
        ],
        "rating" : 3,
        "price" : 260,
        "ticket_num" : 550,
        "release_date" : ISODate("2020-03-10T00:00:00Z")
}
{
        "_id" : ObjectId("5d6935a3470e2bef2a82cdfa"),
        "name" : "mission mangal",
        "price" : 350,
        "actor" : [
                "Sonakshi",
                "Vidya Balan"
        ],
        "rating" : 6,
        "release_date" : ISODate("2019-12-10T00:00:00Z")
}
{
        "_id" : ObjectId("5ca47e5b2952ebdd7ae2a931"),
        "name" : "padmavat",
        "price" : 600,
        "actor" : [
                "Deepika",
                "shahid kapoor",
                "ranveer singh",
                "aditi Rao",
                "aaaaa"
        ],
        "cancellation" : {
                "date" : Timestamp(1567175239, 1)
        },
        "ticket_num" : 300
}
{
        "_id" : ObjectId("5bf6a38c57b2d4cc676c7a96"),
        "name" : "Andhadhund",
        "price" : null,
        "actor" : [
                "Tabbu"
        ]
}
{
        "_id" : ObjectId("5d8f51ce065d3e2aa902aa22"),
        "name" : "dream girl",
        "actor" : [
                "ayushman",
                "nushrat bharucha"
        ],
        "price" : 250,
        "rating" : null
}
{
        "_id" : ObjectId("5bf6a36f57b2d4cc676c7a95"),
        "name" : "Andhadhund",
        "price" : 400,
        "actor" : [
                "Ayushman",
                "radhika"
        ],
        "rating" : 5,
        "release_date" : ISODate("2020-12-10T00:00:00Z")
}
{
        "_id" : ObjectId("5aaa31a2639395f86922a87e"),
        "name" : "kahani",
        "actor" : [
                "aaaa",
                "bbbb",
                "karan",
                "karri",
                "vidya"
        ],
        "price" : 400,
        "actors" : [
                "bbbb"
        ],
        "rating" : 5,
        "lastmodified" : ISODate("2021-03-28T06:02:21.192Z"),
        "modified" : ISODate("2021-06-11T09:20:55.016Z"),
        "ticket_num" : 420,
        "release_date" : ISODate("2020-12-10T00:00:00Z")
}
{
        "_id" : ObjectId("5ca456072952ebdd7ae2a930"),
        "name" : "paa",
        "actor" : [
                "Amitabh",
                "vidya balan",
                "Abhishek"
        ],
        "rating" : 3,
        "price" : 324,
        "rdate" : ISODate("2019-01-23T00:00:00Z"),
        "others" : {
                "director" : "R Balki",
                "songs" : "Amit trivedi"
        },
        "ticket_num" : 400,
        "release_date" : ISODate("2020-03-10T00:00:00Z")
}
{
        "_id" : ObjectId("5aaa3334639395f86922a880"),
        "name" : "lagaan",
        "actor" : [
                "amir",
                "angraz"
        ],
        "rating" : 6,
        "price" : 350,
        "cancellation" : {
                "date" : Timestamp(1554356003, 1),
                "reason" : "user request"
        },
        "lastModified" : ISODate("2019-04-04T05:33:23.022Z"),
        "ticket_num" : 410,
        "release_date" : ISODate("2019-12-10T00:00:00Z")
}
{
        "_id" : ObjectId("5ca453ef2952ebdd7ae2a92f"),
        "name" : "Kesari",
        "actor" : [
                "Akshay Kumar",
                "Pariniti chopra"
        ],
        "rating" : 6,
        "price" : 350,
        "rdate" : ISODate("2019-01-23T00:00:00Z"),
        "ticket_num" : 270,
        "release_date" : ISODate("2019-12-10T00:00:00Z")
}
{
        "_id" : ObjectId("5aab6da4639395f86922a883"),
        "name" : "kahani 2",
        "actor" : [
                "Arjun",
                "yyyy",
                "Jonny",
                "nawaz",
                "Vidya",
                "shreyas"
        ],
        "rating" : 5,
        "price" : 400,
        "lastmodified" : ISODate("2021-03-28T06:02:21.192Z"),
        "modified" : ISODate("2021-06-11T09:20:55.016Z"),
        "ticket_num" : 820,
        "release_date" : ISODate("2020-12-10T00:00:00Z")
}
> db.movie.find({name:/[Kk]/}).pretty()
{
        "_id" : ObjectId("5aaa31a2639395f86922a87e"),
        "name" : "kahani",
        "actor" : [
                "aaaa",
                "bbbb",
                "karan",
                "karri",
                "vidya"
        ],
        "price" : 400,
        "actors" : [
                "bbbb"
        ],
        "rating" : 5,
        "lastmodified" : ISODate("2021-03-28T06:02:21.192Z"),
        "modified" : ISODate("2021-06-11T09:20:55.016Z"),
        "ticket_num" : 420,
        "release_date" : ISODate("2020-12-10T00:00:00Z")
}
{
        "_id" : ObjectId("5ca453ef2952ebdd7ae2a92f"),
        "name" : "Kesari",
        "actor" : [
                "Akshay Kumar",
                "Pariniti chopra"
        ],
        "rating" : 6,
        "price" : 350,
        "rdate" : ISODate("2019-01-23T00:00:00Z"),
        "ticket_num" : 270,
        "release_date" : ISODate("2019-12-10T00:00:00Z")
}
{
        "_id" : ObjectId("5aab6da4639395f86922a883"),
        "name" : "kahani 2",
        "actor" : [
                "Arjun",
                "yyyy",
                "Jonny",
                "nawaz",
                "Vidya",
                "shreyas"
        ],
        "rating" : 5,
        "price" : 400,
        "lastmodified" : ISODate("2021-03-28T06:02:21.192Z"),
        "modified" : ISODate("2021-06-11T09:20:55.016Z"),
        "ticket_num" : 820,
        "release_date" : ISODate("2020-12-10T00:00:00Z")
}
> db.movie.find({name:/[Nn]/}).pretty()
{
        "_id" : ObjectId("5aaa3334639395f86922a882"),
        "name" : "aradhana",
        "actor" : [
                "amitabh",
                "prem",
                "rajesh khanna"
        ],
        "rating" : 3,
        "price" : 260,
        "ticket_num" : 550,
        "release_date" : ISODate("2020-03-10T00:00:00Z")
}
{
        "_id" : ObjectId("5d6935a3470e2bef2a82cdfa"),
        "name" : "mission mangal",
        "price" : 350,
        "actor" : [
                "Sonakshi",
                "Vidya Balan"
        ],
        "rating" : 6,
        "release_date" : ISODate("2019-12-10T00:00:00Z")
}
{
        "_id" : ObjectId("5bf6a38c57b2d4cc676c7a96"),
        "name" : "Andhadhund",
        "price" : null,
        "actor" : [
                "Tabbu"
        ]
}
{
        "_id" : ObjectId("5ca47ef82952ebdd7ae2a932"),
        "name" : "newton",
        "actor" : [
                "Rajkumar Rao",
                "Pankaj Tripathi"
        ],
        "price" : 310,
        "lastmodified" : ISODate("2019-09-28T14:47:49.204Z"),
        "ticket_num" : 690,
        "rating" : 4
}
{
        "_id" : ObjectId("5bf6a36f57b2d4cc676c7a95"),
        "name" : "Andhadhund",
        "price" : 400,
        "actor" : [
                "Ayushman",
                "radhika"
        ],
        "rating" : 5,
        "release_date" : ISODate("2020-12-10T00:00:00Z")
}
{
        "_id" : ObjectId("5aaa31a2639395f86922a87e"),
        "name" : "kahani",
        "actor" : [
                "aaaa",
                "bbbb",
                "karan",
                "karri",
                "vidya"
        ],
        "price" : 400,
        "actors" : [
                "bbbb"
        ],
        "rating" : 5,
        "lastmodified" : ISODate("2021-03-28T06:02:21.192Z"),
        "modified" : ISODate("2021-06-11T09:20:55.016Z"),
        "ticket_num" : 420,
        "release_date" : ISODate("2020-12-10T00:00:00Z")
}
{
        "_id" : ObjectId("5aaa3334639395f86922a880"),
        "name" : "lagaan",
        "actor" : [
                "amir",
                "angraz"
        ],
        "rating" : 6,
        "price" : 350,
        "cancellation" : {
                "date" : Timestamp(1554356003, 1),
                "reason" : "user request"
        },
        "lastModified" : ISODate("2019-04-04T05:33:23.022Z"),
        "ticket_num" : 410,
        "release_date" : ISODate("2019-12-10T00:00:00Z")
}
{
        "_id" : ObjectId("5aab6da4639395f86922a883"),
        "name" : "kahani 2",
        "actor" : [
                "Arjun",
                "yyyy",
                "Jonny",
                "nawaz",
                "Vidya",
                "shreyas"
        ],
        "rating" : 5,
        "price" : 400,
        "lastmodified" : ISODate("2021-03-28T06:02:21.192Z"),
        "modified" : ISODate("2021-06-11T09:20:55.016Z"),
        "ticket_num" : 820,
        "release_date" : ISODate("2020-12-10T00:00:00Z")
}
> db.movie.find({actor:{$size:3}})
{ "_id" : ObjectId("5aaa3334639395f86922a882"), "name" : "aradhana", "actor" : [ "amitabh", "prem", "rajesh khanna" ], "rating" : 3, "price" : 260, "ticket_num" : 550, "release_date" : ISODate("2020-03-10T00:00:00Z") }
{ "_id" : ObjectId("5c8283789eb55675f0272933"), "name" : "uri", "rating" : 8, "actor" : [ "vicky kaushal", "yami", "Paresh Rawal" ], "ticket_num" : 200 }
{ "_id" : ObjectId("5ca456072952ebdd7ae2a930"), "name" : "paa", "actor" : [ "Amitabh", "vidya balan", "Abhishek" ], "rating" : 3, "price" : 324, "rdate" : ISODate("2019-01-23T00:00:00Z"), "others" : { "director" : "R Balki", "songs" : "Amit trivedi" }, "ticket_num" : 400, "release_date" : ISODate("2020-03-10T00:00:00Z") }
> db.movie.find({actor:{$size:3}}).pretty()
{
        "_id" : ObjectId("5aaa3334639395f86922a882"),
        "name" : "aradhana",
        "actor" : [
                "amitabh",
                "prem",
                "rajesh khanna"
        ],
        "rating" : 3,
        "price" : 260,
        "ticket_num" : 550,
        "release_date" : ISODate("2020-03-10T00:00:00Z")
}
{
        "_id" : ObjectId("5c8283789eb55675f0272933"),
        "name" : "uri",
        "rating" : 8,
        "actor" : [
                "vicky kaushal",
                "yami",
                "Paresh Rawal"
        ],
        "ticket_num" : 200
}
{
        "_id" : ObjectId("5ca456072952ebdd7ae2a930"),
        "name" : "paa",
        "actor" : [
                "Amitabh",
                "vidya balan",
                "Abhishek"
        ],
        "rating" : 3,
        "price" : 324,
        "rdate" : ISODate("2019-01-23T00:00:00Z"),
        "others" : {
                "director" : "R Balki",
                "songs" : "Amit trivedi"
        },
        "ticket_num" : 400,
        "release_date" : ISODate("2020-03-10T00:00:00Z")
}
> db.movie.find({name:{$type:"string}).pretty()
2021-07-16T12:06:51.770+0530 E  QUERY    [js] uncaught exception: SyntaxError: "" literal not terminated before end of script :
@(shell):1:45
> db.movie.find({name:{$type:"string"}).pretty()
... db.movie.find({name:{$type:"string}).pretty()^C

> db.movie.find({name:{$type:"string}}).pretty()
2021-07-16T12:07:10.414+0530 E  QUERY    [js] uncaught exception: SyntaxError: "" literal not terminated before end of script :
@(shell):1:46
> db.movie.find({name:{$type:"string"}}).pretty()
{
        "_id" : ObjectId("5c865923d82c19b8ed996550"),
        "name" : "dil",
        "rating" : 3,
        "price" : 300,
        "actor" : "['Anil kapoor']",
        "ticket_num" : 300,
        "release_date" : ISODate("2020-03-10T00:00:00Z")
}
{
        "_id" : ObjectId("5aaa3334639395f86922a881"),
        "name" : "sholay",
        "actor" : [
                "Dharamendra",
                "Amitabh",
                "Sachin Pilgaokar",
                "Dharamendra",
                "Dharamendra",
                "Mr. Khote",
                "jaya bacchan",
                "sanjiv kapoor"
        ],
        "rating" : 3,
        "price" : 420,
        "position" : [
                2,
                2
        ],
        "ticket_num" : 400,
        "release_date" : ISODate("2020-03-10T00:00:00Z")
}
{
        "_id" : ObjectId("5aaa3334639395f86922a882"),
        "name" : "aradhana",
        "actor" : [
                "amitabh",
                "prem",
                "rajesh khanna"
        ],
        "rating" : 3,
        "price" : 260,
        "ticket_num" : 550,
        "release_date" : ISODate("2020-03-10T00:00:00Z")
}
{
        "_id" : ObjectId("5d6935a3470e2bef2a82cdfa"),
        "name" : "mission mangal",
        "price" : 350,
        "actor" : [
                "Sonakshi",
                "Vidya Balan"
        ],
        "rating" : 6,
        "release_date" : ISODate("2019-12-10T00:00:00Z")
}
{
        "_id" : ObjectId("5ca47e5b2952ebdd7ae2a931"),
        "name" : "padmavat",
        "price" : 600,
        "actor" : [
                "Deepika",
                "shahid kapoor",
                "ranveer singh",
                "aditi Rao",
                "aaaaa"
        ],
        "cancellation" : {
                "date" : Timestamp(1567175239, 1)
        },
        "ticket_num" : 300
}
{
        "_id" : ObjectId("5c8283789eb55675f0272933"),
        "name" : "uri",
        "rating" : 8,
        "actor" : [
                "vicky kaushal",
                "yami",
                "Paresh Rawal"
        ],
        "ticket_num" : 200
}
{
        "_id" : ObjectId("5d89e9adfd4adc2f84279f43"),
        "name" : "chichore",
        "price" : 274,
        "rating" : 4.3,
        "actor" : [
                "sushant",
                "shradha kapoor",
                "zzz",
                "harshal"
        ]
}
{
        "_id" : ObjectId("5bf6a38c57b2d4cc676c7a96"),
        "name" : "Andhadhund",
        "price" : null,
        "actor" : [
                "Tabbu"
        ]
}
{
        "_id" : ObjectId("5aaa31ee639395f86922a87f"),
        "name" : "3 idiots",
        "actor" : [
                "Kareena Kapoor",
                "amir",
                "kareena",
                "mahadavan",
                "sharman"
        ],
        "rating" : 5,
        "price" : 400,
        "ticket_num" : 150,
        "modified" : ISODate("2021-06-11T09:20:55.016Z"),
        "release_date" : ISODate("2020-12-10T00:00:00Z")
}
{
        "_id" : ObjectId("5d8f51ce065d3e2aa902aa22"),
        "name" : "dream girl",
        "actor" : [
                "ayushman",
                "nushrat bharucha"
        ],
        "price" : 250,
        "rating" : null
}
{
        "_id" : ObjectId("5ca47ef82952ebdd7ae2a932"),
        "name" : "newton",
        "actor" : [
                "Rajkumar Rao",
                "Pankaj Tripathi"
        ],
        "price" : 310,
        "lastmodified" : ISODate("2019-09-28T14:47:49.204Z"),
        "ticket_num" : 690,
        "rating" : 4
}
{
        "_id" : ObjectId("5bf6a36f57b2d4cc676c7a95"),
        "name" : "Andhadhund",
        "price" : 400,
        "actor" : [
                "Ayushman",
                "radhika"
        ],
        "rating" : 5,
        "release_date" : ISODate("2020-12-10T00:00:00Z")
}
{
        "_id" : ObjectId("5aaa31a2639395f86922a87e"),
        "name" : "kahani",
        "actor" : [
                "aaaa",
                "bbbb",
                "karan",
                "karri",
                "vidya"
        ],
        "price" : 400,
        "actors" : [
                "bbbb"
        ],
        "rating" : 5,
        "lastmodified" : ISODate("2021-03-28T06:02:21.192Z"),
        "modified" : ISODate("2021-06-11T09:20:55.016Z"),
        "ticket_num" : 420,
        "release_date" : ISODate("2020-12-10T00:00:00Z")
}
{
        "_id" : ObjectId("5ca456072952ebdd7ae2a930"),
        "name" : "paa",
        "actor" : [
                "Amitabh",
                "vidya balan",
                "Abhishek"
        ],
        "rating" : 3,
        "price" : 324,
        "rdate" : ISODate("2019-01-23T00:00:00Z"),
        "others" : {
                "director" : "R Balki",
                "songs" : "Amit trivedi"
        },
        "ticket_num" : 400,
        "release_date" : ISODate("2020-03-10T00:00:00Z")
}
{
        "_id" : ObjectId("5aaa3334639395f86922a880"),
        "name" : "lagaan",
        "actor" : [
                "amir",
                "angraz"
        ],
        "rating" : 6,
        "price" : 350,
        "cancellation" : {
                "date" : Timestamp(1554356003, 1),
                "reason" : "user request"
        },
        "lastModified" : ISODate("2019-04-04T05:33:23.022Z"),
        "ticket_num" : 410,
        "release_date" : ISODate("2019-12-10T00:00:00Z")
}
{
        "_id" : ObjectId("5ca453ef2952ebdd7ae2a92f"),
        "name" : "Kesari",
        "actor" : [
                "Akshay Kumar",
                "Pariniti chopra"
        ],
        "rating" : 6,
        "price" : 350,
        "rdate" : ISODate("2019-01-23T00:00:00Z"),
        "ticket_num" : 270,
        "release_date" : ISODate("2019-12-10T00:00:00Z")
}
{
        "_id" : ObjectId("5aab6da4639395f86922a883"),
        "name" : "kahani 2",
        "actor" : [
                "Arjun",
                "yyyy",
                "Jonny",
                "nawaz",
                "Vidya",
                "shreyas"
        ],
        "rating" : 5,
        "price" : 400,
        "lastmodified" : ISODate("2021-03-28T06:02:21.192Z"),
        "modified" : ISODate("2021-06-11T09:20:55.016Z"),
        "ticket_num" : 820,
        "release_date" : ISODate("2020-12-10T00:00:00Z")
}
> db.movie.insert({name:111,price:300})
WriteResult({ "nInserted" : 1 })
> db.movie.find({name:{$type:"string"}}).pretty()
{
        "_id" : ObjectId("5c865923d82c19b8ed996550"),
        "name" : "dil",
        "rating" : 3,
        "price" : 300,
        "actor" : "['Anil kapoor']",
        "ticket_num" : 300,
        "release_date" : ISODate("2020-03-10T00:00:00Z")
}
{
        "_id" : ObjectId("5aaa3334639395f86922a881"),
        "name" : "sholay",
        "actor" : [
                "Dharamendra",
                "Amitabh",
                "Sachin Pilgaokar",
                "Dharamendra",
                "Dharamendra",
                "Mr. Khote",
                "jaya bacchan",
                "sanjiv kapoor"
        ],
        "rating" : 3,
        "price" : 420,
        "position" : [
                2,
                2
        ],
        "ticket_num" : 400,
        "release_date" : ISODate("2020-03-10T00:00:00Z")
}
{
        "_id" : ObjectId("5aaa3334639395f86922a882"),
        "name" : "aradhana",
        "actor" : [
                "amitabh",
                "prem",
                "rajesh khanna"
        ],
        "rating" : 3,
        "price" : 260,
        "ticket_num" : 550,
        "release_date" : ISODate("2020-03-10T00:00:00Z")
}
{
        "_id" : ObjectId("5d6935a3470e2bef2a82cdfa"),
        "name" : "mission mangal",
        "price" : 350,
        "actor" : [
                "Sonakshi",
                "Vidya Balan"
        ],
        "rating" : 6,
        "release_date" : ISODate("2019-12-10T00:00:00Z")
}
{
        "_id" : ObjectId("5ca47e5b2952ebdd7ae2a931"),
        "name" : "padmavat",
        "price" : 600,
        "actor" : [
                "Deepika",
                "shahid kapoor",
                "ranveer singh",
                "aditi Rao",
                "aaaaa"
        ],
        "cancellation" : {
                "date" : Timestamp(1567175239, 1)
        },
        "ticket_num" : 300
}
{
        "_id" : ObjectId("5c8283789eb55675f0272933"),
        "name" : "uri",
        "rating" : 8,
        "actor" : [
                "vicky kaushal",
                "yami",
                "Paresh Rawal"
        ],
        "ticket_num" : 200
}
{
        "_id" : ObjectId("5d89e9adfd4adc2f84279f43"),
        "name" : "chichore",
        "price" : 274,
        "rating" : 4.3,
        "actor" : [
                "sushant",
                "shradha kapoor",
                "zzz",
                "harshal"
        ]
}
{
        "_id" : ObjectId("5bf6a38c57b2d4cc676c7a96"),
        "name" : "Andhadhund",
        "price" : null,
        "actor" : [
                "Tabbu"
        ]
}
{
        "_id" : ObjectId("5aaa31ee639395f86922a87f"),
        "name" : "3 idiots",
        "actor" : [
                "Kareena Kapoor",
                "amir",
                "kareena",
                "mahadavan",
                "sharman"
        ],
        "rating" : 5,
        "price" : 400,
        "ticket_num" : 150,
        "modified" : ISODate("2021-06-11T09:20:55.016Z"),
        "release_date" : ISODate("2020-12-10T00:00:00Z")
}
{
        "_id" : ObjectId("5d8f51ce065d3e2aa902aa22"),
        "name" : "dream girl",
        "actor" : [
                "ayushman",
                "nushrat bharucha"
        ],
        "price" : 250,
        "rating" : null
}
{
        "_id" : ObjectId("5ca47ef82952ebdd7ae2a932"),
        "name" : "newton",
        "actor" : [
                "Rajkumar Rao",
                "Pankaj Tripathi"
        ],
        "price" : 310,
        "lastmodified" : ISODate("2019-09-28T14:47:49.204Z"),
        "ticket_num" : 690,
        "rating" : 4
}
{
        "_id" : ObjectId("5bf6a36f57b2d4cc676c7a95"),
        "name" : "Andhadhund",
        "price" : 400,
        "actor" : [
                "Ayushman",
                "radhika"
        ],
        "rating" : 5,
        "release_date" : ISODate("2020-12-10T00:00:00Z")
}
{
        "_id" : ObjectId("5aaa31a2639395f86922a87e"),
        "name" : "kahani",
        "actor" : [
                "aaaa",
                "bbbb",
                "karan",
                "karri",
                "vidya"
        ],
        "price" : 400,
        "actors" : [
                "bbbb"
        ],
        "rating" : 5,
        "lastmodified" : ISODate("2021-03-28T06:02:21.192Z"),
        "modified" : ISODate("2021-06-11T09:20:55.016Z"),
        "ticket_num" : 420,
        "release_date" : ISODate("2020-12-10T00:00:00Z")
}
{
        "_id" : ObjectId("5ca456072952ebdd7ae2a930"),
        "name" : "paa",
        "actor" : [
                "Amitabh",
                "vidya balan",
                "Abhishek"
        ],
        "rating" : 3,
        "price" : 324,
        "rdate" : ISODate("2019-01-23T00:00:00Z"),
        "others" : {
                "director" : "R Balki",
                "songs" : "Amit trivedi"
        },
        "ticket_num" : 400,
        "release_date" : ISODate("2020-03-10T00:00:00Z")
}
{
        "_id" : ObjectId("5aaa3334639395f86922a880"),
        "name" : "lagaan",
        "actor" : [
                "amir",
                "angraz"
        ],
        "rating" : 6,
        "price" : 350,
        "cancellation" : {
                "date" : Timestamp(1554356003, 1),
                "reason" : "user request"
        },
        "lastModified" : ISODate("2019-04-04T05:33:23.022Z"),
        "ticket_num" : 410,
        "release_date" : ISODate("2019-12-10T00:00:00Z")
}
{
        "_id" : ObjectId("5ca453ef2952ebdd7ae2a92f"),
        "name" : "Kesari",
        "actor" : [
                "Akshay Kumar",
                "Pariniti chopra"
        ],
        "rating" : 6,
        "price" : 350,
        "rdate" : ISODate("2019-01-23T00:00:00Z"),
        "ticket_num" : 270,
        "release_date" : ISODate("2019-12-10T00:00:00Z")
}
{
        "_id" : ObjectId("5aab6da4639395f86922a883"),
        "name" : "kahani 2",
        "actor" : [
                "Arjun",
                "yyyy",
                "Jonny",
                "nawaz",
                "Vidya",
                "shreyas"
        ],
        "rating" : 5,
        "price" : 400,
        "lastmodified" : ISODate("2021-03-28T06:02:21.192Z"),
        "modified" : ISODate("2021-06-11T09:20:55.016Z"),
        "ticket_num" : 820,
        "release_date" : ISODate("2020-12-10T00:00:00Z")
}
> db.movie.find({name:{$type:"int"}}).pretty()
> db.movie.find({name:{$type:"number"}}).pretty()
{
        "_id" : ObjectId("60f1294048242d5ac4913297"),
        "name" : 111,
        "price" : 300
}
> db.student.find()
{ "_id" : 5, "grades" : [ { "grade" : 85, "mean" : 80, "std" : 100 }, { "grade" : 80, "mean" : 95, "std" : 10 }, { "grade" : 82, "mean" : 90, "std" : 12 }, { "grade" : 98, "mean" : 10, "std" : 5 } ] }
{ "_id" : 6, "grades" : [ { "grade" : 88, "maen" : 2, "std" : 3, "mean" : 5 }, { "grade" : 80, "mean" : 8, "std" : 4 }, { "grade" : 90, "mean" : 9, "std" : 5 }, { "grade" : 98, "mean" : 10, "std" : 5 } ] }
> db.student.find().pretty()
{
        "_id" : 5,
        "grades" : [
                {
                        "grade" : 85,
                        "mean" : 80,
                        "std" : 100
                },
                {
                        "grade" : 80,
                        "mean" : 95,
                        "std" : 10
                },
                {
                        "grade" : 82,
                        "mean" : 90,
                        "std" : 12
                },
                {
                        "grade" : 98,
                        "mean" : 10,
                        "std" : 5
                }
        ]
}
{
        "_id" : 6,
        "grades" : [
                {
                        "grade" : 88,
                        "maen" : 2,
                        "std" : 3,
                        "mean" : 5
                },
                {
                        "grade" : 80,
                        "mean" : 8,
                        "std" : 4
                },
                {
                        "grade" : 90,
                        "mean" : 9,
                        "std" : 5
                },
                {
                        "grade" : 98,
                        "mean" : 10,
                        "std" : 5
                }
        ]
}
> db.student.find({'grades.std':10})
{ "_id" : 5, "grades" : [ { "grade" : 85, "mean" : 80, "std" : 100 }, { "grade" : 80, "mean" : 95, "std" : 10 }, { "grade" : 82, "mean" : 90, "std" : 12 }, { "grade" : 98, "mean" : 10, "std" : 5 } ] }
> db.student.find({'grades.std':10}).pretty()
{
        "_id" : 5,
        "grades" : [
                {
                        "grade" : 85,
                        "mean" : 80,
                        "std" : 100
                },
                {
                        "grade" : 80,
                        "mean" : 95,
                        "std" : 10
                },
                {
                        "grade" : 82,
                        "mean" : 90,
                        "std" : 12
                },
                {
                        "grade" : 98,
                        "mean" : 10,
                        "std" : 5
                }
        ]
}
> db.student.find({'grades.2.std':10}).pretty()
> db.student.find({'grades.2.std':12}).pretty()
{
        "_id" : 5,
        "grades" : [
                {
                        "grade" : 85,
                        "mean" : 80,
                        "std" : 100
                },
                {
                        "grade" : 80,
                        "mean" : 95,
                        "std" : 10
                },
                {
                        "grade" : 82,
                        "mean" : 90,
                        "std" : 12
                },
                {
                        "grade" : 98,
                        "mean" : 10,
                        "std" : 5
                }
        ]
}
> db.student.find({'grades.garde':85,'grades.2.std':12}).pretty()
> db.student.find({'grades.grade':85,'grades.2.std':12}).pretty()
{
        "_id" : 5,
        "grades" : [
                {
                        "grade" : 85,
                        "mean" : 80,
                        "std" : 100
                },
                {
                        "grade" : 80,
                        "mean" : 95,
                        "std" : 10
                },
                {
                        "grade" : 82,
                        "mean" : 90,
                        "std" : 12
                },
                {
                        "grade" : 98,
                        "mean" : 10,
                        "std" : 5
                }
        ]
}
> db.student.find({'grades.grade':85,'grades.std':12}).pretty()
{
        "_id" : 5,
        "grades" : [
                {
                        "grade" : 85,
                        "mean" : 80,
                        "std" : 100
                },
                {
                        "grade" : 80,
                        "mean" : 95,
                        "std" : 10
                },
                {
                        "grade" : 82,
                        "mean" : 90,
                        "std" : 12
                },
                {
                        "grade" : 98,
                        "mean" : 10,
                        "std" : 5
                }
        ]
}
> db.student.find({'grades.grade':85,'grades.std':10}).pretty()
{
        "_id" : 5,
        "grades" : [
                {
                        "grade" : 85,
                        "mean" : 80,
                        "std" : 100
                },
                {
                        "grade" : 80,
                        "mean" : 95,
                        "std" : 10
                },
                {
                        "grade" : 82,
                        "mean" : 90,
                        "std" : 12
                },
                {
                        "grade" : 98,
                        "mean" : 10,
                        "std" : 5
                }
        ]
}
> db.student.find({'grades':{$elemMatch:{grade:85,std:10}}}).pretty()
> db.student.find({'grades':{$elemMatch:{grade:82,std:10}}}).pretty()
> db.student.find({'grades':{$elemMatch:{grade:82,mean:90,std:10}}}).pretty()
> db.student.find({'grades':{$elemMatch:{grade:82,mean:90,std:12}}}).pretty()
{
        "_id" : 5,
        "grades" : [
                {
                        "grade" : 85,
                        "mean" : 80,
                        "std" : 100
                },
                {
                        "grade" : 80,
                        "mean" : 95,
                        "std" : 10
                },
                {
                        "grade" : 82,
                        "mean" : 90,
                        "std" : 12
                },
                {
                        "grade" : 98,
                        "mean" : 10,
                        "std" : 5
                }
        ]
}
> db.student.find({'grades':{$elemMatch:{grade:82,std:12}}}).pretty()
{
        "_id" : 5,
        "grades" : [
                {
                        "grade" : 85,
                        "mean" : 80,
                        "std" : 100
                },
                {
                        "grade" : 80,
                        "mean" : 95,
                        "std" : 10
                },
                {
                        "grade" : 82,
                        "mean" : 90,
                        "std" : 12
                },
                {
                        "grade" : 98,
                        "mean" : 10,
                        "std" : 5
                }
        ]
}
> db.student.find({'grades.grade':85,'grades.std':10}).count()
1
> db.student.find({price:{$not:{$lt:300}}}).count()
2
> use iacsdedac
switched to db iacsdedac
> db.emp.insertMany([{empno:100,ename:'xxxx'},{empno:12,ename:'rrrr'}])
{
        "acknowledged" : true,
        "insertedIds" : [
                ObjectId("60f1301248242d5ac4913298"),
                ObjectId("60f1301248242d5ac4913299")
        ]
}
> db.emp.find().pretty()
{
        "_id" : ObjectId("60efdc3b48242d5ac491328d"),
        "empid" : 12,
        "ename" : "kishori"
}
{
        "_id" : ObjectId("60efe8d248242d5ac491328e"),
        "empid" : 123,
        "ename" : "kishori",
        "skills" : [
                "java",
                "python",
                "mongodb",
                "spring boot",
                "hibernate"
        ],
        "joining_dt" : ISODate("2000-04-27T00:00:00Z"),
        "dept" : {
                "deptno" : 11,
                "dname" : "hr",
                "dloc" : "pune"
        },
        "experience" : [
                {
                        "name" : "hsbc",
                        "years" : 3
                },
                {
                        "name" : "igate",
                        "years" : 4
                },
                {
                        "name" : "Capgemini",
                        "years" : 5
                }
        ],
        "maritalStatus" : null
}
{
        "_id" : ObjectId("60f10b9448242d5ac4913293"),
        "name" : "Revati",
        "desg" : "sr. designer"
}
{
        "_id" : ObjectId("60f10b9648242d5ac4913294"),
        "name" : "Revati",
        "desg" : "sr. designer"
}
{
        "_id" : ObjectId("60f10b9848242d5ac4913295"),
        "name" : "Revati",
        "desg" : "sr. designer"
}
{ "_id" : 1, "name" : "Revati", "desg" : "sr. designer" }
{ "_id" : 2, "name" : "Revati", "desg" : "sr. designer" }
{
        "_id" : ObjectId("60f10c5248242d5ac4913296"),
        "name" : "Revati",
        "desg" : "sr. designer"
}
{
        "_id" : ObjectId("60f1301248242d5ac4913298"),
        "empno" : 100,
        "ename" : "xxxx"
}
{
        "_id" : ObjectId("60f1301248242d5ac4913299"),
        "empno" : 12,
        "ename" : "rrrr"
}
> db.emp.renameCollection("employee")
{ "ok" : 1 }
> show collections
employee
movie
mycollection
mycomment
restaurent
> db.mycollection.drop()
true
> show collections
employee
movie
mycomment
restaurent
> db.employee.find().pretty()
{
        "_id" : ObjectId("60efdc3b48242d5ac491328d"),
        "empid" : 12,
        "ename" : "kishori"
}
{
        "_id" : ObjectId("60efe8d248242d5ac491328e"),
        "empid" : 123,
        "ename" : "kishori",
        "skills" : [
                "java",
                "python",
                "mongodb",
                "spring boot",
                "hibernate"
        ],
        "joining_dt" : ISODate("2000-04-27T00:00:00Z"),
        "dept" : {
                "deptno" : 11,
                "dname" : "hr",
                "dloc" : "pune"
        },
        "experience" : [
                {
                        "name" : "hsbc",
                        "years" : 3
                },
                {
                        "name" : "igate",
                        "years" : 4
                },
                {
                        "name" : "Capgemini",
                        "years" : 5
                }
        ],
        "maritalStatus" : null
}
{
        "_id" : ObjectId("60f10b9448242d5ac4913293"),
        "name" : "Revati",
        "desg" : "sr. designer"
}
{
        "_id" : ObjectId("60f10b9648242d5ac4913294"),
        "name" : "Revati",
        "desg" : "sr. designer"
}
{
        "_id" : ObjectId("60f10b9848242d5ac4913295"),
        "name" : "Revati",
        "desg" : "sr. designer"
}
{ "_id" : 1, "name" : "Revati", "desg" : "sr. designer" }
{ "_id" : 2, "name" : "Revati", "desg" : "sr. designer" }
{
        "_id" : ObjectId("60f10c5248242d5ac4913296"),
        "name" : "Revati",
        "desg" : "sr. designer"
}
{
        "_id" : ObjectId("60f1301248242d5ac4913298"),
        "empno" : 100,
        "ename" : "xxxx"
}
{
        "_id" : ObjectId("60f1301248242d5ac4913299"),
        "empno" : 12,
        "ename" : "rrrr"
}
> db.employee.remove({name:'Revati'})
WriteResult({ "nRemoved" : 6 })
> db.employee.find().pretty()
{
        "_id" : ObjectId("60efdc3b48242d5ac491328d"),
        "empid" : 12,
        "ename" : "kishori"
}
{
        "_id" : ObjectId("60efe8d248242d5ac491328e"),
        "empid" : 123,
        "ename" : "kishori",
        "skills" : [
                "java",
                "python",
                "mongodb",
                "spring boot",
                "hibernate"
        ],
        "joining_dt" : ISODate("2000-04-27T00:00:00Z"),
        "dept" : {
                "deptno" : 11,
                "dname" : "hr",
                "dloc" : "pune"
        },
        "experience" : [
                {
                        "name" : "hsbc",
                        "years" : 3
                },
                {
                        "name" : "igate",
                        "years" : 4
                },
                {
                        "name" : "Capgemini",
                        "years" : 5
                }
        ],
        "maritalStatus" : null
}
{
        "_id" : ObjectId("60f1301248242d5ac4913298"),
        "empno" : 100,
        "ename" : "xxxx"
}
{
        "_id" : ObjectId("60f1301248242d5ac4913299"),
        "empno" : 12,
        "ename" : "rrrr"
}
> db.employee.deleteOne({name:'kishori'})
{ "acknowledged" : true, "deletedCount" : 0 }
> db.employee.find().pretty()
{
        "_id" : ObjectId("60efdc3b48242d5ac491328d"),
        "empid" : 12,
        "ename" : "kishori"
}
{
        "_id" : ObjectId("60efe8d248242d5ac491328e"),
        "empid" : 123,
        "ename" : "kishori",
        "skills" : [
                "java",
                "python",
                "mongodb",
                "spring boot",
                "hibernate"
        ],
        "joining_dt" : ISODate("2000-04-27T00:00:00Z"),
        "dept" : {
                "deptno" : 11,
                "dname" : "hr",
                "dloc" : "pune"
        },
        "experience" : [
                {
                        "name" : "hsbc",
                        "years" : 3
                },
                {
                        "name" : "igate",
                        "years" : 4
                },
                {
                        "name" : "Capgemini",
                        "years" : 5
                }
        ],
        "maritalStatus" : null
}
{
        "_id" : ObjectId("60f1301248242d5ac4913298"),
        "empno" : 100,
        "ename" : "xxxx"
}
{
        "_id" : ObjectId("60f1301248242d5ac4913299"),
        "empno" : 12,
        "ename" : "rrrr"
}
> db.employee.deleteOne({name:'kishori'})
{ "acknowledged" : true, "deletedCount" : 0 }
> db.employee.deleteOne({ename:'kishori'})
{ "acknowledged" : true, "deletedCount" : 1 }
> db.employee.find().pretty()
{
        "_id" : ObjectId("60efe8d248242d5ac491328e"),
        "empid" : 123,
        "ename" : "kishori",
        "skills" : [
                "java",
                "python",
                "mongodb",
                "spring boot",
                "hibernate"
        ],
        "joining_dt" : ISODate("2000-04-27T00:00:00Z"),
        "dept" : {
                "deptno" : 11,
                "dname" : "hr",
                "dloc" : "pune"
        },
        "experience" : [
                {
                        "name" : "hsbc",
                        "years" : 3
                },
                {
                        "name" : "igate",
                        "years" : 4
                },
                {
                        "name" : "Capgemini",
                        "years" : 5
                }
        ],
        "maritalStatus" : null
}
{
        "_id" : ObjectId("60f1301248242d5ac4913298"),
        "empno" : 100,
        "ename" : "xxxx"
}
{
        "_id" : ObjectId("60f1301248242d5ac4913299"),
        "empno" : 12,
        "ename" : "rrrr"
}
> db.restaurent.find().limit(1).pretty()
{
        "_id" : ObjectId("60efdd763a382f012ce8a13e"),
        "address" : {
                "building" : "469",
                "coord" : [
                        -73.961704,
                        40.662942
                ],
                "street" : "Flatbush Avenue",
                "zipcode" : "11225"
        },
        "borough" : "Brooklyn",
        "cuisine" : "Hamburgers",
        "grades" : [
                {
                        "date" : ISODate("2014-12-30T00:00:00Z"),
                        "grade" : "A",
                        "score" : 8
                },
                {
                        "date" : ISODate("2014-07-01T00:00:00Z"),
                        "grade" : "B",
                        "score" : 23
                },
                {
                        "date" : ISODate("2013-04-30T00:00:00Z"),
                        "grade" : "A",
                        "score" : 12
                },
                {
                        "date" : ISODate("2012-05-08T00:00:00Z"),
                        "grade" : "A",
                        "score" : 12
                }
        ],
        "name" : "Wendy'S",
        "restaurant_id" : "30112340"
}
> db.restaurent.find({},{name:1,borough:1,cuisine:1,'adress.zipcode':1})
{ "_id" : ObjectId("60efdd763a382f012ce8a13e"), "borough" : "Brooklyn", "cuisine" : "Hamburgers", "name" : "Wendy'S" }
{ "_id" : ObjectId("60efdd763a382f012ce8a13f"), "borough" : "Queens", "cuisine" : "Jewish/Kosher", "name" : "Tov Kosher Kitchen" }
{ "_id" : ObjectId("60efdd763a382f012ce8a140"), "borough" : "Queens", "cuisine" : "American", "name" : "Brunos On The Boulevard" }
{ "_id" : ObjectId("60efdd763a382f012ce8a141"), "borough" : "Brooklyn", "cuisine" : "Chinese", "name" : "May May Kitchen" }
{ "_id" : ObjectId("60efdd763a382f012ce8a142"), "borough" : "Brooklyn", "cuisine" : "Jewish/Kosher", "name" : "Seuda Foods" }
{ "_id" : ObjectId("60efdd763a382f012ce8a143"), "borough" : "Staten Island", "cuisine" : "Jewish/Kosher", "name" : "Kosher Island" }
{ "_id" : ObjectId("60efdd763a382f012ce8a144"), "borough" : "Queens", "cuisine" : "Ice Cream, Gelato, Yogurt, Ices", "name" : "Carvel Ice Cream" }
{ "_id" : ObjectId("60efdd763a382f012ce8a145"), "borough" : "Brooklyn", "cuisine" : "Delicatessen", "name" : "Wilken'S Fine Food" }
{ "_id" : ObjectId("60efdd763a382f012ce8a146"), "borough" : "Brooklyn", "cuisine" : "Delicatessen", "name" : "Nordic Delicacies" }
{ "_id" : ObjectId("60efdd763a382f012ce8a147"), "borough" : "Manhattan", "cuisine" : "American", "name" : "Glorious Food" }
{ "_id" : ObjectId("60efdd763a382f012ce8a148"), "borough" : "Brooklyn", "cuisine" : "Ice Cream, Gelato, Yogurt, Ices", "name" : "Taste The Tropics Ice Cream" }
{ "_id" : ObjectId("60efdd763a382f012ce8a149"), "borough" : "Brooklyn", "cuisine" : "American", "name" : "The Movable Feast" }
{ "_id" : ObjectId("60efdd763a382f012ce8a14a"), "borough" : "Queens", "cuisine" : "Delicatessen", "name" : "Sal'S Deli" }
{ "_id" : ObjectId("60efdd763a382f012ce8a14b"), "borough" : "Manhattan", "cuisine" : "Delicatessen", "name" : "Bully'S Deli" }
{ "_id" : ObjectId("60efdd763a382f012ce8a14c"), "borough" : "Bronx", "cuisine" : "American", "name" : "Wild Asia" }
{ "_id" : ObjectId("60efdd763a382f012ce8a14d"), "borough" : "Manhattan", "cuisine" : "Chicken", "name" : "Harriet'S Kitchen" }
{ "_id" : ObjectId("60efdd763a382f012ce8a14e"), "borough" : "Bronx", "cuisine" : "Bakery", "name" : "Morris Park Bake Shop" }
{ "_id" : ObjectId("60efdd763a382f012ce8a14f"), "borough" : "Brooklyn", "cuisine" : "American", "name" : "C & C Catering Service" }
{ "_id" : ObjectId("60efdd763a382f012ce8a150"), "borough" : "Brooklyn", "cuisine" : "Hamburgers", "name" : "White Castle" }
{ "_id" : ObjectId("60efdd763a382f012ce8a151"), "borough" : "Manhattan", "cuisine" : "American", "name" : "Angelika Film Center" }
Type "it" for more
> db.restaurent.find({},{name:1,borough:1,cuisine:1,'adress.zipcode':1,_id:0}).pretty()
{ "borough" : "Brooklyn", "cuisine" : "Hamburgers", "name" : "Wendy'S" }
{
        "borough" : "Queens",
        "cuisine" : "Jewish/Kosher",
        "name" : "Tov Kosher Kitchen"
}
{
        "borough" : "Queens",
        "cuisine" : "American",
        "name" : "Brunos On The Boulevard"
}
{
        "borough" : "Brooklyn",
        "cuisine" : "Chinese",
        "name" : "May May Kitchen"
}
{
        "borough" : "Brooklyn",
        "cuisine" : "Jewish/Kosher",
        "name" : "Seuda Foods"
}
{
        "borough" : "Staten Island",
        "cuisine" : "Jewish/Kosher",
        "name" : "Kosher Island"
}
{
        "borough" : "Queens",
        "cuisine" : "Ice Cream, Gelato, Yogurt, Ices",
        "name" : "Carvel Ice Cream"
}
{
        "borough" : "Brooklyn",
        "cuisine" : "Delicatessen",
        "name" : "Wilken'S Fine Food"
}
{
        "borough" : "Brooklyn",
        "cuisine" : "Delicatessen",
        "name" : "Nordic Delicacies"
}
{
        "borough" : "Manhattan",
        "cuisine" : "American",
        "name" : "Glorious Food"
}
{
        "borough" : "Brooklyn",
        "cuisine" : "Ice Cream, Gelato, Yogurt, Ices",
        "name" : "Taste The Tropics Ice Cream"
}
{
        "borough" : "Brooklyn",
        "cuisine" : "American",
        "name" : "The Movable Feast"
}
{ "borough" : "Queens", "cuisine" : "Delicatessen", "name" : "Sal'S Deli" }
{
        "borough" : "Manhattan",
        "cuisine" : "Delicatessen",
        "name" : "Bully'S Deli"
}
{ "borough" : "Bronx", "cuisine" : "American", "name" : "Wild Asia" }
{
        "borough" : "Manhattan",
        "cuisine" : "Chicken",
        "name" : "Harriet'S Kitchen"
}
{
        "borough" : "Bronx",
        "cuisine" : "Bakery",
        "name" : "Morris Park Bake Shop"
}
{
        "borough" : "Brooklyn",
        "cuisine" : "American",
        "name" : "C & C Catering Service"
}
{
        "borough" : "Brooklyn",
        "cuisine" : "Hamburgers",
        "name" : "White Castle"
}
{
        "borough" : "Manhattan",
        "cuisine" : "American",
        "name" : "Angelika Film Center"
}
Type "it" for more
> it
{
        "borough" : "Manhattan",
        "cuisine" : "Turkish",
        "name" : "The Country Cafe"
}
{
        "borough" : "Queens",
        "cuisine" : "Chinese",
        "name" : "Ho Mei Restaurant"
}
{
        "borough" : "Manhattan",
        "cuisine" : "Irish",
        "name" : "Dj Reynolds Pub And Restaurant"
}
{
        "borough" : "Queens",
        "cuisine" : "Delicatessen",
        "name" : "Steve Chu'S Deli & Grocery"
}
{
        "borough" : "Brooklyn",
        "cuisine" : "American",
        "name" : "Regina Caterers"
}
{
        "borough" : "Manhattan",
        "cuisine" : "American",
        "name" : "P & S Deli Grocery"
}
{
        "borough" : "Manhattan",
        "cuisine" : "American",
        "name" : "1 East 66Th Street Kitchen"
}
{
        "borough" : "Brooklyn",
        "cuisine" : "American",
        "name" : "Riviera Caterer"
}
{
        "borough" : "Brooklyn",
        "cuisine" : "Ice Cream, Gelato, Yogurt, Ices",
        "name" : "Carvel Ice Cream"
}
{
        "borough" : "Brooklyn",
        "cuisine" : "Caribbean",
        "name" : "Shashemene Int'L Restaura"
}
{
        "borough" : "Manhattan",
        "cuisine" : "American",
        "name" : "Downtown Deli"
}
{ "borough" : "Bronx", "cuisine" : "Chinese", "name" : "Happy Garden" }
{ "borough" : "Brooklyn", "cuisine" : "Donuts", "name" : "Dunkin' Donuts" }
{
        "borough" : "Bronx",
        "cuisine" : "Ice Cream, Gelato, Yogurt, Ices",
        "name" : "Carvel Ice Cream"
}
{
        "borough" : "Brooklyn",
        "cuisine" : "American",
        "name" : "Mejlander & Mulgannon"
}
{ "borough" : "Manhattan", "cuisine" : "Bakery", "name" : "Olive'S" }
{ "borough" : "Manhattan", "cuisine" : "American", "name" : "Cafe Metro" }
{
        "borough" : "Staten Island",
        "cuisine" : "Delicatessen",
        "name" : "Bagels N Buns"
}
{
        "borough" : "Manhattan",
        "cuisine" : "Sandwiches/Salads/Mixed Buffet",
        "name" : "Lexler Deli"
}
{ "borough" : "Queens", "cuisine" : "Delicatessen", "name" : "Tony'S Deli" }
Type "it" for more
> it
{
        "borough" : "Queens",
        "cuisine" : "Bagels/Pretzels",
        "name" : "Hot Bagels"
}
{
        "borough" : "Manhattan",
        "cuisine" : "Continental",
        "name" : "Lorenzo & Maria'S"
}
{
        "borough" : "Queens",
        "cuisine" : "American",
        "name" : "Snack Time Grill"
}
{ "borough" : "Brooklyn", "cuisine" : "American", "name" : "Sonny'S Heros" }
{ "borough" : "Manhattan", "cuisine" : "American", "name" : "Berkely" }
{ "borough" : "Manhattan", "cuisine" : "Pizza", "name" : "Domino'S Pizza" }
{
        "borough" : "Brooklyn",
        "cuisine" : "Chinese",
        "name" : "Golden Pavillion"
}
{ "borough" : "Manhattan", "cuisine" : "Pizza", "name" : "Domino'S Pizza" }
{
        "borough" : "Manhattan",
        "cuisine" : "American",
        "name" : "Spoon Bread Catering"
}
{
        "borough" : "Brooklyn",
        "cuisine" : "Jewish/Kosher",
        "name" : "Kosher Bagel Hole"
}
{ "borough" : "Bronx", "cuisine" : "Chinese", "name" : "Happy Garden" }
{
        "borough" : "Queens",
        "cuisine" : "American",
        "name" : "Terminal Cafe/Yankee Clipper"
}
{
        "borough" : "Staten Island",
        "cuisine" : "Delicatessen",
        "name" : "Plaza Bagels & Deli"
}
{
        "borough" : "Brooklyn",
        "cuisine" : "Italian",
        "name" : "Philadelhia Grille Express"
}
{ "borough" : "Manhattan", "cuisine" : "American", "name" : "21 Club" }
{
        "borough" : "Manhattan",
        "cuisine" : "Chicken",
        "name" : "Texas Rotisserie"
}
{
        "borough" : "Staten Island",
        "cuisine" : "Delicatessen",
        "name" : "B & M Hot Bagel & Grocery"
}
{
        "borough" : "Brooklyn",
        "cuisine" : "Steak",
        "name" : "Peter Luger Steakhouse"
}
{ "borough" : "Bronx", "cuisine" : "American", "name" : "Manhem Club" }
{
        "borough" : "Manhattan",
        "cuisine" : "American",
        "name" : "Palm Restaurant"
}
Type "it" for more
> db.restaurent.find({},{name:1,borough:1,cuisine:1,'adress.zipcode':1,_id:0}).count()
25359
> db.restaurent.find({},{name:1,borough:1,cuisine:1,'adress.zipcode':1,_id:0}).skip(19000).limit(2).count()
25359
> db.restaurent.find({},{name:1,borough:1,cuisine:1,'adress.zipcode':1,_id:0}).skip(19000).limit(2).pretty()
{
        "borough" : "Manhattan",
        "cuisine" : "Japanese",
        "name" : "Greenbay Sushi"
}
{
        "borough" : "Bronx",
        "cuisine" : "Mexican",
        "name" : "Riky & Sepi Sport Cafe"
}
> db.restaurent.find({},{name:1,borough:1,cuisine:1,'address.zipcode':1,_id:0}).skip(19000).limit(2).pretty()
{
        "address" : {
                "zipcode" : "10028"
        },
        "borough" : "Manhattan",
        "cuisine" : "Japanese",
        "name" : "Greenbay Sushi"
}
{
        "address" : {
                "zipcode" : "10457"
        },
        "borough" : "Bronx",
        "cuisine" : "Mexican",
        "name" : "Riky & Sepi Sport Cafe"
}
> db.restaurent.find({},{name:1,borough:1,cuisine:1,'address.zipcode':1,_id:0}).skip(19000).limit(2)sort({name:1}).pretty()
2021-07-16T12:57:52.220+0530 E  QUERY    [js] SyntaxError: unexpected token: identifier :
@(shell):1:98
> db.restaurent.find({},{name:1,borough:1,cuisine:1,'address.zipcode':1,_id:0}).skip(19000).limit(2).sort({name:1}).pretty()
{
        "address" : {
                "zipcode" : "10039"
        },
        "borough" : "Manhattan",
        "cuisine" : "Juice, Smoothies, Fruit Salads",
        "name" : "Reggae Sun Delights Natural Juice Bar"
}
{
        "address" : {
                "zipcode" : "11223"
        },
        "borough" : "Brooklyn",
        "cuisine" : "Café/Coffee/Tea",
        "name" : "Reggi'S Cafe"
}
> db.restaurent.find({},{name:1,borough:1,cuisine:1,'address.zipcode':1,_id:0}).sort({name:1}).pretty()
{
        "address" : {
                "zipcode" : "10034"
        },
        "borough" : "Manhattan",
        "cuisine" : "Other",
        "name" : ""
}
{
        "address" : {
                "zipcode" : "11231"
        },
        "borough" : "Brooklyn",
        "cuisine" : "Other",
        "name" : ""
}
{
        "address" : {
                "zipcode" : "10002"
        },
        "borough" : "Manhattan",
        "cuisine" : "Other",
        "name" : ""
}
{
        "address" : {
                "zipcode" : "11220"
        },
        "borough" : "Brooklyn",
        "cuisine" : "Other",
        "name" : ""
}
{
        "address" : {
                "zipcode" : "10462"
        },
        "borough" : "Bronx",
        "cuisine" : "Other",
        "name" : ""
}
{
        "address" : {
                "zipcode" : "11211"
        },
        "borough" : "Brooklyn",
        "cuisine" : "Other",
        "name" : ""
}
{
        "address" : {
                "zipcode" : "11232"
        },
        "borough" : "Brooklyn",
        "cuisine" : "Other",
        "name" : ""
}
{
        "address" : {
                "zipcode" : "11357"
        },
        "borough" : "Queens",
        "cuisine" : "Other",
        "name" : ""
}
{
        "address" : {
                "zipcode" : "10456"
        },
        "borough" : "Bronx",
        "cuisine" : "Other",
        "name" : ""
}
{
        "address" : {
                "zipcode" : "11214"
        },
        "borough" : "Brooklyn",
        "cuisine" : "Other",
        "name" : ""
}
{
        "address" : {
                "zipcode" : "10010"
        },
        "borough" : "Manhattan",
        "cuisine" : "Other",
        "name" : ""
}
{
        "address" : {
                "zipcode" : "11249"
        },
        "borough" : "Brooklyn",
        "cuisine" : "Other",
        "name" : ""
}
{
        "address" : {
                "zipcode" : "11223"
        },
        "borough" : "Brooklyn",
        "cuisine" : "Other",
        "name" : ""
}
{
        "address" : {
                "zipcode" : "11203"
        },
        "borough" : "Brooklyn",
        "cuisine" : "Other",
        "name" : ""
}
{
        "address" : {
                "zipcode" : "11201"
        },
        "borough" : "Brooklyn",
        "cuisine" : "Other",
        "name" : ""
}
{
        "address" : {
                "zipcode" : "10037"
        },
        "borough" : "Manhattan",
        "cuisine" : "Other",
        "name" : ""
}
{
        "address" : {
                "zipcode" : "10025"
        },
        "borough" : "Manhattan",
        "cuisine" : "Other",
        "name" : ""
}
{
        "address" : {
                "zipcode" : "10029"
        },
        "borough" : "Manhattan",
        "cuisine" : "Other",
        "name" : ""
}
{
        "address" : {
                "zipcode" : "11368"
        },
        "borough" : "Queens",
        "cuisine" : "Other",
        "name" : ""
}
{
        "address" : {
                "zipcode" : "10019"
        },
        "borough" : "Manhattan",
        "cuisine" : "Other",
        "name" : ""
}
Type "it" for more
> db.restaurent.find({},{name:1,borough:1,cuisine:1,'address.zipcode':1,_id:0}).skip(1000).sort({name:1}).pretty()
{
        "address" : {
                "zipcode" : "10027"
        },
        "borough" : "Manhattan",
        "cuisine" : "American",
        "name" : "American Legion Veterans Post"
}
{
        "address" : {
                "zipcode" : "10024"
        },
        "borough" : "Manhattan",
        "cuisine" : "American",
        "name" : "American Museum Of Natural History Food Court"
}
{
        "address" : {
                "zipcode" : "11106"
        },
        "borough" : "Queens",
        "cuisine" : "Café/Coffee/Tea",
        "name" : "American Museum Of The Moving Image"
}
{
        "address" : {
                "zipcode" : "10019"
        },
        "borough" : "Manhattan",
        "cuisine" : "American",
        "name" : "American Retro Bar & Grill"
}
{
        "address" : {
                "zipcode" : "10023"
        },
        "borough" : "Manhattan",
        "cuisine" : "Café/Coffee/Tea",
        "name" : "American Table Cafe And Bar"
}
{
        "address" : {
                "zipcode" : "10465"
        },
        "borough" : "Bronx",
        "cuisine" : "Armenian",
        "name" : "American Turners New York"
}
{
        "address" : {
                "zipcode" : "10001"
        },
        "borough" : "Manhattan",
        "cuisine" : "American",
        "name" : "American Whiskey"
}
{
        "address" : {
                "zipcode" : "10065"
        },
        "borough" : "Manhattan",
        "cuisine" : "American",
        "name" : "Americas Burger And Wraps"
}
{
        "address" : {
                "zipcode" : "11368"
        },
        "borough" : "Queens",
        "cuisine" : "Chinese/Cuban",
        "name" : "Americas Restorante"
}
{
        "address" : {
                "zipcode" : "10474"
        },
        "borough" : "Bronx",
        "cuisine" : "American",
        "name" : "Americo Food Market"
}
{
        "address" : {
                "zipcode" : "11368"
        },
        "borough" : "Queens",
        "cuisine" : "Other",
        "name" : "Amerivents Catering "
}
{
        "address" : {
                "zipcode" : "11377"
        },
        "borough" : "Queens",
        "cuisine" : "American",
        "name" : "Amf 34 Avenue Lanes"
}
{
        "address" : {
                "zipcode" : "10018"
        },
        "borough" : "Manhattan",
        "cuisine" : "American",
        "name" : "Amici 36"
}
{
        "address" : {
                "zipcode" : "10312"
        },
        "borough" : "Staten Island",
        "cuisine" : "Bakery",
        "name" : "Amici Bakery"
}
{
        "address" : {
                "zipcode" : "11385"
        },
        "borough" : "Queens",
        "cuisine" : "Café/Coffee/Tea",
        "name" : "Amici Bar"
}
{
        "address" : {
                "zipcode" : "10308"
        },
        "borough" : "Staten Island",
        "cuisine" : "Italian",
        "name" : "Amici Brick Oven Pizza"
}
{
        "address" : {
                "zipcode" : "11211"
        },
        "borough" : "Brooklyn",
        "cuisine" : "American",
        "name" : "Amici Cafe"
}
{
        "address" : {
                "zipcode" : "10013"
        },
        "borough" : "Manhattan",
        "cuisine" : "Italian",
        "name" : "Amici Ii"
}
{
        "address" : {
                "zipcode" : "10467"
        },
        "borough" : "Bronx",
        "cuisine" : "Pizza",
        "name" : "Amici Pizza And Pasta"
}
{
        "address" : {
                "zipcode" : "10309"
        },
        "borough" : "Staten Island",
        "cuisine" : "Italian",
        "name" : "Amici Pizzeria"
}
Type "it" for more
> db.restaurent.find().limit(1).pretty()
{
        "_id" : ObjectId("60efdd763a382f012ce8a13e"),
        "address" : {
                "building" : "469",
                "coord" : [
                        -73.961704,
                        40.662942
                ],
                "street" : "Flatbush Avenue",
                "zipcode" : "11225"
        },
        "borough" : "Brooklyn",
        "cuisine" : "Hamburgers",
        "grades" : [
                {
                        "date" : ISODate("2014-12-30T00:00:00Z"),
                        "grade" : "A",
                        "score" : 8
                },
                {
                        "date" : ISODate("2014-07-01T00:00:00Z"),
                        "grade" : "B",
                        "score" : 23
                },
                {
                        "date" : ISODate("2013-04-30T00:00:00Z"),
                        "grade" : "A",
                        "score" : 12
                },
                {
                        "date" : ISODate("2012-05-08T00:00:00Z"),
                        "grade" : "A",
                        "score" : 12
                }
        ],
        "name" : "Wendy'S",
        "restaurant_id" : "30112340"
}
> db.restaurent.findOne()
{
        "_id" : ObjectId("60efdd763a382f012ce8a13e"),
        "address" : {
                "building" : "469",
                "coord" : [
                        -73.961704,
                        40.662942
                ],
                "street" : "Flatbush Avenue",
                "zipcode" : "11225"
        },
        "borough" : "Brooklyn",
        "cuisine" : "Hamburgers",
        "grades" : [
                {
                        "date" : ISODate("2014-12-30T00:00:00Z"),
                        "grade" : "A",
                        "score" : 8
                },
                {
                        "date" : ISODate("2014-07-01T00:00:00Z"),
                        "grade" : "B",
                        "score" : 23
                },
                {
                        "date" : ISODate("2013-04-30T00:00:00Z"),
                        "grade" : "A",
                        "score" : 12
                },
                {
                        "date" : ISODate("2012-05-08T00:00:00Z"),
                        "grade" : "A",
                        "score" : 12
                }
        ],
        "name" : "Wendy'S",
        "restaurant_id" : "30112340"
}
> db.restaurent.find({'address.coord.1':{$lt:-65}})
> db.restaurent.find({'address.coord.0':{$lt:-65}})
{ "_id" : ObjectId("60efdd763a382f012ce8a13e"), "address" : { "building" : "469", "coord" : [ -73.961704, 40.662942 ], "street" : "Flatbush Avenue", "zipcode" : "11225" }, "borough" : "Brooklyn", "cuisine" : "Hamburgers", "grades" : [ { "date" : ISODate("2014-12-30T00:00:00Z"), "grade" : "A", "score" : 8 }, { "date" : ISODate("2014-07-01T00:00:00Z"), "grade" : "B", "score" : 23 }, { "date" : ISODate("2013-04-30T00:00:00Z"), "grade" : "A", "score" : 12 }, { "date" : ISODate("2012-05-08T00:00:00Z"), "grade" : "A", "score" : 12 } ], "name" : "Wendy'S", "restaurant_id" : "30112340" }
{ "_id" : ObjectId("60efdd763a382f012ce8a13f"), "address" : { "building" : "97-22", "coord" : [ -73.8601152, 40.7311739 ], "street" : "63 Road", "zipcode" : "11374" }, "borough" : "Queens", "cuisine" : "Jewish/Kosher", "grades" : [ { "date" : ISODate("2014-11-24T00:00:00Z"), "grade" : "Z", "score" : 20 }, { "date" : ISODate("2013-01-17T00:00:00Z"), "grade" : "A", "score" : 13 }, { "date" : ISODate("2012-08-02T00:00:00Z"), "grade" : "A", "score" : 13 }, { "date" : ISODate("2011-12-15T00:00:00Z"), "grade" : "B", "score" : 25 } ], "name" : "Tov Kosher Kitchen", "restaurant_id" : "40356068" }
{ "_id" : ObjectId("60efdd763a382f012ce8a140"), "address" : { "building" : "8825", "coord" : [ -73.8803827, 40.7643124 ], "street" : "Astoria Boulevard", "zipcode" : "11369" }, "borough" : "Queens", "cuisine" : "American", "grades" : [ { "date" : ISODate("2014-11-15T00:00:00Z"), "grade" : "Z", "score" : 38 }, { "date" : ISODate("2014-05-02T00:00:00Z"), "grade" : "A", "score" : 10 }, { "date" : ISODate("2013-03-02T00:00:00Z"), "grade" : "A", "score" : 7 }, { "date" : ISODate("2012-02-10T00:00:00Z"), "grade" : "A", "score" : 13 } ], "name" : "Brunos On The Boulevard", "restaurant_id" : "40356151" }
{ "_id" : ObjectId("60efdd763a382f012ce8a141"), "address" : { "building" : "1269", "coord" : [ -73.871194, 40.6730975 ], "street" : "Sutter Avenue", "zipcode" : "11208" }, "borough" : "Brooklyn", "cuisine" : "Chinese", "grades" : [ { "date" : ISODate("2014-09-16T00:00:00Z"), "grade" : "B", "score" : 21 }, { "date" : ISODate("2013-08-28T00:00:00Z"), "grade" : "A", "score" : 7 }, { "date" : ISODate("2013-04-02T00:00:00Z"), "grade" : "C", "score" : 56 }, { "date" : ISODate("2012-08-15T00:00:00Z"), "grade" : "B", "score" : 27 }, { "date" : ISODate("2012-03-28T00:00:00Z"), "grade" : "B", "score" : 27 } ], "name" : "May May Kitchen", "restaurant_id" : "40358429" }
{ "_id" : ObjectId("60efdd763a382f012ce8a142"), "address" : { "building" : "705", "coord" : [ -73.9653967, 40.6064339 ], "street" : "Kings Highway", "zipcode" : "11223" }, "borough" : "Brooklyn", "cuisine" : "Jewish/Kosher", "grades" : [ { "date" : ISODate("2014-11-10T00:00:00Z"), "grade" : "A", "score" : 11 }, { "date" : ISODate("2013-10-10T00:00:00Z"), "grade" : "A", "score" : 13 }, { "date" : ISODate("2012-10-04T00:00:00Z"), "grade" : "A", "score" : 7 }, { "date" : ISODate("2012-05-21T00:00:00Z"), "grade" : "A", "score" : 9 }, { "date" : ISODate("2011-12-30T00:00:00Z"), "grade" : "B", "score" : 19 } ], "name" : "Seuda Foods", "restaurant_id" : "40360045" }
{ "_id" : ObjectId("60efdd763a382f012ce8a143"), "address" : { "building" : "2206", "coord" : [ -74.1377286, 40.6119572 ], "street" : "Victory Boulevard", "zipcode" : "10314" }, "borough" : "Staten Island", "cuisine" : "Jewish/Kosher", "grades" : [ { "date" : ISODate("2014-10-06T00:00:00Z"), "grade" : "A", "score" : 9 }, { "date" : ISODate("2014-05-20T00:00:00Z"), "grade" : "A", "score" : 12 }, { "date" : ISODate("2013-04-04T00:00:00Z"), "grade" : "A", "score" : 12 }, { "date" : ISODate("2012-01-24T00:00:00Z"), "grade" : "A", "score" : 9 } ], "name" : "Kosher Island", "restaurant_id" : "40356442" }
{ "_id" : ObjectId("60efdd763a382f012ce8a144"), "address" : { "building" : "265-15", "coord" : [ -73.7032601, 40.7386417 ], "street" : "Hillside Avenue", "zipcode" : "11004" }, "borough" : "Queens", "cuisine" : "Ice Cream, Gelato, Yogurt, Ices", "grades" : [ { "date" : ISODate("2014-10-28T00:00:00Z"), "grade" : "A", "score" : 9 }, { "date" : ISODate("2013-09-18T00:00:00Z"), "grade" : "A", "score" : 10 }, { "date" : ISODate("2012-09-20T00:00:00Z"), "grade" : "A", "score" : 13 } ], "name" : "Carvel Ice Cream", "restaurant_id" : "40361322" }
{ "_id" : ObjectId("60efdd763a382f012ce8a145"), "address" : { "building" : "7114", "coord" : [ -73.9068506, 40.6199034 ], "street" : "Avenue U", "zipcode" : "11234" }, "borough" : "Brooklyn", "cuisine" : "Delicatessen", "grades" : [ { "date" : ISODate("2014-05-29T00:00:00Z"), "grade" : "A", "score" : 10 }, { "date" : ISODate("2014-01-14T00:00:00Z"), "grade" : "A", "score" : 10 }, { "date" : ISODate("2013-08-03T00:00:00Z"), "grade" : "A", "score" : 8 }, { "date" : ISODate("2012-07-18T00:00:00Z"), "grade" : "A", "score" : 10 }, { "date" : ISODate("2012-03-09T00:00:00Z"), "grade" : "A", "score" : 13 }, { "date" : ISODate("2011-10-14T00:00:00Z"), "grade" : "A", "score" : 9 } ], "name" : "Wilken'S Fine Food", "restaurant_id" : "40356483" }
{ "_id" : ObjectId("60efdd763a382f012ce8a146"), "address" : { "building" : "6909", "coord" : [ -74.0259567, 40.6353674 ], "street" : "3 Avenue", "zipcode" : "11209" }, "borough" : "Brooklyn", "cuisine" : "Delicatessen", "grades" : [ { "date" : ISODate("2014-08-21T00:00:00Z"), "grade" : "A", "score" : 4 }, { "date" : ISODate("2014-03-05T00:00:00Z"), "grade" : "A", "score" : 3 }, { "date" : ISODate("2013-01-10T00:00:00Z"), "grade" : "A", "score" : 10 } ], "name" : "Nordic Delicacies", "restaurant_id" : "40361390" }
{ "_id" : ObjectId("60efdd763a382f012ce8a147"), "address" : { "building" : "522", "coord" : [ -73.95171, 40.767461 ], "street" : "East   74 Street", "zipcode" : "10021" }, "borough" : "Manhattan", "cuisine" : "American", "grades" : [ { "date" : ISODate("2014-09-02T00:00:00Z"), "grade" : "A", "score" : 12 }, { "date" : ISODate("2013-12-19T00:00:00Z"), "grade" : "B", "score" : 16 }, { "date" : ISODate("2013-05-28T00:00:00Z"), "grade" : "A", "score" : 9 }, { "date" : ISODate("2012-12-07T00:00:00Z"), "grade" : "A", "score" : 13 }, { "date" : ISODate("2012-03-29T00:00:00Z"), "grade" : "A", "score" : 11 } ], "name" : "Glorious Food", "restaurant_id" : "40361521" }
{ "_id" : ObjectId("60efdd763a382f012ce8a148"), "address" : { "building" : "1839", "coord" : [ -73.9482609, 40.6408271 ], "street" : "Nostrand Avenue", "zipcode" : "11226" }, "borough" : "Brooklyn", "cuisine" : "Ice Cream, Gelato, Yogurt, Ices", "grades" : [ { "date" : ISODate("2014-07-14T00:00:00Z"), "grade" : "A", "score" : 12 }, { "date" : ISODate("2013-07-10T00:00:00Z"), "grade" : "A", "score" : 8 }, { "date" : ISODate("2012-07-11T00:00:00Z"), "grade" : "A", "score" : 5 }, { "date" : ISODate("2012-02-23T00:00:00Z"), "grade" : "A", "score" : 8 } ], "name" : "Taste The Tropics Ice Cream", "restaurant_id" : "40356731" }
{ "_id" : ObjectId("60efdd763a382f012ce8a149"), "address" : { "building" : "284", "coord" : [ -73.9829239, 40.6580753 ], "street" : "Prospect Park West", "zipcode" : "11215" }, "borough" : "Brooklyn", "cuisine" : "American", "grades" : [ { "date" : ISODate("2014-11-19T00:00:00Z"), "grade" : "A", "score" : 11 }, { "date" : ISODate("2013-11-14T00:00:00Z"), "grade" : "A", "score" : 2 }, { "date" : ISODate("2012-12-05T00:00:00Z"), "grade" : "A", "score" : 13 }, { "date" : ISODate("2012-05-17T00:00:00Z"), "grade" : "A", "score" : 11 } ], "name" : "The Movable Feast", "restaurant_id" : "40361606" }
{ "_id" : ObjectId("60efdd763a382f012ce8a14a"), "address" : { "building" : "129-08", "coord" : [ -73.839297, 40.78147 ], "street" : "20 Avenue", "zipcode" : "11356" }, "borough" : "Queens", "cuisine" : "Delicatessen", "grades" : [ { "date" : ISODate("2014-08-16T00:00:00Z"), "grade" : "A", "score" : 12 }, { "date" : ISODate("2013-08-27T00:00:00Z"), "grade" : "A", "score" : 9 }, { "date" : ISODate("2012-09-20T00:00:00Z"), "grade" : "A", "score" : 7 }, { "date" : ISODate("2011-09-29T00:00:00Z"), "grade" : "A", "score" : 10 } ], "name" : "Sal'S Deli", "restaurant_id" : "40361618" }
{ "_id" : ObjectId("60efdd763a382f012ce8a14b"), "address" : { "building" : "759", "coord" : [ -73.9925306, 40.7309346 ], "street" : "Broadway", "zipcode" : "10003" }, "borough" : "Manhattan", "cuisine" : "Delicatessen", "grades" : [ { "date" : ISODate("2014-01-21T00:00:00Z"), "grade" : "A", "score" : 12 }, { "date" : ISODate("2013-01-04T00:00:00Z"), "grade" : "A", "score" : 11 }, { "date" : ISODate("2012-06-07T00:00:00Z"), "grade" : "A", "score" : 6 }, { "date" : ISODate("2012-01-17T00:00:00Z"), "grade" : "A", "score" : 8 } ], "name" : "Bully'S Deli", "restaurant_id" : "40361708" }
{ "_id" : ObjectId("60efdd763a382f012ce8a14c"), "address" : { "building" : "2300", "coord" : [ -73.8786113, 40.8502883 ], "street" : "Southern Boulevard", "zipcode" : "10460" }, "borough" : "Bronx", "cuisine" : "American", "grades" : [ { "date" : ISODate("2014-05-28T00:00:00Z"), "grade" : "A", "score" : 11 }, { "date" : ISODate("2013-06-19T00:00:00Z"), "grade" : "A", "score" : 4 }, { "date" : ISODate("2012-06-15T00:00:00Z"), "grade" : "A", "score" : 3 } ], "name" : "Wild Asia", "restaurant_id" : "40357217" }
{ "_id" : ObjectId("60efdd763a382f012ce8a14d"), "address" : { "building" : "502", "coord" : [ -73.976112, 40.786714 ], "street" : "Amsterdam Avenue", "zipcode" : "10024" }, "borough" : "Manhattan", "cuisine" : "Chicken", "grades" : [ { "date" : ISODate("2014-09-15T00:00:00Z"), "grade" : "A", "score" : 10 }, { "date" : ISODate("2014-03-04T00:00:00Z"), "grade" : "A", "score" : 13 }, { "date" : ISODate("2013-07-18T00:00:00Z"), "grade" : "A", "score" : 13 }, { "date" : ISODate("2013-01-09T00:00:00Z"), "grade" : "A", "score" : 11 }, { "date" : ISODate("2012-04-10T00:00:00Z"), "grade" : "A", "score" : 10 }, { "date" : ISODate("2011-11-15T00:00:00Z"), "grade" : "A", "score" : 7 } ], "name" : "Harriet'S Kitchen", "restaurant_id" : "40362098" }
{ "_id" : ObjectId("60efdd763a382f012ce8a14e"), "address" : { "building" : "1007", "coord" : [ -73.856077, 40.848447 ], "street" : "Morris Park Ave", "zipcode" : "10462" }, "borough" : "Bronx", "cuisine" : "Bakery", "grades" : [ { "date" : ISODate("2014-03-03T00:00:00Z"), "grade" : "A", "score" : 2 }, { "date" : ISODate("2013-09-11T00:00:00Z"), "grade" : "A", "score" : 6 }, { "date" : ISODate("2013-01-24T00:00:00Z"), "grade" : "A", "score" : 10 }, { "date" : ISODate("2011-11-23T00:00:00Z"), "grade" : "A", "score" : 9 }, { "date" : ISODate("2011-03-10T00:00:00Z"), "grade" : "B", "score" : 14 } ], "name" : "Morris Park Bake Shop", "restaurant_id" : "30075445" }
{ "_id" : ObjectId("60efdd763a382f012ce8a14f"), "address" : { "building" : "7715", "coord" : [ -73.9973325, 40.61174889999999 ], "street" : "18 Avenue", "zipcode" : "11214" }, "borough" : "Brooklyn", "cuisine" : "American", "grades" : [ { "date" : ISODate("2014-04-16T00:00:00Z"), "grade" : "A", "score" : 5 }, { "date" : ISODate("2013-04-23T00:00:00Z"), "grade" : "A", "score" : 2 }, { "date" : ISODate("2012-04-24T00:00:00Z"), "grade" : "A", "score" : 5 }, { "date" : ISODate("2011-12-16T00:00:00Z"), "grade" : "A", "score" : 2 } ], "name" : "C & C Catering Service", "restaurant_id" : "40357437" }
{ "_id" : ObjectId("60efdd763a382f012ce8a150"), "address" : { "building" : "531", "coord" : [ -73.9634876, 40.6940001 ], "street" : "Myrtle Avenue", "zipcode" : "11205" }, "borough" : "Brooklyn", "cuisine" : "Hamburgers", "grades" : [ { "date" : ISODate("2014-03-18T00:00:00Z"), "grade" : "A", "score" : 8 }, { "date" : ISODate("2013-03-18T00:00:00Z"), "grade" : "A", "score" : 8 }, { "date" : ISODate("2012-10-10T00:00:00Z"), "grade" : "A", "score" : 7 }, { "date" : ISODate("2011-09-22T00:00:00Z"), "grade" : "A", "score" : 2 } ], "name" : "White Castle", "restaurant_id" : "40362344" }
{ "_id" : ObjectId("60efdd763a382f012ce8a151"), "address" : { "building" : "18", "coord" : [ -73.996984, 40.72589 ], "street" : "West Houston Street", "zipcode" : "10012" }, "borough" : "Manhattan", "cuisine" : "American", "grades" : [ { "date" : ISODate("2014-04-03T00:00:00Z"), "grade" : "A", "score" : 9 }, { "date" : ISODate("2013-04-05T00:00:00Z"), "grade" : "A", "score" : 4 }, { "date" : ISODate("2012-03-21T00:00:00Z"), "grade" : "A", "score" : 13 }, { "date" : ISODate("2011-04-27T00:00:00Z"), "grade" : "A", "score" : 5 } ], "name" : "Angelika Film Center", "restaurant_id" : "40362274" }
Type "it" for more
> db.restaurent.find({'address.coord.0':{$lt:-65}}).pretty()
{
        "_id" : ObjectId("60efdd763a382f012ce8a13e"),
        "address" : {
                "building" : "469",
                "coord" : [
                        -73.961704,
                        40.662942
                ],
                "street" : "Flatbush Avenue",
                "zipcode" : "11225"
        },
        "borough" : "Brooklyn",
        "cuisine" : "Hamburgers",
        "grades" : [
                {
                        "date" : ISODate("2014-12-30T00:00:00Z"),
                        "grade" : "A",
                        "score" : 8
                },
                {
                        "date" : ISODate("2014-07-01T00:00:00Z"),
                        "grade" : "B",
                        "score" : 23
                },
                {
                        "date" : ISODate("2013-04-30T00:00:00Z"),
                        "grade" : "A",
                        "score" : 12
                },
                {
                        "date" : ISODate("2012-05-08T00:00:00Z"),
                        "grade" : "A",
                        "score" : 12
                }
        ],
        "name" : "Wendy'S",
        "restaurant_id" : "30112340"
}
{
        "_id" : ObjectId("60efdd763a382f012ce8a13f"),
        "address" : {
                "building" : "97-22",
                "coord" : [
                        -73.8601152,
                        40.7311739
                ],
                "street" : "63 Road",
                "zipcode" : "11374"
        },
        "borough" : "Queens",
        "cuisine" : "Jewish/Kosher",
        "grades" : [
                {
                        "date" : ISODate("2014-11-24T00:00:00Z"),
                        "grade" : "Z",
                        "score" : 20
                },
                {
                        "date" : ISODate("2013-01-17T00:00:00Z"),
                        "grade" : "A",
                        "score" : 13
                },
                {
                        "date" : ISODate("2012-08-02T00:00:00Z"),
                        "grade" : "A",
                        "score" : 13
                },
                {
                        "date" : ISODate("2011-12-15T00:00:00Z"),
                        "grade" : "B",
                        "score" : 25
                }
        ],
        "name" : "Tov Kosher Kitchen",
        "restaurant_id" : "40356068"
}
{
        "_id" : ObjectId("60efdd763a382f012ce8a140"),
        "address" : {
                "building" : "8825",
                "coord" : [
                        -73.8803827,
                        40.7643124
                ],
                "street" : "Astoria Boulevard",
                "zipcode" : "11369"
        },
        "borough" : "Queens",
        "cuisine" : "American",
        "grades" : [
                {
                        "date" : ISODate("2014-11-15T00:00:00Z"),
                        "grade" : "Z",
                        "score" : 38
                },
                {
                        "date" : ISODate("2014-05-02T00:00:00Z"),
                        "grade" : "A",
                        "score" : 10
                },
                {
                        "date" : ISODate("2013-03-02T00:00:00Z"),
                        "grade" : "A",
                        "score" : 7
                },
                {
                        "date" : ISODate("2012-02-10T00:00:00Z"),
                        "grade" : "A",
                        "score" : 13
                }
        ],
        "name" : "Brunos On The Boulevard",
        "restaurant_id" : "40356151"
}
{
        "_id" : ObjectId("60efdd763a382f012ce8a141"),
        "address" : {
                "building" : "1269",
                "coord" : [
                        -73.871194,
                        40.6730975
                ],
                "street" : "Sutter Avenue",
                "zipcode" : "11208"
        },
        "borough" : "Brooklyn",
        "cuisine" : "Chinese",
        "grades" : [
                {
                        "date" : ISODate("2014-09-16T00:00:00Z"),
                        "grade" : "B",
                        "score" : 21
                },
                {
                        "date" : ISODate("2013-08-28T00:00:00Z"),
                        "grade" : "A",
                        "score" : 7
                },
                {
                        "date" : ISODate("2013-04-02T00:00:00Z"),
                        "grade" : "C",
                        "score" : 56
                },
                {
                        "date" : ISODate("2012-08-15T00:00:00Z"),
                        "grade" : "B",
                        "score" : 27
                },
                {
                        "date" : ISODate("2012-03-28T00:00:00Z"),
                        "grade" : "B",
                        "score" : 27
                }
        ],
        "name" : "May May Kitchen",
        "restaurant_id" : "40358429"
}
{
        "_id" : ObjectId("60efdd763a382f012ce8a142"),
        "address" : {
                "building" : "705",
                "coord" : [
                        -73.9653967,
                        40.6064339
                ],
                "street" : "Kings Highway",
                "zipcode" : "11223"
        },
        "borough" : "Brooklyn",
        "cuisine" : "Jewish/Kosher",
        "grades" : [
                {
                        "date" : ISODate("2014-11-10T00:00:00Z"),
                        "grade" : "A",
                        "score" : 11
                },
                {
                        "date" : ISODate("2013-10-10T00:00:00Z"),
                        "grade" : "A",
                        "score" : 13
                },
                {
                        "date" : ISODate("2012-10-04T00:00:00Z"),
                        "grade" : "A",
                        "score" : 7
                },
                {
                        "date" : ISODate("2012-05-21T00:00:00Z"),
                        "grade" : "A",
                        "score" : 9
                },
                {
                        "date" : ISODate("2011-12-30T00:00:00Z"),
                        "grade" : "B",
                        "score" : 19
                }
        ],
        "name" : "Seuda Foods",
        "restaurant_id" : "40360045"
}
{
        "_id" : ObjectId("60efdd763a382f012ce8a143"),
        "address" : {
                "building" : "2206",
                "coord" : [
                        -74.1377286,
                        40.6119572
                ],
                "street" : "Victory Boulevard",
                "zipcode" : "10314"
        },
        "borough" : "Staten Island",
        "cuisine" : "Jewish/Kosher",
        "grades" : [
                {
                        "date" : ISODate("2014-10-06T00:00:00Z"),
                        "grade" : "A",
                        "score" : 9
                },
                {
                        "date" : ISODate("2014-05-20T00:00:00Z"),
                        "grade" : "A",
                        "score" : 12
                },
                {
                        "date" : ISODate("2013-04-04T00:00:00Z"),
                        "grade" : "A",
                        "score" : 12
                },
                {
                        "date" : ISODate("2012-01-24T00:00:00Z"),
                        "grade" : "A",
                        "score" : 9
                }
        ],
        "name" : "Kosher Island",
        "restaurant_id" : "40356442"
}
{
        "_id" : ObjectId("60efdd763a382f012ce8a144"),
        "address" : {
                "building" : "265-15",
                "coord" : [
                        -73.7032601,
                        40.7386417
                ],
                "street" : "Hillside Avenue",
                "zipcode" : "11004"
        },
        "borough" : "Queens",
        "cuisine" : "Ice Cream, Gelato, Yogurt, Ices",
        "grades" : [
                {
                        "date" : ISODate("2014-10-28T00:00:00Z"),
                        "grade" : "A",
                        "score" : 9
                },
                {
                        "date" : ISODate("2013-09-18T00:00:00Z"),
                        "grade" : "A",
                        "score" : 10
                },
                {
                        "date" : ISODate("2012-09-20T00:00:00Z"),
                        "grade" : "A",
                        "score" : 13
                }
        ],
        "name" : "Carvel Ice Cream",
        "restaurant_id" : "40361322"
}
{
        "_id" : ObjectId("60efdd763a382f012ce8a145"),
        "address" : {
                "building" : "7114",
                "coord" : [
                        -73.9068506,
                        40.6199034
                ],
                "street" : "Avenue U",
                "zipcode" : "11234"
        },
        "borough" : "Brooklyn",
        "cuisine" : "Delicatessen",
        "grades" : [
                {
                        "date" : ISODate("2014-05-29T00:00:00Z"),
                        "grade" : "A",
                        "score" : 10
                },
                {
                        "date" : ISODate("2014-01-14T00:00:00Z"),
                        "grade" : "A",
                        "score" : 10
                },
                {
                        "date" : ISODate("2013-08-03T00:00:00Z"),
                        "grade" : "A",
                        "score" : 8
                },
                {
                        "date" : ISODate("2012-07-18T00:00:00Z"),
                        "grade" : "A",
                        "score" : 10
                },
                {
                        "date" : ISODate("2012-03-09T00:00:00Z"),
                        "grade" : "A",
                        "score" : 13
                },
                {
                        "date" : ISODate("2011-10-14T00:00:00Z"),
                        "grade" : "A",
                        "score" : 9
                }
        ],
        "name" : "Wilken'S Fine Food",
        "restaurant_id" : "40356483"
}
{
        "_id" : ObjectId("60efdd763a382f012ce8a146"),
        "address" : {
                "building" : "6909",
                "coord" : [
                        -74.0259567,
                        40.6353674
                ],
                "street" : "3 Avenue",
                "zipcode" : "11209"
        },
        "borough" : "Brooklyn",
        "cuisine" : "Delicatessen",
        "grades" : [
                {
                        "date" : ISODate("2014-08-21T00:00:00Z"),
                        "grade" : "A",
                        "score" : 4
                },
                {
                        "date" : ISODate("2014-03-05T00:00:00Z"),
                        "grade" : "A",
                        "score" : 3
                },
                {
                        "date" : ISODate("2013-01-10T00:00:00Z"),
                        "grade" : "A",
                        "score" : 10
                }
        ],
        "name" : "Nordic Delicacies",
        "restaurant_id" : "40361390"
}
{
        "_id" : ObjectId("60efdd763a382f012ce8a147"),
        "address" : {
                "building" : "522",
                "coord" : [
                        -73.95171,
                        40.767461
                ],
                "street" : "East   74 Street",
                "zipcode" : "10021"
        },
        "borough" : "Manhattan",
        "cuisine" : "American",
        "grades" : [
                {
                        "date" : ISODate("2014-09-02T00:00:00Z"),
                        "grade" : "A",
                        "score" : 12
                },
                {
                        "date" : ISODate("2013-12-19T00:00:00Z"),
                        "grade" : "B",
                        "score" : 16
                },
                {
                        "date" : ISODate("2013-05-28T00:00:00Z"),
                        "grade" : "A",
                        "score" : 9
                },
                {
                        "date" : ISODate("2012-12-07T00:00:00Z"),
                        "grade" : "A",
                        "score" : 13
                },
                {
                        "date" : ISODate("2012-03-29T00:00:00Z"),
                        "grade" : "A",
                        "score" : 11
                }
        ],
        "name" : "Glorious Food",
        "restaurant_id" : "40361521"
}
{
        "_id" : ObjectId("60efdd763a382f012ce8a148"),
        "address" : {
                "building" : "1839",
                "coord" : [
                        -73.9482609,
                        40.6408271
                ],
                "street" : "Nostrand Avenue",
                "zipcode" : "11226"
        },
        "borough" : "Brooklyn",
        "cuisine" : "Ice Cream, Gelato, Yogurt, Ices",
        "grades" : [
                {
                        "date" : ISODate("2014-07-14T00:00:00Z"),
                        "grade" : "A",
                        "score" : 12
                },
                {
                        "date" : ISODate("2013-07-10T00:00:00Z"),
                        "grade" : "A",
                        "score" : 8
                },
                {
                        "date" : ISODate("2012-07-11T00:00:00Z"),
                        "grade" : "A",
                        "score" : 5
                },
                {
                        "date" : ISODate("2012-02-23T00:00:00Z"),
                        "grade" : "A",
                        "score" : 8
                }
        ],
        "name" : "Taste The Tropics Ice Cream",
        "restaurant_id" : "40356731"
}
{
        "_id" : ObjectId("60efdd763a382f012ce8a149"),
        "address" : {
                "building" : "284",
                "coord" : [
                        -73.9829239,
                        40.6580753
                ],
                "street" : "Prospect Park West",
                "zipcode" : "11215"
        },
        "borough" : "Brooklyn",
        "cuisine" : "American",
        "grades" : [
                {
                        "date" : ISODate("2014-11-19T00:00:00Z"),
                        "grade" : "A",
                        "score" : 11
                },
                {
                        "date" : ISODate("2013-11-14T00:00:00Z"),
                        "grade" : "A",
                        "score" : 2
                },
                {
                        "date" : ISODate("2012-12-05T00:00:00Z"),
                        "grade" : "A",
                        "score" : 13
                },
                {
                        "date" : ISODate("2012-05-17T00:00:00Z"),
                        "grade" : "A",
                        "score" : 11
                }
        ],
        "name" : "The Movable Feast",
        "restaurant_id" : "40361606"
}
{
        "_id" : ObjectId("60efdd763a382f012ce8a14a"),
        "address" : {
                "building" : "129-08",
                "coord" : [
                        -73.839297,
                        40.78147
                ],
                "street" : "20 Avenue",
                "zipcode" : "11356"
        },
        "borough" : "Queens",
        "cuisine" : "Delicatessen",
        "grades" : [
                {
                        "date" : ISODate("2014-08-16T00:00:00Z"),
                        "grade" : "A",
                        "score" : 12
                },
                {
                        "date" : ISODate("2013-08-27T00:00:00Z"),
                        "grade" : "A",
                        "score" : 9
                },
                {
                        "date" : ISODate("2012-09-20T00:00:00Z"),
                        "grade" : "A",
                        "score" : 7
                },
                {
                        "date" : ISODate("2011-09-29T00:00:00Z"),
                        "grade" : "A",
                        "score" : 10
                }
        ],
        "name" : "Sal'S Deli",
        "restaurant_id" : "40361618"
}
{
        "_id" : ObjectId("60efdd763a382f012ce8a14b"),
        "address" : {
                "building" : "759",
                "coord" : [
                        -73.9925306,
                        40.7309346
                ],
                "street" : "Broadway",
                "zipcode" : "10003"
        },
        "borough" : "Manhattan",
        "cuisine" : "Delicatessen",
        "grades" : [
                {
                        "date" : ISODate("2014-01-21T00:00:00Z"),
                        "grade" : "A",
                        "score" : 12
                },
                {
                        "date" : ISODate("2013-01-04T00:00:00Z"),
                        "grade" : "A",
                        "score" : 11
                },
                {
                        "date" : ISODate("2012-06-07T00:00:00Z"),
                        "grade" : "A",
                        "score" : 6
                },
                {
                        "date" : ISODate("2012-01-17T00:00:00Z"),
                        "grade" : "A",
                        "score" : 8
                }
        ],
        "name" : "Bully'S Deli",
        "restaurant_id" : "40361708"
}
{
        "_id" : ObjectId("60efdd763a382f012ce8a14c"),
        "address" : {
                "building" : "2300",
                "coord" : [
                        -73.8786113,
                        40.8502883
                ],
                "street" : "Southern Boulevard",
                "zipcode" : "10460"
        },
        "borough" : "Bronx",
        "cuisine" : "American",
        "grades" : [
                {
                        "date" : ISODate("2014-05-28T00:00:00Z"),
                        "grade" : "A",
                        "score" : 11
                },
                {
                        "date" : ISODate("2013-06-19T00:00:00Z"),
                        "grade" : "A",
                        "score" : 4
                },
                {
                        "date" : ISODate("2012-06-15T00:00:00Z"),
                        "grade" : "A",
                        "score" : 3
                }
        ],
        "name" : "Wild Asia",
        "restaurant_id" : "40357217"
}
{
        "_id" : ObjectId("60efdd763a382f012ce8a14d"),
        "address" : {
                "building" : "502",
                "coord" : [
                        -73.976112,
                        40.786714
                ],
                "street" : "Amsterdam Avenue",
                "zipcode" : "10024"
        },
        "borough" : "Manhattan",
        "cuisine" : "Chicken",
        "grades" : [
                {
                        "date" : ISODate("2014-09-15T00:00:00Z"),
                        "grade" : "A",
                        "score" : 10
                },
                {
                        "date" : ISODate("2014-03-04T00:00:00Z"),
                        "grade" : "A",
                        "score" : 13
                },
                {
                        "date" : ISODate("2013-07-18T00:00:00Z"),
                        "grade" : "A",
                        "score" : 13
                },
                {
                        "date" : ISODate("2013-01-09T00:00:00Z"),
                        "grade" : "A",
                        "score" : 11
                },
                {
                        "date" : ISODate("2012-04-10T00:00:00Z"),
                        "grade" : "A",
                        "score" : 10
                },
                {
                        "date" : ISODate("2011-11-15T00:00:00Z"),
                        "grade" : "A",
                        "score" : 7
                }
        ],
        "name" : "Harriet'S Kitchen",
        "restaurant_id" : "40362098"
}
{
        "_id" : ObjectId("60efdd763a382f012ce8a14e"),
        "address" : {
                "building" : "1007",
                "coord" : [
                        -73.856077,
                        40.848447
                ],
                "street" : "Morris Park Ave",
                "zipcode" : "10462"
        },
        "borough" : "Bronx",
        "cuisine" : "Bakery",
        "grades" : [
                {
                        "date" : ISODate("2014-03-03T00:00:00Z"),
                        "grade" : "A",
                        "score" : 2
                },
                {
                        "date" : ISODate("2013-09-11T00:00:00Z"),
                        "grade" : "A",
                        "score" : 6
                },
                {
                        "date" : ISODate("2013-01-24T00:00:00Z"),
                        "grade" : "A",
                        "score" : 10
                },
                {
                        "date" : ISODate("2011-11-23T00:00:00Z"),
                        "grade" : "A",
                        "score" : 9
                },
                {
                        "date" : ISODate("2011-03-10T00:00:00Z"),
                        "grade" : "B",
                        "score" : 14
                }
        ],
        "name" : "Morris Park Bake Shop",
        "restaurant_id" : "30075445"
}
{
        "_id" : ObjectId("60efdd763a382f012ce8a14f"),
        "address" : {
                "building" : "7715",
                "coord" : [
                        -73.9973325,
                        40.61174889999999
                ],
                "street" : "18 Avenue",
                "zipcode" : "11214"
        },
        "borough" : "Brooklyn",
        "cuisine" : "American",
        "grades" : [
                {
                        "date" : ISODate("2014-04-16T00:00:00Z"),
                        "grade" : "A",
                        "score" : 5
                },
                {
                        "date" : ISODate("2013-04-23T00:00:00Z"),
                        "grade" : "A",
                        "score" : 2
                },
                {
                        "date" : ISODate("2012-04-24T00:00:00Z"),
                        "grade" : "A",
                        "score" : 5
                },
                {
                        "date" : ISODate("2011-12-16T00:00:00Z"),
                        "grade" : "A",
                        "score" : 2
                }
        ],
        "name" : "C & C Catering Service",
        "restaurant_id" : "40357437"
}
{
        "_id" : ObjectId("60efdd763a382f012ce8a150"),
        "address" : {
                "building" : "531",
                "coord" : [
                        -73.9634876,
                        40.6940001
                ],
                "street" : "Myrtle Avenue",
                "zipcode" : "11205"
        },
        "borough" : "Brooklyn",
        "cuisine" : "Hamburgers",
        "grades" : [
                {
                        "date" : ISODate("2014-03-18T00:00:00Z"),
                        "grade" : "A",
                        "score" : 8
                },
                {
                        "date" : ISODate("2013-03-18T00:00:00Z"),
                        "grade" : "A",
                        "score" : 8
                },
                {
                        "date" : ISODate("2012-10-10T00:00:00Z"),
                        "grade" : "A",
                        "score" : 7
                },
                {
                        "date" : ISODate("2011-09-22T00:00:00Z"),
                        "grade" : "A",
                        "score" : 2
                }
        ],
        "name" : "White Castle",
        "restaurant_id" : "40362344"
}
{
        "_id" : ObjectId("60efdd763a382f012ce8a151"),
        "address" : {
                "building" : "18",
                "coord" : [
                        -73.996984,
                        40.72589
                ],
                "street" : "West Houston Street",
                "zipcode" : "10012"
        },
        "borough" : "Manhattan",
        "cuisine" : "American",
        "grades" : [
                {
                        "date" : ISODate("2014-04-03T00:00:00Z"),
                        "grade" : "A",
                        "score" : 9
                },
                {
                        "date" : ISODate("2013-04-05T00:00:00Z"),
                        "grade" : "A",
                        "score" : 4
                },
                {
                        "date" : ISODate("2012-03-21T00:00:00Z"),
                        "grade" : "A",
                        "score" : 13
                },
                {
                        "date" : ISODate("2011-04-27T00:00:00Z"),
                        "grade" : "A",
                        "score" : 5
                }
        ],
        "name" : "Angelika Film Center",
        "restaurant_id" : "40362274"
}
Type "it" for more
> db.restaurent.find({'address.coord.0':{$lt:-65}}).count()
25342
> db.movie.find({name:/^kahani/})
{ "_id" : ObjectId("5aab6da4639395f86922a883"), "name" : "kahani 2", "ticket_no" : 820, "actor" : [ "vidya", "Arjun", "Jonny", "nawaz", "prasad", "Shreyas", "Jonny", "yash" ], "rating" : 5, "price" : 200 }
{ "_id" : ObjectId("5aaa31a2639395f86922a87e"), "name" : "kahani", "actor" : [ "aaaa", "bbbb", "karan", "karri", "vidya" ], "ticket_no" : 420, "price" : 200, "actors" : [ "bbbb" ], "rating" : 8, "lastmodified" : ISODate("2019-04-07T11:25:40.634Z") }
> db.movie.find({name:/^kahani/}).pretty()
{
        "_id" : ObjectId("5aab6da4639395f86922a883"),
        "name" : "kahani 2",
        "ticket_no" : 820,
        "actor" : [
                "vidya",
                "Arjun",
                "Jonny",
                "nawaz",
                "prasad",
                "Shreyas",
                "Jonny",
                "yash"
        ],
        "rating" : 5,
        "price" : 200
}
{
        "_id" : ObjectId("5aaa31a2639395f86922a87e"),
        "name" : "kahani",
        "actor" : [
                "aaaa",
                "bbbb",
                "karan",
                "karri",
                "vidya"
        ],
        "ticket_no" : 420,
        "price" : 200,
        "actors" : [
                "bbbb"
        ],
        "rating" : 8,
        "lastmodified" : ISODate("2019-04-07T11:25:40.634Z")
}
> db.movie.update({ name:/^kahani/},
...    {$inc:{price:100}},
... {multi:true})
WriteResult({ "nMatched" : 2, "nUpserted" : 0, "nModified" : 2 })
> db.movie.find({name:/^kahani/}).pretty()
{
        "_id" : ObjectId("5aab6da4639395f86922a883"),
        "name" : "kahani 2",
        "ticket_no" : 820,
        "actor" : [
                "vidya",
                "Arjun",
                "Jonny",
                "nawaz",
                "prasad",
                "Shreyas",
                "Jonny",
                "yash"
        ],
        "rating" : 5,
        "price" : 300
}
{
        "_id" : ObjectId("5aaa31a2639395f86922a87e"),
        "name" : "kahani",
        "actor" : [
                "aaaa",
                "bbbb",
                "karan",
                "karri",
                "vidya"
        ],
        "ticket_no" : 420,
        "price" : 300,
        "actors" : [
                "bbbb"
        ],
        "rating" : 8,
        "lastmodified" : ISODate("2019-04-07T11:25:40.634Z")
}
> db.movie.update({ name:/^kahani/},{$inc:{price:100}})
WriteResult({ "nMatched" : 1, "nUpserted" : 0, "nModified" : 1 })
> db.movie.find({name:/^kahani/}).pretty()
{
        "_id" : ObjectId("5aab6da4639395f86922a883"),
        "name" : "kahani 2",
        "ticket_no" : 820,
        "actor" : [
                "vidya",
                "Arjun",
                "Jonny",
                "nawaz",
                "prasad",
                "Shreyas",
                "Jonny",
                "yash"
        ],
        "rating" : 5,
        "price" : 400
}
{
        "_id" : ObjectId("5aaa31a2639395f86922a87e"),
        "name" : "kahani",
        "actor" : [
                "aaaa",
                "bbbb",
                "karan",
                "karri",
                "vidya"
        ],
        "ticket_no" : 420,
        "price" : 300,
        "actors" : [
                "bbbb"
        ],
        "rating" : 8,
        "lastmodified" : ISODate("2019-04-07T11:25:40.634Z")
}
> db.movie.updateOne({ name:/^kahani/},{$inc:{price:100}})
{ "acknowledged" : true, "matchedCount" : 1, "modifiedCount" : 1 }
> db.movie.find({name:/^kahani/}).pretty()
{
        "_id" : ObjectId("5aab6da4639395f86922a883"),
        "name" : "kahani 2",
        "ticket_no" : 820,
        "actor" : [
                "vidya",
                "Arjun",
                "Jonny",
                "nawaz",
                "prasad",
                "Shreyas",
                "Jonny",
                "yash"
        ],
        "rating" : 5,
        "price" : 500
}
{
        "_id" : ObjectId("5aaa31a2639395f86922a87e"),
        "name" : "kahani",
        "actor" : [
                "aaaa",
                "bbbb",
                "karan",
                "karri",
                "vidya"
        ],
        "ticket_no" : 420,
        "price" : 300,
        "actors" : [
                "bbbb"
        ],
        "rating" : 8,
        "lastmodified" : ISODate("2019-04-07T11:25:40.634Z")
}
> db.movie.updateMany({ name:/^kahani/},{$inc:{price:100}})
{ "acknowledged" : true, "matchedCount" : 2, "modifiedCount" : 2 }
> db.movie.find({name:/^kahani/}).pretty()
{
        "_id" : ObjectId("5aab6da4639395f86922a883"),
        "name" : "kahani 2",
        "ticket_no" : 820,
        "actor" : [
                "vidya",
                "Arjun",
                "Jonny",
                "nawaz",
                "prasad",
                "Shreyas",
                "Jonny",
                "yash"
        ],
        "rating" : 5,
        "price" : 600
}
{
        "_id" : ObjectId("5aaa31a2639395f86922a87e"),
        "name" : "kahani",
        "actor" : [
                "aaaa",
                "bbbb",
                "karan",
                "karri",
                "vidya"
        ],
        "ticket_no" : 420,
        "price" : 400,
        "actors" : [
                "bbbb"
        ],
        "rating" : 8,
        "lastmodified" : ISODate("2019-04-07T11:25:40.634Z")
}
> db.movie.find({rating:{$gt:4}},{name:1,rating:1,ticket_no})
2021-07-17T09:21:41.368+0530 E  QUERY    [js] ReferenceError: ticket_no is not defined :
@(shell):1:49
> db.movie.find({rating:{$gt:4}},{name:1,rating:1,ticket_no:1})
{ "_id" : ObjectId("5d6935a3470e2bef2a82cdfa"), "name" : "mission mangal", "rating" : 6 }
{ "_id" : ObjectId("5c8283789eb55675f0272933"), "name" : "uri", "rating" : 5 }
{ "_id" : ObjectId("5ca453ef2952ebdd7ae2a92f"), "name" : "Kesari", "rating" : 6, "ticket_no" : 270 }
{ "_id" : ObjectId("5aaa3334639395f86922a880"), "name" : "lagaan", "rating" : 6, "ticket_no" : 410 }
{ "_id" : ObjectId("5aab6da4639395f86922a883"), "name" : "kahani 2", "ticket_no" : 820, "rating" : 5 }
{ "_id" : ObjectId("5d89e9adfd4adc2f84279f43"), "name" : "chichore", "rating" : 4.3 }
{ "_id" : ObjectId("5aaa3334639395f86922a881"), "name" : "sholay", "rating" : 6, "ticket_no" : 550 }
{ "_id" : ObjectId("5aaa31a2639395f86922a87e"), "name" : "kahani", "ticket_no" : 420, "rating" : 8 }
> db.movie.update({rating:{$gt:4}},
... {$inc:{tickect_no:20}},
... {multi:true})
WriteResult({ "nMatched" : 8, "nUpserted" : 0, "nModified" : 8 })
> db.movie.find({rating:{$gt:4}},{name:1,rating:1,ticket_no:1})
{ "_id" : ObjectId("5d6935a3470e2bef2a82cdfa"), "name" : "mission mangal", "rating" : 6 }
{ "_id" : ObjectId("5c8283789eb55675f0272933"), "name" : "uri", "rating" : 5 }
{ "_id" : ObjectId("5ca453ef2952ebdd7ae2a92f"), "name" : "Kesari", "rating" : 6, "ticket_no" : 270 }
{ "_id" : ObjectId("5aaa3334639395f86922a880"), "name" : "lagaan", "rating" : 6, "ticket_no" : 410 }
{ "_id" : ObjectId("5aab6da4639395f86922a883"), "name" : "kahani 2", "ticket_no" : 820, "rating" : 5 }
{ "_id" : ObjectId("5d89e9adfd4adc2f84279f43"), "name" : "chichore", "rating" : 4.3 }
{ "_id" : ObjectId("5aaa3334639395f86922a881"), "name" : "sholay", "rating" : 6, "ticket_no" : 550 }
{ "_id" : ObjectId("5aaa31a2639395f86922a87e"), "name" : "kahani", "ticket_no" : 420, "rating" : 8 }
> db.movie.update({rating:{$gt:4}}, {$inc:{ticket_no:20}}, {multi:true})
WriteResult({ "nMatched" : 8, "nUpserted" : 0, "nModified" : 8 })
> db.movie.find({rating:{$gt:4}},{name:1,rating:1,ticket_no:1})
{ "_id" : ObjectId("5d6935a3470e2bef2a82cdfa"), "name" : "mission mangal", "rating" : 6, "ticket_no" : 20 }
{ "_id" : ObjectId("5c8283789eb55675f0272933"), "name" : "uri", "rating" : 5, "ticket_no" : 20 }
{ "_id" : ObjectId("5ca453ef2952ebdd7ae2a92f"), "name" : "Kesari", "rating" : 6, "ticket_no" : 290 }
{ "_id" : ObjectId("5aaa3334639395f86922a880"), "name" : "lagaan", "rating" : 6, "ticket_no" : 430 }
{ "_id" : ObjectId("5aab6da4639395f86922a883"), "name" : "kahani 2", "ticket_no" : 840, "rating" : 5 }
{ "_id" : ObjectId("5d89e9adfd4adc2f84279f43"), "name" : "chichore", "rating" : 4.3, "ticket_no" : 20 }
{ "_id" : ObjectId("5aaa3334639395f86922a881"), "name" : "sholay", "rating" : 6, "ticket_no" : 570 }
{ "_id" : ObjectId("5aaa31a2639395f86922a87e"), "name" : "kahani", "ticket_no" : 440, "rating" : 8 }
> db.movie.find({rating:{$gt:4}}).pretty()
{
        "_id" : ObjectId("5d6935a3470e2bef2a82cdfa"),
        "name" : "mission mangal",
        "price" : 350,
        "actor" : [
                "Sonakshi",
                "Vidya Balan"
        ],
        "rating" : 6,
        "tickect_no" : 20,
        "ticket_no" : 20
}
{
        "_id" : ObjectId("5c8283789eb55675f0272933"),
        "name" : "uri",
        "rating" : 5,
        "actor" : [
                "vicky kaushal",
                "yami",
                "Paresh Rawal"
        ],
        "tickect_no" : 20,
        "ticket_no" : 20
}
{
        "_id" : ObjectId("5ca453ef2952ebdd7ae2a92f"),
        "name" : "Kesari",
        "actor" : [
                "Akshay Kumar",
                "Pariniti chopra"
        ],
        "rating" : 6,
        "price" : 350,
        "ticket_no" : 290,
        "rdate" : ISODate("2019-01-23T00:00:00Z"),
        "tickect_no" : 20
}
{
        "_id" : ObjectId("5aaa3334639395f86922a880"),
        "name" : "lagaan",
        "actor" : [
                "amir",
                "angraz"
        ],
        "rating" : 6,
        "ticket_no" : 430,
        "price" : 350,
        "cancellation" : {
                "date" : Timestamp(1554356003, 1),
                "reason" : "user request"
        },
        "lastModified" : ISODate("2019-04-04T05:33:23.022Z"),
        "tickect_no" : 20
}
{
        "_id" : ObjectId("5aab6da4639395f86922a883"),
        "name" : "kahani 2",
        "ticket_no" : 840,
        "actor" : [
                "vidya",
                "Arjun",
                "Jonny",
                "nawaz",
                "prasad",
                "Shreyas",
                "Jonny",
                "yash"
        ],
        "rating" : 5,
        "price" : 600,
        "tickect_no" : 20
}
{
        "_id" : ObjectId("5d89e9adfd4adc2f84279f43"),
        "name" : "chichore",
        "price" : 274,
        "rating" : 4.3,
        "actor" : [
                "sushant",
                "shradha kapoor",
                "zzz",
                "harshal"
        ],
        "tickect_no" : 20,
        "ticket_no" : 20
}
{
        "_id" : ObjectId("5aaa3334639395f86922a881"),
        "name" : "sholay",
        "actor" : [
                "Dharamendra",
                "Amitabh",
                "Sachin Pilgaokar",
                "Dharamendra",
                "Dharamendra",
                "Mr. Khote",
                "jaya bacchan",
                "sanjiv kapoor"
        ],
        "rating" : 6,
        "ticket_no" : 570,
        "price" : 350,
        "position" : [
                2,
                2
        ],
        "tickect_no" : 20
}
{
        "_id" : ObjectId("5aaa31a2639395f86922a87e"),
        "name" : "kahani",
        "actor" : [
                "aaaa",
                "bbbb",
                "karan",
                "karri",
                "vidya"
        ],
        "ticket_no" : 440,
        "price" : 400,
        "actors" : [
                "bbbb"
        ],
        "rating" : 8,
        "lastmodified" : ISODate("2019-04-07T11:25:40.634Z"),
        "tickect_no" : 20
}
> db.movie.update({rating:{$gt:4}}, {$inc:{ticket_no:-10}}, {multi:true})
WriteResult({ "nMatched" : 8, "nUpserted" : 0, "nModified" : 8 })
> db.movie.find({rating:{$gt:4}}).pretty()
{
        "_id" : ObjectId("5d6935a3470e2bef2a82cdfa"),
        "name" : "mission mangal",
        "price" : 350,
        "actor" : [
                "Sonakshi",
                "Vidya Balan"
        ],
        "rating" : 6,
        "tickect_no" : 20,
        "ticket_no" : 10
}
{
        "_id" : ObjectId("5c8283789eb55675f0272933"),
        "name" : "uri",
        "rating" : 5,
        "actor" : [
                "vicky kaushal",
                "yami",
                "Paresh Rawal"
        ],
        "tickect_no" : 20,
        "ticket_no" : 10
}
{
        "_id" : ObjectId("5ca453ef2952ebdd7ae2a92f"),
        "name" : "Kesari",
        "actor" : [
                "Akshay Kumar",
                "Pariniti chopra"
        ],
        "rating" : 6,
        "price" : 350,
        "ticket_no" : 280,
        "rdate" : ISODate("2019-01-23T00:00:00Z"),
        "tickect_no" : 20
}
{
        "_id" : ObjectId("5aaa3334639395f86922a880"),
        "name" : "lagaan",
        "actor" : [
                "amir",
                "angraz"
        ],
        "rating" : 6,
        "ticket_no" : 420,
        "price" : 350,
        "cancellation" : {
                "date" : Timestamp(1554356003, 1),
                "reason" : "user request"
        },
        "lastModified" : ISODate("2019-04-04T05:33:23.022Z"),
        "tickect_no" : 20
}
{
        "_id" : ObjectId("5aab6da4639395f86922a883"),
        "name" : "kahani 2",
        "ticket_no" : 830,
        "actor" : [
                "vidya",
                "Arjun",
                "Jonny",
                "nawaz",
                "prasad",
                "Shreyas",
                "Jonny",
                "yash"
        ],
        "rating" : 5,
        "price" : 600,
        "tickect_no" : 20
}
{
        "_id" : ObjectId("5d89e9adfd4adc2f84279f43"),
        "name" : "chichore",
        "price" : 274,
        "rating" : 4.3,
        "actor" : [
                "sushant",
                "shradha kapoor",
                "zzz",
                "harshal"
        ],
        "tickect_no" : 20,
        "ticket_no" : 10
}
{
        "_id" : ObjectId("5aaa3334639395f86922a881"),
        "name" : "sholay",
        "actor" : [
                "Dharamendra",
                "Amitabh",
                "Sachin Pilgaokar",
                "Dharamendra",
                "Dharamendra",
                "Mr. Khote",
                "jaya bacchan",
                "sanjiv kapoor"
        ],
        "rating" : 6,
        "ticket_no" : 560,
        "price" : 350,
        "position" : [
                2,
                2
        ],
        "tickect_no" : 20
}
{
        "_id" : ObjectId("5aaa31a2639395f86922a87e"),
        "name" : "kahani",
        "actor" : [
                "aaaa",
                "bbbb",
                "karan",
                "karri",
                "vidya"
        ],
        "ticket_no" : 430,
        "price" : 400,
        "actors" : [
                "bbbb"
        ],
        "rating" : 8,
        "lastmodified" : ISODate("2019-04-07T11:25:40.634Z"),
        "tickect_no" : 20
}
> db.movie.find({price:{$gt:300}}).pretty()
{
        "_id" : ObjectId("5d6935a3470e2bef2a82cdfa"),
        "name" : "mission mangal",
        "price" : 350,
        "actor" : [
                "Sonakshi",
                "Vidya Balan"
        ],
        "rating" : 6,
        "tickect_no" : 20,
        "ticket_no" : 10
}
{
        "_id" : ObjectId("5c865923d82c19b8ed996550"),
        "name" : "Dil dhadakane do",
        "rating" : 3,
        "price" : 340,
        "actor" : "['Anil kapoor']"
}
{
        "_id" : ObjectId("5ca47ef82952ebdd7ae2a932"),
        "name" : "newton",
        "ticket_no" : 690,
        "actor" : [
                "Rajkumar Rao",
                "Pankaj Tripathi"
        ],
        "price" : 310,
        "lastmodified" : ISODate("2019-09-28T14:47:49.204Z")
}
{
        "_id" : ObjectId("5ca453ef2952ebdd7ae2a92f"),
        "name" : "Kesari",
        "actor" : [
                "Akshay Kumar",
                "Pariniti chopra"
        ],
        "rating" : 6,
        "price" : 350,
        "ticket_no" : 280,
        "rdate" : ISODate("2019-01-23T00:00:00Z"),
        "tickect_no" : 20
}
{
        "_id" : ObjectId("5aaa3334639395f86922a880"),
        "name" : "lagaan",
        "actor" : [
                "amir",
                "angraz"
        ],
        "rating" : 6,
        "ticket_no" : 420,
        "price" : 350,
        "cancellation" : {
                "date" : Timestamp(1554356003, 1),
                "reason" : "user request"
        },
        "lastModified" : ISODate("2019-04-04T05:33:23.022Z"),
        "tickect_no" : 20
}
{
        "_id" : ObjectId("5aab6da4639395f86922a883"),
        "name" : "kahani 2",
        "ticket_no" : 830,
        "actor" : [
                "vidya",
                "Arjun",
                "Jonny",
                "nawaz",
                "prasad",
                "Shreyas",
                "Jonny",
                "yash"
        ],
        "rating" : 5,
        "price" : 600,
        "tickect_no" : 20
}
{
        "_id" : ObjectId("5aaa3334639395f86922a881"),
        "name" : "sholay",
        "actor" : [
                "Dharamendra",
                "Amitabh",
                "Sachin Pilgaokar",
                "Dharamendra",
                "Dharamendra",
                "Mr. Khote",
                "jaya bacchan",
                "sanjiv kapoor"
        ],
        "rating" : 6,
        "ticket_no" : 560,
        "price" : 350,
        "position" : [
                2,
                2
        ],
        "tickect_no" : 20
}
{
        "_id" : ObjectId("5aaa31a2639395f86922a87e"),
        "name" : "kahani",
        "actor" : [
                "aaaa",
                "bbbb",
                "karan",
                "karri",
                "vidya"
        ],
        "ticket_no" : 430,
        "price" : 400,
        "actors" : [
                "bbbb"
        ],
        "rating" : 8,
        "lastmodified" : ISODate("2019-04-07T11:25:40.634Z"),
        "tickect_no" : 20
}
{
        "_id" : ObjectId("5bf6a36f57b2d4cc676c7a95"),
        "name" : "Andhadhund",
        "price" : 400,
        "actor" : [
                "Ayushman",
                "radhika"
        ],
        "rating" : 4
}
> db.movie.update({price:{$gt:300}},
... {$set:{rating:4},$inc:{price:30}},
... {multi:true})
WriteResult({ "nMatched" : 9, "nUpserted" : 0, "nModified" : 9 })
> db.movie.find({price:{$gt:300}}).pretty()
{
        "_id" : ObjectId("5d6935a3470e2bef2a82cdfa"),
        "name" : "mission mangal",
        "price" : 380,
        "actor" : [
                "Sonakshi",
                "Vidya Balan"
        ],
        "rating" : 4,
        "tickect_no" : 20,
        "ticket_no" : 10
}
{
        "_id" : ObjectId("5c865923d82c19b8ed996550"),
        "name" : "Dil dhadakane do",
        "rating" : 4,
        "price" : 370,
        "actor" : "['Anil kapoor']"
}
{
        "_id" : ObjectId("5ca47ef82952ebdd7ae2a932"),
        "name" : "newton",
        "ticket_no" : 690,
        "actor" : [
                "Rajkumar Rao",
                "Pankaj Tripathi"
        ],
        "price" : 340,
        "lastmodified" : ISODate("2019-09-28T14:47:49.204Z"),
        "rating" : 4
}
{
        "_id" : ObjectId("5ca453ef2952ebdd7ae2a92f"),
        "name" : "Kesari",
        "actor" : [
                "Akshay Kumar",
                "Pariniti chopra"
        ],
        "rating" : 4,
        "price" : 380,
        "ticket_no" : 280,
        "rdate" : ISODate("2019-01-23T00:00:00Z"),
        "tickect_no" : 20
}
{
        "_id" : ObjectId("5aaa3334639395f86922a880"),
        "name" : "lagaan",
        "actor" : [
                "amir",
                "angraz"
        ],
        "rating" : 4,
        "ticket_no" : 420,
        "price" : 380,
        "cancellation" : {
                "date" : Timestamp(1554356003, 1),
                "reason" : "user request"
        },
        "lastModified" : ISODate("2019-04-04T05:33:23.022Z"),
        "tickect_no" : 20
}
{
        "_id" : ObjectId("5aab6da4639395f86922a883"),
        "name" : "kahani 2",
        "ticket_no" : 830,
        "actor" : [
                "vidya",
                "Arjun",
                "Jonny",
                "nawaz",
                "prasad",
                "Shreyas",
                "Jonny",
                "yash"
        ],
        "rating" : 4,
        "price" : 630,
        "tickect_no" : 20
}
{
        "_id" : ObjectId("5aaa3334639395f86922a881"),
        "name" : "sholay",
        "actor" : [
                "Dharamendra",
                "Amitabh",
                "Sachin Pilgaokar",
                "Dharamendra",
                "Dharamendra",
                "Mr. Khote",
                "jaya bacchan",
                "sanjiv kapoor"
        ],
        "rating" : 4,
        "ticket_no" : 560,
        "price" : 380,
        "position" : [
                2,
                2
        ],
        "tickect_no" : 20
}
{
        "_id" : ObjectId("5aaa31a2639395f86922a87e"),
        "name" : "kahani",
        "actor" : [
                "aaaa",
                "bbbb",
                "karan",
                "karri",
                "vidya"
        ],
        "ticket_no" : 430,
        "price" : 430,
        "actors" : [
                "bbbb"
        ],
        "rating" : 4,
        "lastmodified" : ISODate("2019-04-07T11:25:40.634Z"),
        "tickect_no" : 20
}
{
        "_id" : ObjectId("5bf6a36f57b2d4cc676c7a95"),
        "name" : "Andhadhund",
        "price" : 430,
        "actor" : [
                "Ayushman",
                "radhika"
        ],
        "rating" : 4
}
> db.movie.update({},{$mul:{price:1.20}},{multi:true})
WriteResult({
        "nMatched" : 0,
        "nUpserted" : 0,
        "nModified" : 0,
        "writeError" : {
                "code" : 14,
                "errmsg" : "Cannot apply $mul to a value of non-numeric type. {_id: ObjectId('5bf6a38c57b2d4cc676c7a96')} has the field 'price' of non-numeric type null"
        }
})
> db.movie.find({price:{$type:'number'}})
{ "_id" : ObjectId("5aaa3334639395f86922a882"), "name" : "aradhana", "actor" : [ "amitabh", "prem", "rajesh khanna" ], "rating" : 3, "ticket_no" : 550, "price" : 312 }
{ "_id" : ObjectId("5aaa31ee639395f86922a87f"), "name" : "3 idiots", "actor" : [ "Kareena Kapoor", "amir", "kareena", "mahadavan", "sharman" ], "rating" : 3, "ticket_no" : 150, "price" : 240 }
{ "_id" : ObjectId("5ca47e5b2952ebdd7ae2a931"), "name" : "padmavat", "rating" : 4, "price" : 250, "ticket_no" : 300, "actor" : [ "Deepika", "shahid kapoor", "ranveer singh", "aditi Rao", "aaaaa" ], "cancellation" : { "date" : Timestamp(1567175239, 1) } }
{ "_id" : ObjectId("5d6935a3470e2bef2a82cdfa"), "name" : "mission mangal", "price" : 380, "actor" : [ "Sonakshi", "Vidya Balan" ], "rating" : 4, "tickect_no" : 20, "ticket_no" : 10 }
{ "_id" : ObjectId("5c865923d82c19b8ed996550"), "name" : "Dil dhadakane do", "rating" : 4, "price" : 370, "actor" : "['Anil kapoor']" }
{ "_id" : ObjectId("5ca47ef82952ebdd7ae2a932"), "name" : "newton", "ticket_no" : 690, "actor" : [ "Rajkumar Rao", "Pankaj Tripathi" ], "price" : 340, "lastmodified" : ISODate("2019-09-28T14:47:49.204Z"), "rating" : 4 }
{ "_id" : ObjectId("5ca453ef2952ebdd7ae2a92f"), "name" : "Kesari", "actor" : [ "Akshay Kumar", "Pariniti chopra" ], "rating" : 4, "price" : 380, "ticket_no" : 280, "rdate" : ISODate("2019-01-23T00:00:00Z"), "tickect_no" : 20 }
{ "_id" : ObjectId("5aaa3334639395f86922a880"), "name" : "lagaan", "actor" : [ "amir", "angraz" ], "rating" : 4, "ticket_no" : 420, "price" : 380, "cancellation" : { "date" : Timestamp(1554356003, 1), "reason" : "user request" }, "lastModified" : ISODate("2019-04-04T05:33:23.022Z"), "tickect_no" : 20 }
{ "_id" : ObjectId("5aab6da4639395f86922a883"), "name" : "kahani 2", "ticket_no" : 830, "actor" : [ "vidya", "Arjun", "Jonny", "nawaz", "prasad", "Shreyas", "Jonny", "yash" ], "rating" : 4, "price" : 630, "tickect_no" : 20 }
{ "_id" : ObjectId("5d8f6eec620d2353221b91dd"), "price" : 280 }
{ "_id" : ObjectId("5d8f51ce065d3e2aa902aa22"), "name" : "dream girl", "actor" : [ "ayushman", "nushrat bharucha" ], "price" : 250, "rating" : null }
{ "_id" : ObjectId("5d89e9adfd4adc2f84279f43"), "name" : "chichore", "price" : 274, "rating" : 4.3, "actor" : [ "sushant", "shradha kapoor", "zzz", "harshal" ], "tickect_no" : 20, "ticket_no" : 10 }
{ "_id" : ObjectId("5aaa3334639395f86922a881"), "name" : "sholay", "actor" : [ "Dharamendra", "Amitabh", "Sachin Pilgaokar", "Dharamendra", "Dharamendra", "Mr. Khote", "jaya bacchan", "sanjiv kapoor" ], "rating" : 4, "ticket_no" : 560, "price" : 380, "position" : [ 2, 2 ], "tickect_no" : 20 }
{ "_id" : ObjectId("5ca456072952ebdd7ae2a930"), "name" : "paa", "actor" : [ "Amitabh", "vidya balan", "Abhishek" ], "rating" : 2, "price" : 270, "ticket_no" : 210, "rdate" : ISODate("2019-01-23T00:00:00Z"), "others" : { "director" : "R Balki", "songs" : "Amit trivedi" } }
{ "_id" : ObjectId("5aaa31a2639395f86922a87e"), "name" : "kahani", "actor" : [ "aaaa", "bbbb", "karan", "karri", "vidya" ], "ticket_no" : 430, "price" : 430, "actors" : [ "bbbb" ], "rating" : 4, "lastmodified" : ISODate("2019-04-07T11:25:40.634Z"), "tickect_no" : 20 }
{ "_id" : ObjectId("5bf6a36f57b2d4cc676c7a95"), "name" : "Andhadhund", "price" : 430, "actor" : [ "Ayushman", "radhika" ], "rating" : 4 }
> db.movie.find({price:{$type:'number'}}).count()
16
> db.movie.find().count()
18
> db.movie.find({price:{$type:'number'}}).count()
16
> db.movie.find({price:{$type:'number'}}).pretty()
{
        "_id" : ObjectId("5aaa3334639395f86922a882"),
        "name" : "aradhana",
        "actor" : [
                "amitabh",
                "prem",
                "rajesh khanna"
        ],
        "rating" : 3,
        "ticket_no" : 550,
        "price" : 312
}
{
        "_id" : ObjectId("5aaa31ee639395f86922a87f"),
        "name" : "3 idiots",
        "actor" : [
                "Kareena Kapoor",
                "amir",
                "kareena",
                "mahadavan",
                "sharman"
        ],
        "rating" : 3,
        "ticket_no" : 150,
        "price" : 240
}
{
        "_id" : ObjectId("5ca47e5b2952ebdd7ae2a931"),
        "name" : "padmavat",
        "rating" : 4,
        "price" : 250,
        "ticket_no" : 300,
        "actor" : [
                "Deepika",
                "shahid kapoor",
                "ranveer singh",
                "aditi Rao",
                "aaaaa"
        ],
        "cancellation" : {
                "date" : Timestamp(1567175239, 1)
        }
}
{
        "_id" : ObjectId("5d6935a3470e2bef2a82cdfa"),
        "name" : "mission mangal",
        "price" : 380,
        "actor" : [
                "Sonakshi",
                "Vidya Balan"
        ],
        "rating" : 4,
        "tickect_no" : 20,
        "ticket_no" : 10
}
{
        "_id" : ObjectId("5c865923d82c19b8ed996550"),
        "name" : "Dil dhadakane do",
        "rating" : 4,
        "price" : 370,
        "actor" : "['Anil kapoor']"
}
{
        "_id" : ObjectId("5ca47ef82952ebdd7ae2a932"),
        "name" : "newton",
        "ticket_no" : 690,
        "actor" : [
                "Rajkumar Rao",
                "Pankaj Tripathi"
        ],
        "price" : 340,
        "lastmodified" : ISODate("2019-09-28T14:47:49.204Z"),
        "rating" : 4
}
{
        "_id" : ObjectId("5ca453ef2952ebdd7ae2a92f"),
        "name" : "Kesari",
        "actor" : [
                "Akshay Kumar",
                "Pariniti chopra"
        ],
        "rating" : 4,
        "price" : 380,
        "ticket_no" : 280,
        "rdate" : ISODate("2019-01-23T00:00:00Z"),
        "tickect_no" : 20
}
{
        "_id" : ObjectId("5aaa3334639395f86922a880"),
        "name" : "lagaan",
        "actor" : [
                "amir",
                "angraz"
        ],
        "rating" : 4,
        "ticket_no" : 420,
        "price" : 380,
        "cancellation" : {
                "date" : Timestamp(1554356003, 1),
                "reason" : "user request"
        },
        "lastModified" : ISODate("2019-04-04T05:33:23.022Z"),
        "tickect_no" : 20
}
{
        "_id" : ObjectId("5aab6da4639395f86922a883"),
        "name" : "kahani 2",
        "ticket_no" : 830,
        "actor" : [
                "vidya",
                "Arjun",
                "Jonny",
                "nawaz",
                "prasad",
                "Shreyas",
                "Jonny",
                "yash"
        ],
        "rating" : 4,
        "price" : 630,
        "tickect_no" : 20
}
{ "_id" : ObjectId("5d8f6eec620d2353221b91dd"), "price" : 280 }
{
        "_id" : ObjectId("5d8f51ce065d3e2aa902aa22"),
        "name" : "dream girl",
        "actor" : [
                "ayushman",
                "nushrat bharucha"
        ],
        "price" : 250,
        "rating" : null
}
{
        "_id" : ObjectId("5d89e9adfd4adc2f84279f43"),
        "name" : "chichore",
        "price" : 274,
        "rating" : 4.3,
        "actor" : [
                "sushant",
                "shradha kapoor",
                "zzz",
                "harshal"
        ],
        "tickect_no" : 20,
        "ticket_no" : 10
}
{
        "_id" : ObjectId("5aaa3334639395f86922a881"),
        "name" : "sholay",
        "actor" : [
                "Dharamendra",
                "Amitabh",
                "Sachin Pilgaokar",
                "Dharamendra",
                "Dharamendra",
                "Mr. Khote",
                "jaya bacchan",
                "sanjiv kapoor"
        ],
        "rating" : 4,
        "ticket_no" : 560,
        "price" : 380,
        "position" : [
                2,
                2
        ],
        "tickect_no" : 20
}
{
        "_id" : ObjectId("5ca456072952ebdd7ae2a930"),
        "name" : "paa",
        "actor" : [
                "Amitabh",
                "vidya balan",
                "Abhishek"
        ],
        "rating" : 2,
        "price" : 270,
        "ticket_no" : 210,
        "rdate" : ISODate("2019-01-23T00:00:00Z"),
        "others" : {
                "director" : "R Balki",
                "songs" : "Amit trivedi"
        }
}
{
        "_id" : ObjectId("5aaa31a2639395f86922a87e"),
        "name" : "kahani",
        "actor" : [
                "aaaa",
                "bbbb",
                "karan",
                "karri",
                "vidya"
        ],
        "ticket_no" : 430,
        "price" : 430,
        "actors" : [
                "bbbb"
        ],
        "rating" : 4,
        "lastmodified" : ISODate("2019-04-07T11:25:40.634Z"),
        "tickect_no" : 20
}
{
        "_id" : ObjectId("5bf6a36f57b2d4cc676c7a95"),
        "name" : "Andhadhund",
        "price" : 430,
        "actor" : [
                "Ayushman",
                "radhika"
        ],
        "rating" : 4
}
> db.movie.find({price:{$not:{$type:'number'}}}).pretty()
{
        "_id" : ObjectId("5bf6a38c57b2d4cc676c7a96"),
        "name" : "Andhadhund",
        "price" : null,
        "actor" : [
                "Tabbu"
        ],
        "rating" : 4
}
{
        "_id" : ObjectId("5c8283789eb55675f0272933"),
        "name" : "uri",
        "rating" : 5,
        "actor" : [
                "vicky kaushal",
                "yami",
                "Paresh Rawal"
        ],
        "tickect_no" : 20,
        "ticket_no" : 10
}
> db.movie.update({price:{$type:'number'}},{$mul:{price:1.20}},{multi:true})
WriteResult({ "nMatched" : 16, "nUpserted" : 0, "nModified" : 16 })
> db.movie.find({price:{$type:'number'}}).pretty()
{
        "_id" : ObjectId("5aaa3334639395f86922a882"),
        "name" : "aradhana",
        "actor" : [
                "amitabh",
                "prem",
                "rajesh khanna"
        ],
        "rating" : 3,
        "ticket_no" : 550,
        "price" : 374.4
}
{
        "_id" : ObjectId("5aaa31ee639395f86922a87f"),
        "name" : "3 idiots",
        "actor" : [
                "Kareena Kapoor",
                "amir",
                "kareena",
                "mahadavan",
                "sharman"
        ],
        "rating" : 3,
        "ticket_no" : 150,
        "price" : 288
}
{
        "_id" : ObjectId("5ca47e5b2952ebdd7ae2a931"),
        "name" : "padmavat",
        "rating" : 4,
        "price" : 300,
        "ticket_no" : 300,
        "actor" : [
                "Deepika",
                "shahid kapoor",
                "ranveer singh",
                "aditi Rao",
                "aaaaa"
        ],
        "cancellation" : {
                "date" : Timestamp(1567175239, 1)
        }
}
{
        "_id" : ObjectId("5d6935a3470e2bef2a82cdfa"),
        "name" : "mission mangal",
        "price" : 456,
        "actor" : [
                "Sonakshi",
                "Vidya Balan"
        ],
        "rating" : 4,
        "tickect_no" : 20,
        "ticket_no" : 10
}
{
        "_id" : ObjectId("5c865923d82c19b8ed996550"),
        "name" : "Dil dhadakane do",
        "rating" : 4,
        "price" : 444,
        "actor" : "['Anil kapoor']"
}
{
        "_id" : ObjectId("5ca47ef82952ebdd7ae2a932"),
        "name" : "newton",
        "ticket_no" : 690,
        "actor" : [
                "Rajkumar Rao",
                "Pankaj Tripathi"
        ],
        "price" : 408,
        "lastmodified" : ISODate("2019-09-28T14:47:49.204Z"),
        "rating" : 4
}
{
        "_id" : ObjectId("5ca453ef2952ebdd7ae2a92f"),
        "name" : "Kesari",
        "actor" : [
                "Akshay Kumar",
                "Pariniti chopra"
        ],
        "rating" : 4,
        "price" : 456,
        "ticket_no" : 280,
        "rdate" : ISODate("2019-01-23T00:00:00Z"),
        "tickect_no" : 20
}
{
        "_id" : ObjectId("5aaa3334639395f86922a880"),
        "name" : "lagaan",
        "actor" : [
                "amir",
                "angraz"
        ],
        "rating" : 4,
        "ticket_no" : 420,
        "price" : 456,
        "cancellation" : {
                "date" : Timestamp(1554356003, 1),
                "reason" : "user request"
        },
        "lastModified" : ISODate("2019-04-04T05:33:23.022Z"),
        "tickect_no" : 20
}
{
        "_id" : ObjectId("5aab6da4639395f86922a883"),
        "name" : "kahani 2",
        "ticket_no" : 830,
        "actor" : [
                "vidya",
                "Arjun",
                "Jonny",
                "nawaz",
                "prasad",
                "Shreyas",
                "Jonny",
                "yash"
        ],
        "rating" : 4,
        "price" : 756,
        "tickect_no" : 20
}
{ "_id" : ObjectId("5d8f6eec620d2353221b91dd"), "price" : 336 }
{
        "_id" : ObjectId("5d8f51ce065d3e2aa902aa22"),
        "name" : "dream girl",
        "actor" : [
                "ayushman",
                "nushrat bharucha"
        ],
        "price" : 300,
        "rating" : null
}
{
        "_id" : ObjectId("5d89e9adfd4adc2f84279f43"),
        "name" : "chichore",
        "price" : 328.8,
        "rating" : 4.3,
        "actor" : [
                "sushant",
                "shradha kapoor",
                "zzz",
                "harshal"
        ],
        "tickect_no" : 20,
        "ticket_no" : 10
}
{
        "_id" : ObjectId("5aaa3334639395f86922a881"),
        "name" : "sholay",
        "actor" : [
                "Dharamendra",
                "Amitabh",
                "Sachin Pilgaokar",
                "Dharamendra",
                "Dharamendra",
                "Mr. Khote",
                "jaya bacchan",
                "sanjiv kapoor"
        ],
        "rating" : 4,
        "ticket_no" : 560,
        "price" : 456,
        "position" : [
                2,
                2
        ],
        "tickect_no" : 20
}
{
        "_id" : ObjectId("5ca456072952ebdd7ae2a930"),
        "name" : "paa",
        "actor" : [
                "Amitabh",
                "vidya balan",
                "Abhishek"
        ],
        "rating" : 2,
        "price" : 324,
        "ticket_no" : 210,
        "rdate" : ISODate("2019-01-23T00:00:00Z"),
        "others" : {
                "director" : "R Balki",
                "songs" : "Amit trivedi"
        }
}
{
        "_id" : ObjectId("5aaa31a2639395f86922a87e"),
        "name" : "kahani",
        "actor" : [
                "aaaa",
                "bbbb",
                "karan",
                "karri",
                "vidya"
        ],
        "ticket_no" : 430,
        "price" : 516,
        "actors" : [
                "bbbb"
        ],
        "rating" : 4,
        "lastmodified" : ISODate("2019-04-07T11:25:40.634Z"),
        "tickect_no" : 20
}
{
        "_id" : ObjectId("5bf6a36f57b2d4cc676c7a95"),
        "name" : "Andhadhund",
        "price" : 516,
        "actor" : [
                "Ayushman",
                "radhika"
        ],
        "rating" : 4
}
> db.movie.find({name:'padmavat'}).pretty()
{
        "_id" : ObjectId("5ca47e5b2952ebdd7ae2a931"),
        "name" : "padmavat",
        "rating" : 4,
        "price" : 300,
        "ticket_no" : 300,
        "actor" : [
                "Deepika",
                "shahid kapoor",
                "ranveer singh",
                "aditi Rao",
                "aaaaa"
        ],
        "cancellation" : {
                "date" : Timestamp(1567175239, 1)
        }
}
> db.movie.update({price:{name:'padmavat'},{$mul:{price:1.20}},{multi:true})
... ^C

> db.movie.update({name:'padmavat'},{$mul:{price:1.20}},{multi:true})
WriteResult({ "nMatched" : 1, "nUpserted" : 0, "nModified" : 1 })
> db.movie.find({name:'padmavat'}).pretty()
{
        "_id" : ObjectId("5ca47e5b2952ebdd7ae2a931"),
        "name" : "padmavat",
        "rating" : 4,
        "price" : 360,
        "ticket_no" : 300,
        "actor" : [
                "Deepika",
                "shahid kapoor",
                "ranveer singh",
                "aditi Rao",
                "aaaaa"
        ],
        "cancellation" : {
                "date" : Timestamp(1567175239, 1)
        }
}
> db.movie.find({name://^kahani/})
... ^C

> db.movie.find({name:/^kahani/}).pretty()
{
        "_id" : ObjectId("5aab6da4639395f86922a883"),
        "name" : "kahani 2",
        "ticket_no" : 830,
        "actor" : [
                "vidya",
                "Arjun",
                "Jonny",
                "nawaz",
                "prasad",
                "Shreyas",
                "Jonny",
                "yash"
        ],
        "rating" : 4,
        "price" : 756,
        "tickect_no" : 20
}
{
        "_id" : ObjectId("5aaa31a2639395f86922a87e"),
        "name" : "kahani",
        "actor" : [
                "aaaa",
                "bbbb",
                "karan",
                "karri",
                "vidya"
        ],
        "ticket_no" : 430,
        "price" : 516,
        "actors" : [
                "bbbb"
        ],
        "rating" : 4,
        "lastmodified" : ISODate("2019-04-07T11:25:40.634Z"),
        "tickect_no" : 20
}
> db.movie.find({price:{$lt:300}}).pretty()
{
        "_id" : ObjectId("5aaa31ee639395f86922a87f"),
        "name" : "3 idiots",
        "actor" : [
                "Kareena Kapoor",
                "amir",
                "kareena",
                "mahadavan",
                "sharman"
        ],
        "rating" : 3,
        "ticket_no" : 150,
        "price" : 288
}
> db.movie.find({price:{$lt:400}}).pretty()
{
        "_id" : ObjectId("5aaa3334639395f86922a882"),
        "name" : "aradhana",
        "actor" : [
                "amitabh",
                "prem",
                "rajesh khanna"
        ],
        "rating" : 3,
        "ticket_no" : 550,
        "price" : 374.4
}
{
        "_id" : ObjectId("5aaa31ee639395f86922a87f"),
        "name" : "3 idiots",
        "actor" : [
                "Kareena Kapoor",
                "amir",
                "kareena",
                "mahadavan",
                "sharman"
        ],
        "rating" : 3,
        "ticket_no" : 150,
        "price" : 288
}
{
        "_id" : ObjectId("5ca47e5b2952ebdd7ae2a931"),
        "name" : "padmavat",
        "rating" : 4,
        "price" : 360,
        "ticket_no" : 300,
        "actor" : [
                "Deepika",
                "shahid kapoor",
                "ranveer singh",
                "aditi Rao",
                "aaaaa"
        ],
        "cancellation" : {
                "date" : Timestamp(1567175239, 1)
        }
}
{ "_id" : ObjectId("5d8f6eec620d2353221b91dd"), "price" : 336 }
{
        "_id" : ObjectId("5d8f51ce065d3e2aa902aa22"),
        "name" : "dream girl",
        "actor" : [
                "ayushman",
                "nushrat bharucha"
        ],
        "price" : 300,
        "rating" : null
}
{
        "_id" : ObjectId("5d89e9adfd4adc2f84279f43"),
        "name" : "chichore",
        "price" : 328.8,
        "rating" : 4.3,
        "actor" : [
                "sushant",
                "shradha kapoor",
                "zzz",
                "harshal"
        ],
        "tickect_no" : 20,
        "ticket_no" : 10
}
{
        "_id" : ObjectId("5ca456072952ebdd7ae2a930"),
        "name" : "paa",
        "actor" : [
                "Amitabh",
                "vidya balan",
                "Abhishek"
        ],
        "rating" : 2,
        "price" : 324,
        "ticket_no" : 210,
        "rdate" : ISODate("2019-01-23T00:00:00Z"),
        "others" : {
                "director" : "R Balki",
                "songs" : "Amit trivedi"
        }
}
> db.movie.update({price:{$lt:400}},{$min:{rating :3}},{multi:true})
WriteResult({ "nMatched" : 7, "nUpserted" : 0, "nModified" : 3 })
> db.movie.find({price:{$lt:400}}).pretty()
{
        "_id" : ObjectId("5aaa3334639395f86922a882"),
        "name" : "aradhana",
        "actor" : [
                "amitabh",
                "prem",
                "rajesh khanna"
        ],
        "rating" : 3,
        "ticket_no" : 550,
        "price" : 374.4
}
{
        "_id" : ObjectId("5aaa31ee639395f86922a87f"),
        "name" : "3 idiots",
        "actor" : [
                "Kareena Kapoor",
                "amir",
                "kareena",
                "mahadavan",
                "sharman"
        ],
        "rating" : 3,
        "ticket_no" : 150,
        "price" : 288
}
{
        "_id" : ObjectId("5ca47e5b2952ebdd7ae2a931"),
        "name" : "padmavat",
        "rating" : 3,
        "price" : 360,
        "ticket_no" : 300,
        "actor" : [
                "Deepika",
                "shahid kapoor",
                "ranveer singh",
                "aditi Rao",
                "aaaaa"
        ],
        "cancellation" : {
                "date" : Timestamp(1567175239, 1)
        }
}
{
        "_id" : ObjectId("5d8f6eec620d2353221b91dd"),
        "price" : 336,
        "rating" : 3
}
{
        "_id" : ObjectId("5d8f51ce065d3e2aa902aa22"),
        "name" : "dream girl",
        "actor" : [
                "ayushman",
                "nushrat bharucha"
        ],
        "price" : 300,
        "rating" : null
}
{
        "_id" : ObjectId("5d89e9adfd4adc2f84279f43"),
        "name" : "chichore",
        "price" : 328.8,
        "rating" : 3,
        "actor" : [
                "sushant",
                "shradha kapoor",
                "zzz",
                "harshal"
        ],
        "tickect_no" : 20,
        "ticket_no" : 10
}
{
        "_id" : ObjectId("5ca456072952ebdd7ae2a930"),
        "name" : "paa",
        "actor" : [
                "Amitabh",
                "vidya balan",
                "Abhishek"
        ],
        "rating" : 2,
        "price" : 324,
        "ticket_no" : 210,
        "rdate" : ISODate("2019-01-23T00:00:00Z"),
        "others" : {
                "director" : "R Balki",
                "songs" : "Amit trivedi"
        }
}
> db.movie.update({},{$unset:{tickect_no:''}},{multi:true})
WriteResult({ "nMatched" : 18, "nUpserted" : 0, "nModified" : 8 })
> db.movie.find({price:{$lt:400}}).pretty()
{
        "_id" : ObjectId("5aaa3334639395f86922a882"),
        "name" : "aradhana",
        "actor" : [
                "amitabh",
                "prem",
                "rajesh khanna"
        ],
        "rating" : 3,
        "ticket_no" : 550,
        "price" : 374.4
}
{
        "_id" : ObjectId("5aaa31ee639395f86922a87f"),
        "name" : "3 idiots",
        "actor" : [
                "Kareena Kapoor",
                "amir",
                "kareena",
                "mahadavan",
                "sharman"
        ],
        "rating" : 3,
        "ticket_no" : 150,
        "price" : 288
}
{
        "_id" : ObjectId("5ca47e5b2952ebdd7ae2a931"),
        "name" : "padmavat",
        "rating" : 3,
        "price" : 360,
        "ticket_no" : 300,
        "actor" : [
                "Deepika",
                "shahid kapoor",
                "ranveer singh",
                "aditi Rao",
                "aaaaa"
        ],
        "cancellation" : {
                "date" : Timestamp(1567175239, 1)
        }
}
{
        "_id" : ObjectId("5d8f6eec620d2353221b91dd"),
        "price" : 336,
        "rating" : 3
}
{
        "_id" : ObjectId("5d8f51ce065d3e2aa902aa22"),
        "name" : "dream girl",
        "actor" : [
                "ayushman",
                "nushrat bharucha"
        ],
        "price" : 300,
        "rating" : null
}
{
        "_id" : ObjectId("5d89e9adfd4adc2f84279f43"),
        "name" : "chichore",
        "price" : 328.8,
        "rating" : 3,
        "actor" : [
                "sushant",
                "shradha kapoor",
                "zzz",
                "harshal"
        ],
        "ticket_no" : 10
}
{
        "_id" : ObjectId("5ca456072952ebdd7ae2a930"),
        "name" : "paa",
        "actor" : [
                "Amitabh",
                "vidya balan",
                "Abhishek"
        ],
        "rating" : 2,
        "price" : 324,
        "ticket_no" : 210,
        "rdate" : ISODate("2019-01-23T00:00:00Z"),
        "others" : {
                "director" : "R Balki",
                "songs" : "Amit trivedi"
        }
}
> db.movie.find({tickect_no:{$exists:true}}).pretty()
> db.movie.find({others:{$exists:true}}).pretty()
{
        "_id" : ObjectId("5ca456072952ebdd7ae2a930"),
        "name" : "paa",
        "actor" : [
                "Amitabh",
                "vidya balan",
                "Abhishek"
        ],
        "rating" : 2,
        "price" : 324,
        "ticket_no" : 210,
        "rdate" : ISODate("2019-01-23T00:00:00Z"),
        "others" : {
                "director" : "R Balki",
                "songs" : "Amit trivedi"
        }
}
> db.movie.update({},{$unset:{others:''}},{multi:true})
WriteResult({ "nMatched" : 18, "nUpserted" : 0, "nModified" : 1 })
> db.movie.find({others:{$exists:true}}).pretty()
> db.movie.find({name:'paa'}).pretty()
{
        "_id" : ObjectId("5ca456072952ebdd7ae2a930"),
        "name" : "paa",
        "actor" : [
                "Amitabh",
                "vidya balan",
                "Abhishek"
        ],
        "rating" : 2,
        "price" : 324,
        "ticket_no" : 210,
        "rdate" : ISODate("2019-01-23T00:00:00Z")
}
> db.movie.find({name:'padmavat'}).pretty()
{
        "_id" : ObjectId("5ca47e5b2952ebdd7ae2a931"),
        "name" : "padmavat",
        "rating" : 3,
        "price" : 360,
        "ticket_no" : 300,
        "actor" : [
                "Deepika",
                "shahid kapoor",
                "ranveer singh",
                "aditi Rao",
                "aaaaa"
        ],
        "cancellation" : {
                "date" : Timestamp(1567175239, 1)
        }
}
> db.movie.update({name:'padmavat'},{$inc:{price:20},$currentDate:{‘modified’:true}},{multi:true})
2021-07-17T10:17:16.996+0530 E  QUERY    [js] SyntaxError: illegal character :
@(shell):1:65
> db.movie.update({name:'padmavat'},{$inc:{price:20},$currentDate:{'modified':true}},{multi:true})
WriteResult({ "nMatched" : 1, "nUpserted" : 0, "nModified" : 1 })
> db.movie.find({name:'padmavat'}).pretty()
{
        "_id" : ObjectId("5ca47e5b2952ebdd7ae2a931"),
        "name" : "padmavat",
        "rating" : 3,
        "price" : 380,
        "ticket_no" : 300,
        "actor" : [
                "Deepika",
                "shahid kapoor",
                "ranveer singh",
                "aditi Rao",
                "aaaaa"
        ],
        "cancellation" : {
                "date" : Timestamp(1567175239, 1)
        },
        "modified" : ISODate("2021-07-17T04:47:36.309Z")
}
> db.movie.update({name:'padmavat'},{$inc:{price:20},$currentDate:{'lastchange.modified':true},$set:{'lastchange.reason':'public demand'}},{multi:true})
WriteResult({ "nMatched" : 1, "nUpserted" : 0, "nModified" : 1 })
> db.movie.find({name:'padmavat'}).pretty()
{
        "_id" : ObjectId("5ca47e5b2952ebdd7ae2a931"),
        "name" : "padmavat",
        "rating" : 3,
        "price" : 400,
        "ticket_no" : 300,
        "actor" : [
                "Deepika",
                "shahid kapoor",
                "ranveer singh",
                "aditi Rao",
                "aaaaa"
        ],
        "cancellation" : {
                "date" : Timestamp(1567175239, 1)
        },
        "modified" : ISODate("2021-07-17T04:47:36.309Z"),
        "lastchange" : {
                "modified" : ISODate("2021-07-17T04:52:02.517Z"),
                "reason" : "public demand"
        }
}
> db.movie.find({actor:{$size:3}})
{ "_id" : ObjectId("5aaa3334639395f86922a882"), "name" : "aradhana", "actor" : [ "amitabh", "prem", "rajesh khanna" ], "rating" : 3, "ticket_no" : 550, "price" : 374.4 }
{ "_id" : ObjectId("5c8283789eb55675f0272933"), "name" : "uri", "rating" : 5, "actor" : [ "vicky kaushal", "yami", "Paresh Rawal" ], "ticket_no" : 10 }
{ "_id" : ObjectId("5ca456072952ebdd7ae2a930"), "name" : "paa", "actor" : [ "Amitabh", "vidya balan", "Abhishek" ], "rating" : 2, "price" : 324, "ticket_no" : 210, "rdate" : ISODate("2019-01-23T00:00:00Z") }
> db.movie.find({actor:{$size:3}}).pretty()
{
        "_id" : ObjectId("5aaa3334639395f86922a882"),
        "name" : "aradhana",
        "actor" : [
                "amitabh",
                "prem",
                "rajesh khanna"
        ],
        "rating" : 3,
        "ticket_no" : 550,
        "price" : 374.4
}
{
        "_id" : ObjectId("5c8283789eb55675f0272933"),
        "name" : "uri",
        "rating" : 5,
        "actor" : [
                "vicky kaushal",
                "yami",
                "Paresh Rawal"
        ],
        "ticket_no" : 10
}
{
        "_id" : ObjectId("5ca456072952ebdd7ae2a930"),
        "name" : "paa",
        "actor" : [
                "Amitabh",
                "vidya balan",
                "Abhishek"
        ],
        "rating" : 2,
        "price" : 324,
        "ticket_no" : 210,
        "rdate" : ISODate("2019-01-23T00:00:00Z")
}
> db.movie.update({name:'uri'},{$push:{actor:'mohit raina'}},{multi:true})
WriteResult({ "nMatched" : 1, "nUpserted" : 0, "nModified" : 1 })
> db.movie.find({actor:{$size:3}})
{ "_id" : ObjectId("5aaa3334639395f86922a882"), "name" : "aradhana", "actor" : [ "amitabh", "prem", "rajesh khanna" ], "rating" : 3, "ticket_no" : 550, "price" : 374.4 }
{ "_id" : ObjectId("5ca456072952ebdd7ae2a930"), "name" : "paa", "actor" : [ "Amitabh", "vidya balan", "Abhishek" ], "rating" : 2, "price" : 324, "ticket_no" : 210, "rdate" : ISODate("2019-01-23T00:00:00Z") }
> db.movie.find({actor:{$size:3}}).pretty()
{
        "_id" : ObjectId("5aaa3334639395f86922a882"),
        "name" : "aradhana",
        "actor" : [
                "amitabh",
                "prem",
                "rajesh khanna"
        ],
        "rating" : 3,
        "ticket_no" : 550,
        "price" : 374.4
}
{
        "_id" : ObjectId("5ca456072952ebdd7ae2a930"),
        "name" : "paa",
        "actor" : [
                "Amitabh",
                "vidya balan",
                "Abhishek"
        ],
        "rating" : 2,
        "price" : 324,
        "ticket_no" : 210,
        "rdate" : ISODate("2019-01-23T00:00:00Z")
}
> db.movie.find({name:'uri'}).pretty()
{
        "_id" : ObjectId("5c8283789eb55675f0272933"),
        "name" : "uri",
        "rating" : 5,
        "actor" : [
                "vicky kaushal",
                "yami",
                "Paresh Rawal",
                "mohit raina"
        ],
        "ticket_no" : 10
}
> db.movie.update({name:'uri'},{$push:{actor:{$each:['kirti kilhari','rajit kapur','akash deep']}}},{multi:true})
WriteResult({ "nMatched" : 1, "nUpserted" : 0, "nModified" : 1 })
> db.movie.find({name:'uri'}).pretty()
{
        "_id" : ObjectId("5c8283789eb55675f0272933"),
        "name" : "uri",
        "rating" : 5,
        "actor" : [
                "vicky kaushal",
                "yami",
                "Paresh Rawal",
                "mohit raina",
                "kirti kilhari",
                "rajit kapur",
                "akash deep"
        ],
        "ticket_no" : 10
}
> db.movie.find({name:'3 idiot'}).pretty()
> db.movie.find({name:'3 idiots'}).pretty()
{
        "_id" : ObjectId("5aaa31ee639395f86922a87f"),
        "name" : "3 idiots",
        "actor" : [
                "Kareena Kapoor",
                "amir",
                "kareena",
                "mahadavan",
                "sharman"
        ],
        "rating" : 3,
        "ticket_no" : 150,
        "price" : 288
}
> db.movie.update({name:’3 idiots’},
... {$push:{actor:{$each:[‘r madhavan’,’sharman joshi’],$position:2}}},
... {multi:true})
2021-07-17T10:55:10.140+0530 E  QUERY    [js] SyntaxError: illegal character :
@(shell):1:22
> db.movie.update({name:'3 idiots'}, {$push:{actor:{$each:['r madhavan','sharman joshi'],$position:2}}}, {multi:true})
WriteResult({ "nMatched" : 1, "nUpserted" : 0, "nModified" : 1 })
> db.movie.find({name:'3 idiots'}).pretty()
{
        "_id" : ObjectId("5aaa31ee639395f86922a87f"),
        "name" : "3 idiots",
        "actor" : [
                "Kareena Kapoor",
                "amir",
                "r madhavan",
                "sharman joshi",
                "kareena",
                "mahadavan",
                "sharman"
        ],
        "rating" : 3,
        "ticket_no" : 150,
        "price" : 288
}
> db.movie.update({name:'3 idiots'},{$pop:{actor:1}},{multi:true})
WriteResult({ "nMatched" : 1, "nUpserted" : 0, "nModified" : 1 })
> db.movie.find({name:'3 idiots'}).pretty()
{
        "_id" : ObjectId("5aaa31ee639395f86922a87f"),
        "name" : "3 idiots",
        "actor" : [
                "Kareena Kapoor",
                "amir",
                "r madhavan",
                "sharman joshi",
                "kareena",
                "mahadavan"
        ],
        "rating" : 3,
        "ticket_no" : 150,
        "price" : 288
}
> db.movie.update({name:'3 idiots'},{$pop:{actor:1}},{multi:true})
WriteResult({ "nMatched" : 1, "nUpserted" : 0, "nModified" : 1 })
> db.movie.find({name:'3 idiots'}).pretty()
{
        "_id" : ObjectId("5aaa31ee639395f86922a87f"),
        "name" : "3 idiots",
        "actor" : [
                "Kareena Kapoor",
                "amir",
                "r madhavan",
                "sharman joshi",
                "kareena"
        ],
        "rating" : 3,
        "ticket_no" : 150,
        "price" : 288
}
> db.movie.update({name:'3 idiots'},{$pop:{actor:-1}},{multi:true})
WriteResult({ "nMatched" : 1, "nUpserted" : 0, "nModified" : 1 })
> db.movie.find({name:'3 idiots'}).pretty()
{
        "_id" : ObjectId("5aaa31ee639395f86922a87f"),
        "name" : "3 idiots",
        "actor" : [
                "amir",
                "r madhavan",
                "sharman joshi",
                "kareena"
        ],
        "rating" : 3,
        "ticket_no" : 150,
        "price" : 288
}
> db.movie.find().pretty()
{
        "_id" : ObjectId("5aaa3334639395f86922a882"),
        "name" : "aradhana",
        "actor" : [
                "amitabh",
                "prem",
                "rajesh khanna"
        ],
        "rating" : 3,
        "ticket_no" : 550,
        "price" : 374.4
}
{
        "_id" : ObjectId("5aaa31ee639395f86922a87f"),
        "name" : "3 idiots",
        "actor" : [
                "amir",
                "r madhavan",
                "sharman joshi",
                "kareena"
        ],
        "rating" : 3,
        "ticket_no" : 150,
        "price" : 288
}
{
        "_id" : ObjectId("5bf6a38c57b2d4cc676c7a96"),
        "name" : "Andhadhund",
        "price" : null,
        "actor" : [
                "Tabbu"
        ],
        "rating" : 4
}
{
        "_id" : ObjectId("5ca47e5b2952ebdd7ae2a931"),
        "name" : "padmavat",
        "rating" : 3,
        "price" : 400,
        "ticket_no" : 300,
        "actor" : [
                "Deepika",
                "shahid kapoor",
                "ranveer singh",
                "aditi Rao",
                "aaaaa"
        ],
        "cancellation" : {
                "date" : Timestamp(1567175239, 1)
        },
        "modified" : ISODate("2021-07-17T04:47:36.309Z"),
        "lastchange" : {
                "modified" : ISODate("2021-07-17T04:52:02.517Z"),
                "reason" : "public demand"
        }
}
{
        "_id" : ObjectId("5d6935a3470e2bef2a82cdfa"),
        "name" : "mission mangal",
        "price" : 456,
        "actor" : [
                "Sonakshi",
                "Vidya Balan"
        ],
        "rating" : 4,
        "ticket_no" : 10
}
{
        "_id" : ObjectId("5c865923d82c19b8ed996550"),
        "name" : "Dil dhadakane do",
        "rating" : 4,
        "price" : 444,
        "actor" : "['Anil kapoor']"
}
{
        "_id" : ObjectId("5c8283789eb55675f0272933"),
        "name" : "uri",
        "rating" : 5,
        "actor" : [
                "vicky kaushal",
                "yami",
                "Paresh Rawal",
                "mohit raina",
                "kirti kilhari",
                "rajit kapur",
                "akash deep"
        ],
        "ticket_no" : 10
}
{
        "_id" : ObjectId("5ca47ef82952ebdd7ae2a932"),
        "name" : "newton",
        "ticket_no" : 690,
        "actor" : [
                "Rajkumar Rao",
                "Pankaj Tripathi"
        ],
        "price" : 408,
        "lastmodified" : ISODate("2019-09-28T14:47:49.204Z"),
        "rating" : 4
}
{
        "_id" : ObjectId("5ca453ef2952ebdd7ae2a92f"),
        "name" : "Kesari",
        "actor" : [
                "Akshay Kumar",
                "Pariniti chopra"
        ],
        "rating" : 4,
        "price" : 456,
        "ticket_no" : 280,
        "rdate" : ISODate("2019-01-23T00:00:00Z")
}
{
        "_id" : ObjectId("5aaa3334639395f86922a880"),
        "name" : "lagaan",
        "actor" : [
                "amir",
                "angraz"
        ],
        "rating" : 4,
        "ticket_no" : 420,
        "price" : 456,
        "cancellation" : {
                "date" : Timestamp(1554356003, 1),
                "reason" : "user request"
        },
        "lastModified" : ISODate("2019-04-04T05:33:23.022Z")
}
{
        "_id" : ObjectId("5aab6da4639395f86922a883"),
        "name" : "kahani 2",
        "ticket_no" : 830,
        "actor" : [
                "vidya",
                "Arjun",
                "Jonny",
                "nawaz",
                "prasad",
                "Shreyas",
                "Jonny",
                "yash"
        ],
        "rating" : 4,
        "price" : 756
}
{
        "_id" : ObjectId("5d8f6eec620d2353221b91dd"),
        "price" : 336,
        "rating" : 3
}
{
        "_id" : ObjectId("5d8f51ce065d3e2aa902aa22"),
        "name" : "dream girl",
        "actor" : [
                "ayushman",
                "nushrat bharucha"
        ],
        "price" : 300,
        "rating" : null
}
{
        "_id" : ObjectId("5d89e9adfd4adc2f84279f43"),
        "name" : "chichore",
        "price" : 328.8,
        "rating" : 3,
        "actor" : [
                "sushant",
                "shradha kapoor",
                "zzz",
                "harshal"
        ],
        "ticket_no" : 10
}
{
        "_id" : ObjectId("5aaa3334639395f86922a881"),
        "name" : "sholay",
        "actor" : [
                "Dharamendra",
                "Amitabh",
                "Sachin Pilgaokar",
                "Dharamendra",
                "Dharamendra",
                "Mr. Khote",
                "jaya bacchan",
                "sanjiv kapoor"
        ],
        "rating" : 4,
        "ticket_no" : 560,
        "price" : 456,
        "position" : [
                2,
                2
        ]
}
{
        "_id" : ObjectId("5ca456072952ebdd7ae2a930"),
        "name" : "paa",
        "actor" : [
                "Amitabh",
                "vidya balan",
                "Abhishek"
        ],
        "rating" : 2,
        "price" : 324,
        "ticket_no" : 210,
        "rdate" : ISODate("2019-01-23T00:00:00Z")
}
{
        "_id" : ObjectId("5aaa31a2639395f86922a87e"),
        "name" : "kahani",
        "actor" : [
                "aaaa",
                "bbbb",
                "karan",
                "karri",
                "vidya"
        ],
        "ticket_no" : 430,
        "price" : 516,
        "actors" : [
                "bbbb"
        ],
        "rating" : 4,
        "lastmodified" : ISODate("2019-04-07T11:25:40.634Z")
}
{
        "_id" : ObjectId("5bf6a36f57b2d4cc676c7a95"),
        "name" : "Andhadhund",
        "price" : 516,
        "actor" : [
                "Ayushman",
                "radhika"
        ],
        "rating" : 4
}
> db.movie.find({name:'chichore'})
{ "_id" : ObjectId("5d89e9adfd4adc2f84279f43"), "name" : "chichore", "price" : 328.8, "rating" : 3, "actor" : [ "sushant", "shradha kapoor", "zzz", "harshal" ], "ticket_no" : 10 }
> db.movie.find({name:'chichore'}).pretty()
{
        "_id" : ObjectId("5d89e9adfd4adc2f84279f43"),
        "name" : "chichore",
        "price" : 328.8,
        "rating" : 3,
        "actor" : [
                "sushant",
                "shradha kapoor",
                "zzz",
                "harshal"
        ],
        "ticket_no" : 10
}
> db.movie.update({name:'3 idiots'},{$pull:{actor:'zzz'}},{multi:true})
WriteResult({ "nMatched" : 1, "nUpserted" : 0, "nModified" : 0 })
> db.movie.update({name:'chichore'},{$pull:{actor:'zzz'}},{multi:true})
WriteResult({ "nMatched" : 1, "nUpserted" : 0, "nModified" : 1 })
> db.movie.find({name:'chichore'}).pretty()
{
        "_id" : ObjectId("5d89e9adfd4adc2f84279f43"),
        "name" : "chichore",
        "price" : 328.8,
        "rating" : 3,
        "actor" : [
                "sushant",
                "shradha kapoor",
                "harshal"
        ],
        "ticket_no" : 10
}
> db.movie.find({name:'kahani'}).pretty()
{
        "_id" : ObjectId("5aaa31a2639395f86922a87e"),
        "name" : "kahani",
        "actor" : [
                "aaaa",
                "bbbb",
                "karan",
                "karri",
                "vidya"
        ],
        "ticket_no" : 430,
        "price" : 516,
        "actors" : [
                "bbbb"
        ],
        "rating" : 4,
        "lastmodified" : ISODate("2019-04-07T11:25:40.634Z")
}
> db.movie.update({name:'kahani'},{$pull:{actor:{$in:['aaa','bbb']}}},{multi:true})
WriteResult({ "nMatched" : 1, "nUpserted" : 0, "nModified" : 0 })
> db.movie.find({name:'kahani'}).pretty()
{
        "_id" : ObjectId("5aaa31a2639395f86922a87e"),
        "name" : "kahani",
        "actor" : [
                "aaaa",
                "bbbb",
                "karan",
                "karri",
                "vidya"
        ],
        "ticket_no" : 430,
        "price" : 516,
        "actors" : [
                "bbbb"
        ],
        "rating" : 4,
        "lastmodified" : ISODate("2019-04-07T11:25:40.634Z")
}
> db.movie.update({name:'kahani'},{$pull:{actor:{$in:['aaaa','bbbb']}}},{multi:true})
WriteResult({ "nMatched" : 1, "nUpserted" : 0, "nModified" : 1 })
> db.movie.find({name:'kahani'}).pretty()
{
        "_id" : ObjectId("5aaa31a2639395f86922a87e"),
        "name" : "kahani",
        "actor" : [
                "karan",
                "karri",
                "vidya"
        ],
        "ticket_no" : 430,
        "price" : 516,
        "actors" : [
                "bbbb"
        ],
        "rating" : 4,
        "lastmodified" : ISODate("2019-04-07T11:25:40.634Z")
}
> db.student.find()
> use test
switched to db test
> db.student.find()
{ "_id" : 5, "grades" : [ { "grade" : 85, "mean" : 80, "std" : 100 }, { "grade" : 80, "mean" : 95, "std" : 10 }, { "grade" : 82, "mean" : 90, "std" : 12 }, { "grade" : 98, "mean" : 10, "std" : 5 } ] }
{ "_id" : 6, "grades" : [ { "grade" : 88, "maen" : 2, "std" : 3, "mean" : 5 }, { "grade" : 80, "mean" : 8, "std" : 4 }, { "grade" : 90, "mean" : 9, "std" : 5 }, { "grade" : 98, "mean" : 10, "std" : 5 } ] }
> db.student.find().pretty()
{
        "_id" : 5,
        "grades" : [
                {
                        "grade" : 85,
                        "mean" : 80,
                        "std" : 100
                },
                {
                        "grade" : 80,
                        "mean" : 95,
                        "std" : 10
                },
                {
                        "grade" : 82,
                        "mean" : 90,
                        "std" : 12
                },
                {
                        "grade" : 98,
                        "mean" : 10,
                        "std" : 5
                }
        ]
}
{
        "_id" : 6,
        "grades" : [
                {
                        "grade" : 88,
                        "maen" : 2,
                        "std" : 3,
                        "mean" : 5
                },
                {
                        "grade" : 80,
                        "mean" : 8,
                        "std" : 4
                },
                {
                        "grade" : 90,
                        "mean" : 9,
                        "std" : 5
                },
                {
                        "grade" : 98,
                        "mean" : 10,
                        "std" : 5
                }
        ]
}
> db.student.update({_id:6},{$inc:{'grades.$[].mean:3}},{multi:true})
2021-07-17T11:35:58.210+0530 E  QUERY    [js] SyntaxError: '' literal not terminated before end of script :
@(shell):1:67
> db.student.update({_id:6},{$inc:{'grades.$[].mean':3}},{multi:true})
WriteResult({ "nMatched" : 1, "nUpserted" : 0, "nModified" : 1 })
> db.student.find().pretty()
{
        "_id" : 5,
        "grades" : [
                {
                        "grade" : 85,
                        "mean" : 80,
                        "std" : 100
                },
                {
                        "grade" : 80,
                        "mean" : 95,
                        "std" : 10
                },
                {
                        "grade" : 82,
                        "mean" : 90,
                        "std" : 12
                },
                {
                        "grade" : 98,
                        "mean" : 10,
                        "std" : 5
                }
        ]
}
{
        "_id" : 6,
        "grades" : [
                {
                        "grade" : 88,
                        "maen" : 2,
                        "std" : 3,
                        "mean" : 8
                },
                {
                        "grade" : 80,
                        "mean" : 11,
                        "std" : 4
                },
                {
                        "grade" : 90,
                        "mean" : 12,
                        "std" : 5
                },
                {
                        "grade" : 98,
                        "mean" : 13,
                        "std" : 5
                }
        ]
}
> db.student.update({_id:6,'grades.grade':{$gt:88}},{$inc:{'grades.$.mean':3}},{multi:true})
WriteResult({ "nMatched" : 1, "nUpserted" : 0, "nModified" : 1 })
> db.student.find().pretty()
{
        "_id" : 5,
        "grades" : [
                {
                        "grade" : 85,
                        "mean" : 80,
                        "std" : 100
                },
                {
                        "grade" : 80,
                        "mean" : 95,
                        "std" : 10
                },
                {
                        "grade" : 82,
                        "mean" : 90,
                        "std" : 12
                },
                {
                        "grade" : 98,
                        "mean" : 10,
                        "std" : 5
                }
        ]
}
{
        "_id" : 6,
        "grades" : [
                {
                        "grade" : 88,
                        "maen" : 2,
                        "std" : 3,
                        "mean" : 8
                },
                {
                        "grade" : 80,
                        "mean" : 11,
                        "std" : 4
                },
                {
                        "grade" : 90,
                        "mean" : 15,
                        "std" : 5
                },
                {
                        "grade" : 98,
                        "mean" : 13,
                        "std" : 5
                }
        ]
}
> db.student.update({_id:6 },{$inc:{'grades.$[elem].mean':3}},
... {multi:true,
... arrayFilters:[{elem.grade:{$gt:88}}]
... })
2021-07-17T11:46:12.943+0530 E  QUERY    [js] SyntaxError: missing : after property id :
@(shell):3:19
> db.student.update({_id:6 },{$inc:{'grades.$[elem].mean':3}}, {multi:true, arrayFilters:[{'elem.grade':{$gt:88}}] })
WriteResult({ "nMatched" : 1, "nUpserted" : 0, "nModified" : 1 })
> show collections
books
emp
employee
movie
mycollection
mycollection1
mycollection123
mytravel
product
restaurent
sstud
student
testcollection
testunwind
> db.product.find()
{ "_id" : ObjectId("6068410724ef6361fb602088"), "id" : 12, "name" : "furniture", "items" : [ { "category" : "table", "price" : 2050 }, { "category" : "chocolate", "price" : 2050 }, { "category" : "biscuits", "price" : 2050 } ] }
{ "_id" : ObjectId("6068412624ef6361fb602089"), "id" : 13, "name" : "eatable", "items" : [ { "category" : "chips", "price" : 50 }, { "category" : "chocolate", "price" : 50 }, { "category" : "biscuits", "price" : 50 } ] }
{ "_id" : ObjectId("6068413c24ef6361fb60208a"), "id" : 15, "name" : "toys", "items" : [ { "category" : "cars", "price" : 2500 }, { "category" : "dolls", "price" : 1500 } ] }
> db.product.find().pretty()
{
        "_id" : ObjectId("6068410724ef6361fb602088"),
        "id" : 12,
        "name" : "furniture",
        "items" : [
                {
                        "category" : "table",
                        "price" : 2050
                },
                {
                        "category" : "chocolate",
                        "price" : 2050
                },
                {
                        "category" : "biscuits",
                        "price" : 2050
                }
        ]
}
{
        "_id" : ObjectId("6068412624ef6361fb602089"),
        "id" : 13,
        "name" : "eatable",
        "items" : [
                {
                        "category" : "chips",
                        "price" : 50
                },
                {
                        "category" : "chocolate",
                        "price" : 50
                },
                {
                        "category" : "biscuits",
                        "price" : 50
                }
        ]
}
{
        "_id" : ObjectId("6068413c24ef6361fb60208a"),
        "id" : 15,
        "name" : "toys",
        "items" : [
                {
                        "category" : "cars",
                        "price" : 2500
                },
                {
                        "category" : "dolls",
                        "price" : 1500
                }
        ]
}
> db.product.update({name:'eatable'},{$inc:{'items.$[].price':10}},{multi:true})
WriteResult({ "nMatched" : 1, "nUpserted" : 0, "nModified" : 1 })
> db.product.find().pretty()
{
        "_id" : ObjectId("6068410724ef6361fb602088"),
        "id" : 12,
        "name" : "furniture",
        "items" : [
                {
                        "category" : "table",
                        "price" : 2050
                },
                {
                        "category" : "chocolate",
                        "price" : 2050
                },
                {
                        "category" : "biscuits",
                        "price" : 2050
                }
        ]
}
{
        "_id" : ObjectId("6068412624ef6361fb602089"),
        "id" : 13,
        "name" : "eatable",
        "items" : [
                {
                        "category" : "chips",
                        "price" : 60
                },
                {
                        "category" : "chocolate",
                        "price" : 60
                },
                {
                        "category" : "biscuits",
                        "price" : 60
                }
        ]
}
{
        "_id" : ObjectId("6068413c24ef6361fb60208a"),
        "id" : 15,
        "name" : "toys",
        "items" : [
                {
                        "category" : "cars",
                        "price" : 2500
                },
                {
                        "category" : "dolls",
                        "price" : 1500
                }
        ]
}
> db.product.update({},{$inc:{'items.$[].price':10}},{multi:true})
WriteResult({ "nMatched" : 3, "nUpserted" : 0, "nModified" : 3 })
> db.product.find().pretty()
{
        "_id" : ObjectId("6068410724ef6361fb602088"),
        "id" : 12,
        "name" : "furniture",
        "items" : [
                {
                        "category" : "table",
                        "price" : 2060
                },
                {
                        "category" : "chocolate",
                        "price" : 2060
                },
                {
                        "category" : "biscuits",
                        "price" : 2060
                }
        ]
}
{
        "_id" : ObjectId("6068412624ef6361fb602089"),
        "id" : 13,
        "name" : "eatable",
        "items" : [
                {
                        "category" : "chips",
                        "price" : 70
                },
                {
                        "category" : "chocolate",
                        "price" : 70
                },
                {
                        "category" : "biscuits",
                        "price" : 70
                }
        ]
}
{
        "_id" : ObjectId("6068413c24ef6361fb60208a"),
        "id" : 15,
        "name" : "toys",
        "items" : [
                {
                        "category" : "cars",
                        "price" : 2510
                },
                {
                        "category" : "dolls",
                        "price" : 1510
                }
        ]
}
> db.product.update({'items.category':'chocolate'},{$inc:{'items.$.price':10}},{multi:true})
WriteResult({ "nMatched" : 2, "nUpserted" : 0, "nModified" : 2 })
> db.product.find().pretty()
{
        "_id" : ObjectId("6068410724ef6361fb602088"),
        "id" : 12,
        "name" : "furniture",
        "items" : [
                {
                        "category" : "table",
                        "price" : 2060
                },
                {
                        "category" : "chocolate",
                        "price" : 2070
                },
                {
                        "category" : "biscuits",
                        "price" : 2060
                }
        ]
}
{
        "_id" : ObjectId("6068412624ef6361fb602089"),
        "id" : 13,
        "name" : "eatable",
        "items" : [
                {
                        "category" : "chips",
                        "price" : 70
                },
                {
                        "category" : "chocolate",
                        "price" : 80
                },
                {
                        "category" : "biscuits",
                        "price" : 70
                }
        ]
}
{
        "_id" : ObjectId("6068413c24ef6361fb60208a"),
        "id" : 15,
        "name" : "toys",
        "items" : [
                {
                        "category" : "cars",
                        "price" : 2510
                },
                {
                        "category" : "dolls",
                        "price" : 1510
                }
        ]
}
> db.product.update({'items.category':'chocolate'},{$inc:{'items.$.price':10}},{multi:true})
WriteResult({ "nMatched" : 2, "nUpserted" : 0, "nModified" : 2 })
>
>
>
>
>
> db.movie.find().pretty()
{
        "_id" : ObjectId("5c865923d82c19b8ed996550"),
        "name" : "dil",
        "rating" : 3,
        "price" : 300,
        "actor" : "['Anil kapoor']",
        "ticket_num" : 300,
        "release_date" : ISODate("2020-03-10T00:00:00Z")
}
{
        "_id" : ObjectId("5aaa3334639395f86922a881"),
        "name" : "sholay",
        "actor" : [
                "Dharamendra",
                "Amitabh",
                "Sachin Pilgaokar",
                "Dharamendra",
                "Dharamendra",
                "Mr. Khote",
                "jaya bacchan",
                "sanjiv kapoor"
        ],
        "rating" : 3,
        "price" : 420,
        "position" : [
                2,
                2
        ],
        "ticket_num" : 400,
        "release_date" : ISODate("2020-03-10T00:00:00Z")
}
{
        "_id" : ObjectId("5aaa3334639395f86922a882"),
        "name" : "aradhana",
        "actor" : [
                "amitabh",
                "prem",
                "rajesh khanna"
        ],
        "rating" : 3,
        "price" : 260,
        "ticket_num" : 550,
        "release_date" : ISODate("2020-03-10T00:00:00Z")
}
{
        "_id" : ObjectId("5d6935a3470e2bef2a82cdfa"),
        "name" : "mission mangal",
        "price" : 350,
        "actor" : [
                "Sonakshi",
                "Vidya Balan"
        ],
        "rating" : 6,
        "release_date" : ISODate("2019-12-10T00:00:00Z")
}
{
        "_id" : ObjectId("5ca47e5b2952ebdd7ae2a931"),
        "name" : "padmavat",
        "price" : 600,
        "actor" : [
                "Deepika",
                "shahid kapoor",
                "ranveer singh",
                "aditi Rao",
                "aaaaa"
        ],
        "cancellation" : {
                "date" : Timestamp(1567175239, 1)
        },
        "ticket_num" : 300
}
{
        "_id" : ObjectId("5c8283789eb55675f0272933"),
        "name" : "uri",
        "rating" : 8,
        "actor" : [
                "vicky kaushal",
                "yami",
                "Paresh Rawal"
        ],
        "ticket_num" : 200
}
{ "_id" : ObjectId("5d8f6eec620d2353221b91dd"), "price" : 280 }
{
        "_id" : ObjectId("5d89e9adfd4adc2f84279f43"),
        "name" : "chichore",
        "price" : 274,
        "rating" : 4.3,
        "actor" : [
                "sushant",
                "shradha kapoor",
                "zzz",
                "harshal"
        ]
}
{
        "_id" : ObjectId("5bf6a38c57b2d4cc676c7a96"),
        "name" : "Andhadhund",
        "price" : null,
        "actor" : [
                "Tabbu"
        ]
}
{
        "_id" : ObjectId("5aaa31ee639395f86922a87f"),
        "name" : "3 idiots",
        "actor" : [
                "Kareena Kapoor",
                "amir",
                "kareena",
                "mahadavan",
                "sharman"
        ],
        "rating" : 5,
        "price" : 400,
        "ticket_num" : 150,
        "modified" : ISODate("2021-06-11T09:20:55.016Z"),
        "release_date" : ISODate("2020-12-10T00:00:00Z")
}
{
        "_id" : ObjectId("5d8f51ce065d3e2aa902aa22"),
        "name" : "dream girl",
        "actor" : [
                "ayushman",
                "nushrat bharucha"
        ],
        "price" : 250,
        "rating" : null
}
{
        "_id" : ObjectId("5ca47ef82952ebdd7ae2a932"),
        "name" : "newton",
        "actor" : [
                "Rajkumar Rao",
                "Pankaj Tripathi"
        ],
        "price" : 310,
        "lastmodified" : ISODate("2019-09-28T14:47:49.204Z"),
        "ticket_num" : 690,
        "rating" : 4
}
{
        "_id" : ObjectId("5bf6a36f57b2d4cc676c7a95"),
        "name" : "Andhadhund",
        "price" : 400,
        "actor" : [
                "Ayushman",
                "radhika"
        ],
        "rating" : 5,
        "release_date" : ISODate("2020-12-10T00:00:00Z")
}
{
        "_id" : ObjectId("5aaa31a2639395f86922a87e"),
        "name" : "kahani",
        "actor" : [
                "aaaa",
                "bbbb",
                "karan",
                "karri",
                "vidya"
        ],
        "price" : 400,
        "actors" : [
                "bbbb"
        ],
        "rating" : 5,
        "lastmodified" : ISODate("2021-03-28T06:02:21.192Z"),
        "modified" : ISODate("2021-06-11T09:20:55.016Z"),
        "ticket_num" : 420,
        "release_date" : ISODate("2020-12-10T00:00:00Z")
}
{
        "_id" : ObjectId("5ca456072952ebdd7ae2a930"),
        "name" : "paa",
        "actor" : [
                "Amitabh",
                "vidya balan",
                "Abhishek"
        ],
        "rating" : 3,
        "price" : 324,
        "rdate" : ISODate("2019-01-23T00:00:00Z"),
        "others" : {
                "director" : "R Balki",
                "songs" : "Amit trivedi"
        },
        "ticket_num" : 400,
        "release_date" : ISODate("2020-03-10T00:00:00Z")
}
{
        "_id" : ObjectId("5aaa3334639395f86922a880"),
        "name" : "lagaan",
        "actor" : [
                "amir",
                "angraz"
        ],
        "rating" : 6,
        "price" : 350,
        "cancellation" : {
                "date" : Timestamp(1554356003, 1),
                "reason" : "user request"
        },
        "lastModified" : ISODate("2019-04-04T05:33:23.022Z"),
        "ticket_num" : 410,
        "release_date" : ISODate("2019-12-10T00:00:00Z")
}
{
        "_id" : ObjectId("5ca453ef2952ebdd7ae2a92f"),
        "name" : "Kesari",
        "actor" : [
                "Akshay Kumar",
                "Pariniti chopra"
        ],
        "rating" : 6,
        "price" : 350,
        "rdate" : ISODate("2019-01-23T00:00:00Z"),
        "ticket_num" : 270,
        "release_date" : ISODate("2019-12-10T00:00:00Z")
}
{
        "_id" : ObjectId("5aab6da4639395f86922a883"),
        "name" : "kahani 2",
        "actor" : [
                "Arjun",
                "yyyy",
                "Jonny",
                "nawaz",
                "Vidya",
                "shreyas"
        ],
        "rating" : 5,
        "price" : 400,
        "lastmodified" : ISODate("2021-03-28T06:02:21.192Z"),
        "modified" : ISODate("2021-06-11T09:20:55.016Z"),
        "ticket_num" : 820,
        "release_date" : ISODate("2020-12-10T00:00:00Z")
}
{
        "_id" : ObjectId("60f1294048242d5ac4913297"),
        "name" : 111,
        "price" : 300
}
> db.movie.update({name:'kahani 2'},{$rename:{'release_date':'release_dt'}},{multi:true})
WriteResult({ "nMatched" : 1, "nUpserted" : 0, "nModified" : 1 })
> db.movie.find().pretty()
{
        "_id" : ObjectId("5c865923d82c19b8ed996550"),
        "name" : "dil",
        "rating" : 3,
        "price" : 300,
        "actor" : "['Anil kapoor']",
        "ticket_num" : 300,
        "release_date" : ISODate("2020-03-10T00:00:00Z")
}
{
        "_id" : ObjectId("5aaa3334639395f86922a881"),
        "name" : "sholay",
        "actor" : [
                "Dharamendra",
                "Amitabh",
                "Sachin Pilgaokar",
                "Dharamendra",
                "Dharamendra",
                "Mr. Khote",
                "jaya bacchan",
                "sanjiv kapoor"
        ],
        "rating" : 3,
        "price" : 420,
        "position" : [
                2,
                2
        ],
        "ticket_num" : 400,
        "release_date" : ISODate("2020-03-10T00:00:00Z")
}
{
        "_id" : ObjectId("5aaa3334639395f86922a882"),
        "name" : "aradhana",
        "actor" : [
                "amitabh",
                "prem",
                "rajesh khanna"
        ],
        "rating" : 3,
        "price" : 260,
        "ticket_num" : 550,
        "release_date" : ISODate("2020-03-10T00:00:00Z")
}
{
        "_id" : ObjectId("5d6935a3470e2bef2a82cdfa"),
        "name" : "mission mangal",
        "price" : 350,
        "actor" : [
                "Sonakshi",
                "Vidya Balan"
        ],
        "rating" : 6,
        "release_date" : ISODate("2019-12-10T00:00:00Z")
}
{
        "_id" : ObjectId("5ca47e5b2952ebdd7ae2a931"),
        "name" : "padmavat",
        "price" : 600,
        "actor" : [
                "Deepika",
                "shahid kapoor",
                "ranveer singh",
                "aditi Rao",
                "aaaaa"
        ],
        "cancellation" : {
                "date" : Timestamp(1567175239, 1)
        },
        "ticket_num" : 300
}
{
        "_id" : ObjectId("5c8283789eb55675f0272933"),
        "name" : "uri",
        "rating" : 8,
        "actor" : [
                "vicky kaushal",
                "yami",
                "Paresh Rawal"
        ],
        "ticket_num" : 200
}
{ "_id" : ObjectId("5d8f6eec620d2353221b91dd"), "price" : 280 }
{
        "_id" : ObjectId("5d89e9adfd4adc2f84279f43"),
        "name" : "chichore",
        "price" : 274,
        "rating" : 4.3,
        "actor" : [
                "sushant",
                "shradha kapoor",
                "zzz",
                "harshal"
        ]
}
{
        "_id" : ObjectId("5bf6a38c57b2d4cc676c7a96"),
        "name" : "Andhadhund",
        "price" : null,
        "actor" : [
                "Tabbu"
        ]
}
{
        "_id" : ObjectId("5aaa31ee639395f86922a87f"),
        "name" : "3 idiots",
        "actor" : [
                "Kareena Kapoor",
                "amir",
                "kareena",
                "mahadavan",
                "sharman"
        ],
        "rating" : 5,
        "price" : 400,
        "ticket_num" : 150,
        "modified" : ISODate("2021-06-11T09:20:55.016Z"),
        "release_date" : ISODate("2020-12-10T00:00:00Z")
}
{
        "_id" : ObjectId("5d8f51ce065d3e2aa902aa22"),
        "name" : "dream girl",
        "actor" : [
                "ayushman",
                "nushrat bharucha"
        ],
        "price" : 250,
        "rating" : null
}
{
        "_id" : ObjectId("5ca47ef82952ebdd7ae2a932"),
        "name" : "newton",
        "actor" : [
                "Rajkumar Rao",
                "Pankaj Tripathi"
        ],
        "price" : 310,
        "lastmodified" : ISODate("2019-09-28T14:47:49.204Z"),
        "ticket_num" : 690,
        "rating" : 4
}
{
        "_id" : ObjectId("5bf6a36f57b2d4cc676c7a95"),
        "name" : "Andhadhund",
        "price" : 400,
        "actor" : [
                "Ayushman",
                "radhika"
        ],
        "rating" : 5,
        "release_date" : ISODate("2020-12-10T00:00:00Z")
}
{
        "_id" : ObjectId("5aaa31a2639395f86922a87e"),
        "name" : "kahani",
        "actor" : [
                "aaaa",
                "bbbb",
                "karan",
                "karri",
                "vidya"
        ],
        "price" : 400,
        "actors" : [
                "bbbb"
        ],
        "rating" : 5,
        "lastmodified" : ISODate("2021-03-28T06:02:21.192Z"),
        "modified" : ISODate("2021-06-11T09:20:55.016Z"),
        "ticket_num" : 420,
        "release_date" : ISODate("2020-12-10T00:00:00Z")
}
{
        "_id" : ObjectId("5ca456072952ebdd7ae2a930"),
        "name" : "paa",
        "actor" : [
                "Amitabh",
                "vidya balan",
                "Abhishek"
        ],
        "rating" : 3,
        "price" : 324,
        "rdate" : ISODate("2019-01-23T00:00:00Z"),
        "others" : {
                "director" : "R Balki",
                "songs" : "Amit trivedi"
        },
        "ticket_num" : 400,
        "release_date" : ISODate("2020-03-10T00:00:00Z")
}
{
        "_id" : ObjectId("5aaa3334639395f86922a880"),
        "name" : "lagaan",
        "actor" : [
                "amir",
                "angraz"
        ],
        "rating" : 6,
        "price" : 350,
        "cancellation" : {
                "date" : Timestamp(1554356003, 1),
                "reason" : "user request"
        },
        "lastModified" : ISODate("2019-04-04T05:33:23.022Z"),
        "ticket_num" : 410,
        "release_date" : ISODate("2019-12-10T00:00:00Z")
}
{
        "_id" : ObjectId("5ca453ef2952ebdd7ae2a92f"),
        "name" : "Kesari",
        "actor" : [
                "Akshay Kumar",
                "Pariniti chopra"
        ],
        "rating" : 6,
        "price" : 350,
        "rdate" : ISODate("2019-01-23T00:00:00Z"),
        "ticket_num" : 270,
        "release_date" : ISODate("2019-12-10T00:00:00Z")
}
{
        "_id" : ObjectId("5aab6da4639395f86922a883"),
        "name" : "kahani 2",
        "actor" : [
                "Arjun",
                "yyyy",
                "Jonny",
                "nawaz",
                "Vidya",
                "shreyas"
        ],
        "rating" : 5,
        "price" : 400,
        "lastmodified" : ISODate("2021-03-28T06:02:21.192Z"),
        "modified" : ISODate("2021-06-11T09:20:55.016Z"),
        "ticket_num" : 820,
        "release_dt" : ISODate("2020-12-10T00:00:00Z")
}
{
        "_id" : ObjectId("60f1294048242d5ac4913297"),
        "name" : 111,
        "price" : 300
}
> db.movie.getIndexes()
[
        {
                "v" : 2,
                "key" : {
                        "_id" : 1
                },
                "name" : "_id_",
                "ns" : "test.movie"
        },
        {
                "v" : 2,
                "key" : {
                        "sal" : -1,
                        "name" : 1
                },
                "name" : "sal_-1_name_1",
                "ns" : "test.movie"
        }
]
> use iacsdedac
switched to db iacsdedac
> db.movie.getIndexes()
[
        {
                "v" : 2,
                "key" : {
                        "_id" : 1
                },
                "name" : "_id_",
                "ns" : "iacsdedac.movie"
        }
]
> db.movie.createIndex({name:1})
{
        "createdCollectionAutomatically" : false,
        "numIndexesBefore" : 1,
        "numIndexesAfter" : 2,
        "ok" : 1
}
> db.movie.getIndexes()
[
        {
                "v" : 2,
                "key" : {
                        "_id" : 1
                },
                "name" : "_id_",
                "ns" : "iacsdedac.movie"
        },
        {
                "v" : 2,
                "key" : {
                        "name" : 1
                },
                "name" : "name_1",
                "ns" : "iacsdedac.movie"
        }
]
> db.movie.createIndex({name:1,price:-1})
{
        "createdCollectionAutomatically" : false,
        "numIndexesBefore" : 2,
        "numIndexesAfter" : 3,
        "ok" : 1
}
> db.movie.getIndexes()
[
        {
                "v" : 2,
                "key" : {
                        "_id" : 1
                },
                "name" : "_id_",
                "ns" : "iacsdedac.movie"
        },
        {
                "v" : 2,
                "key" : {
                        "name" : 1
                },
                "name" : "name_1",
                "ns" : "iacsdedac.movie"
        },
        {
                "v" : 2,
                "key" : {
                        "name" : 1,
                        "price" : -1
                },
                "name" : "name_1_price_-1",
                "ns" : "iacsdedac.movie"
        }
]
> db.movie.dropIndex('name_1_price_-1')
{ "nIndexesWas" : 3, "ok" : 1 }
> db.movie.getIndexes()
[
        {
                "v" : 2,
                "key" : {
                        "_id" : 1
                },
                "name" : "_id_",
                "ns" : "iacsdedac.movie"
        },
        {
                "v" : 2,
                "key" : {
                        "name" : 1
                },
                "name" : "name_1",
                "ns" : "iacsdedac.movie"
        }
]
>