Enter password: *******
Welcome to the MySQL monitor.  Commands end with ; or \g.
Your MySQL connection id is 8
Server version: 8.0.22 MySQL Community Server - GPL

Copyright (c) 2000, 2020, Oracle and/or its affiliates. All rights reserved.

Oracle is a registered trademark of Oracle Corporation and/or its
affiliates. Other names may be trademarks of their respective
owners.

Type 'help;' or '\h' for help. Type '\c' to clear the current input statement.

mysql> use iacsdedacmay21
Database changed
mysql> delimiter //
mysql> create procedure insertDeptRec(pdno int,pdnm varchar(20),pdloc varchar(20))
    -> begin
    ->       insert into dept values(pdno,pdnm,pdloc);
    -> end//
Query OK, 0 rows affected (0.02 sec)

mysql> delimiter ;
mysql> call insertDeptRec(21,'MYDEPT','Chennai')
    -> ;
ERROR 1136 (21S01): Column count doesn't match value count at row 1
mysql> desc dept
    -> ;
+-------------+-------------+------+-----+---------+-------+
| Field       | Type        | Null | Key | Default | Extra |
+-------------+-------------+------+-----+---------+-------+
| DEPTNO      | int         | NO   | PRI | NULL    |       |
| DNAME       | varchar(14) | YES  |     | NULL    |       |
| LOC         | varchar(13) | YES  |     | NULL    |       |
| description | varchar(20) | YES  |     | NULL    |       |
+-------------+-------------+------+-----+---------+-------+
4 rows in set (0.01 sec)

mysql> alter table dept
    -> drop column description;
Query OK, 0 rows affected (0.06 sec)
Records: 0  Duplicates: 0  Warnings: 0

mysql> call insertDeptRec(21,'MYDEPT','Chennai')
    -> ;
Query OK, 1 row affected (0.01 sec)

mysql> select * from dept;
+--------+------------+----------+
| DEPTNO | DNAME      | LOC      |
+--------+------------+----------+
|     10 | ACCOUNTING | NEW YORK |
|     20 | RESEARCH   | DALLAS   |
|     21 | MYDEPT     | Chennai  |
|     30 | SALES      | CHICAGO  |
|     40 | OPERATIONS | BOSTON   |
+--------+------------+----------+
5 rows in set (0.00 sec)

mysql> show procedures status where db='iacsdedacmay21;
    '> ^C
mysql> show procedures status where db='iacsdedacmay21';
ERROR 1064 (42000): You have an error in your SQL syntax; check the manual that corresponds to your MySQL server version for the right syntax to use near 'procedures status where db='iacsdedacmay21'' at line 1
mysql> show procedures status;
ERROR 1064 (42000): You have an error in your SQL syntax; check the manual that corresponds to your MySQL server version for the right syntax to use near 'procedures status' at line 1
mysql> show procedure status;
+----------------+-------------------------------------+-----------+---------------------+---------------------+---------------------+---------------+--------------------------------------------------------------------------------------------------------------------------------------------------------------------------------------------------------------------------------------------------------------------------------------------------------------------------------------------------------------------------------------------------------------------------------------------------------------------------------------------------------------------------------------------------------------------------------------------------------------------------------------------------------------------------------------------------------------------------------------------------------------------------------------------------------------------------------------------------------------------------------------------------------------------------------------------------------------------------------------------------------------------------------------------------------------------------------------------------------------------------------------------------------------------------------------------------------------------------------------------------------------------------------------------------------------------------------------------------------------------------------------------------------------------------------------------------------------------------------------------------------------------------------------------------------------------------------------------------------------------------------------------------------------------------------------------------------------------------------------------------------------------------------------------------------------------------------------------------------------------------------------------------------------------------------------------------------------------------------------------------------------------------------------------------------------------------------------------------------------------------------------------------------------------------------------------------------------------------------------------------------------------------------------------------------------------------------------------------------------------------------------------------------------------------------------------------------------------------------------------------------------------------------------------------------------------------------------------------------------------------------------------------------------------------------------------------------------------------------------------------------------------------------------------------------------------------------------------------------------------------------------------------------------------------------------------------------------------------------------------------------------------------------------------------------------------------------------------------------------------------------------------------------------------------------------------------------------------------------------------------------------------------------------------------------------------------------------------------------------------------------------------------------------------------------------------------------------------------------------------------------------------------------------------------------------------------------------------------------------------------------------------------------------------------------------------------------------------------------------------------------------------------------------------------------------------------------------------------------------------------------------------------------------------------------------------------------------------------------------------------------------------------------------------------------------------------------------------------------------------------------------------------------------------------------------------------------------------------------------------------------------------------------------------------------------------------------------------------------------------------------------------------------------------------------------------------------------------------------------------------------------------------------------------------------------------------------------------------------------------------------------------------------------------------------------------------------------------------------------------------------------------------------------------------------------------------------------------------------------------------------------------------------------------------------------------------------------------------------------------------------------------------------------------------------------------------------------------------------------------------------------------------------------------------------------------------------------------------------------------------------------------------------------------------------------------------------------------------------------------------------------------------------------------------------------------------------------------------------------------------------------------------------------------------------------------------------------------------------------------------------------------------------------------------------------------------------------------------------------------------------------------------------------------------------------------------------------------------------------------------------------------------------------------------------------------------------------------------------------------------------------------------------------------------------------------------------------------------------------------------------------------------------------------------------------------------------------------------------------------------------------------------------------------------------------------------------------------------------------------------------------------------------------------------------------------------------------------------------------------------------------------------------------------------------------------------------------------------------------------------------------------------------------------------------------------------------------------------------------------------------------------------------------------------------------------------------------------------------------------------------------------------------------------------------------------------------------------------------------------------------------------------------------------------------------------------------------------------------------------------------------------------------------------------------------------------------------------------------------------------------------------------------------------------------------------------------------------------------------------------------------------------------------------------------------------------------------------------------------------------------------------------------------------------------------------------------------------------------------------------------------------------------------------------------------------------------------------------------------------------------------------------------------------------------------------------------------------------------------------------------------------------------------------------------------------------------------------------------------------------------------------------------------------------------------------------------------------------------------------------------------------------------------------------------------------------------------------------------------------------------------------------------------------------------------------------------------------------------------------------------------------------------------------------------------------------------------------------------------------------------------------------------------------------------------------------------------------------------------------------------------------------------------------------------------------------------------------------------------------------------------------------------------------------------------------------------------------------------------------------------------------------------------------------------------------------------------------------------------------------------------------------------------------------------------------------------------------------------------------------------------------------------------------------------------------------------------------------------------------------------------------------------------------------------------------------------------------------------------------------------------------------------------------------------------------------------------------------------------------------------------------------------------------------------------------------------------------------------------------------------------------------------------------------------------------------------------------------------------------------------------------------------------------------------------------------------------------------------------------------------------------------------------------------------------------------------------------------------------------------------------------------------------------------------------------------------------------------------------------------------------------------------------------------------------------------------------------------------------------------------------------------------------------------------------------------------------------------------------------------------------------------------------------------------------------------------------------------------------------------------------------------------------------------+----------------------+----------------------+--------------------+
| Db             | Name                                | Type      | Definer             | Modified            | Created             | Security_type | Comment                                                                                                                                                                                                                                                                                                                                                                                                                                                                                                                                                                                                                                                                                                                                                                                                                                                                                                                                                                                                                                                          | character_set_client | collation_connection | Database Collation |
+----------------+-------------------------------------+-----------+---------------------+---------------------+---------------------+---------------+--------------------------------------------------------------------------------------------------------------------------------------------------------------------------------------------------------------------------------------------------------------------------------------------------------------------------------------------------------------------------------------------------------------------------------------------------------------------------------------------------------------------------------------------------------------------------------------------------------------------------------------------------------------------------------------------------------------------------------------------------------------------------------------------------------------------------------------------------------------------------------------------------------------------------------------------------------------------------------------------------------------------------------------------------------------------------------------------------------------------------------------------------------------------------------------------------------------------------------------------------------------------------------------------------------------------------------------------------------------------------------------------------------------------------------------------------------------------------------------------------------------------------------------------------------------------------------------------------------------------------------------------------------------------------------------------------------------------------------------------------------------------------------------------------------------------------------------------------------------------------------------------------------------------------------------------------------------------------------------------------------------------------------------------------------------------------------------------------------------------------------------------------------------------------------------------------------------------------------------------------------------------------------------------------------------------------------------------------------------------------------------------------------------------------------------------------------------------------------------------------------------------------------------------------------------------------------------------------------------------------------------------------------------------------------------------------------------------------------------------------------------------------------------------------------------------------------------------------------------------------------------------------------------------------------------------------------------------------------------------------------------------------------------------------------------------------------------------------------------------------------------------------------------------------------------------------------------------------------------------------------------------------------------------------------------------------------------------------------------------------------------------------------------------------------------------------------------------------------------------------------------------------------------------------------------------------------------------------------------------------------------------------------------------------------------------------------------------------------------------------------------------------------------------------------------------------------------------------------------------------------------------------------------------------------------------------------------------------------------------------------------------------------------------------------------------------------------------------------------------------------------------------------------------------------------------------------------------------------------------------------------------------------------------------------------------------------------------------------------------------------------------------------------------------------------------------------------------------------------------------------------------------------------------------------------------------------------------------------------------------------------------------------------------------------------------------------------------------------------------------------------------------------------------------------------------------------------------------------------------------------------------------------------------------------------------------------------------------------------------------------------------------------------------------------------------------------------------------------------------------------------------------------------------------------------------------------------------------------------------------------------------------------------------------------------------------------------------------------------------------------------------------------------------------------------------------------------------------------------------------------------------------------------------------------------------------------------------------------------------------------------------------------------------------------------------------------------------------------------------------------------------------------------------------------------------------------------------------------------------------------------------------------------------------------------------------------------------------------------------------------------------------------------------------------------------------------------------------------------------------------------------------------------------------------------------------------------------------------------------------------------------------------------------------------------------------------------------------------------------------------------------------------------------------------------------------------------------------------------------------------------------------------------------------------------------------------------------------------------------------------------------------------------------------------------------------------------------------------------------------------------------------------------------------------------------------------------------------------------------------------------------------------------------------------------------------------------------------------------------------------------------------------------------------------------------------------------------------------------------------------------------------------------------------------------------------------------------------------------------------------------------------------------------------------------------------------------------------------------------------------------------------------------------------------------------------------------------------------------------------------------------------------------------------------------------------------------------------------------------------------------------------------------------------------------------------------------------------------------------------------------------------------------------------------------------------------------------------------------------------------------------------------------------------------------------------------------------------------------------------------------------------------------------------------------------------------------------------------------------------------------------------------------------------------------------------------------------------------------------------------------------------------------------------------------------------------------------------------------------------------------------------------------------------------------------------------------------------------------------------------------------------------------------------------------------------------------------------------------------------------------------------------------------------------------------------------------------------------------------------------------------------------------------------------------------------------------------------------------------------------------------------------------------------------------------------------------------------------------------------------------------------------------------------------------------------------------------------------------------------------------------------------------------------------------------------------------------------------------------------------------------------------------------------------------------------------------------------------------------------------------------------------------------------------------------------------------------------------------------------------------------------------------------------------------------------------------------------------------------------------------------------------------------------------------------------------------------------------------------------------------------------------------------------------------------------------------------------------------------------------------------------------------------------------------------------------------------------------------------------------------------------------------------------------------------------------------------------------------------------------------------------------------------------------------------------------------------------------------------------------------------------------------------------------------------------------------------------------------------------------------------------------------------------------------------------------------------------------------------------------------------------------------------------+----------------------+----------------------+--------------------+
| iacsdedacmay21 | insertDeptRec                       | PROCEDURE | root@localhost      | 2021-07-13 09:16:57 | 2021-07-13 09:16:57 | DEFINER       |                                                                                                                                                                                                                                                                                                                                                                                                                                                                                                                                                                                                                                                                                                                                                                                                                                                                                                                                                                                                                                                                  | cp850                | cp850_general_ci     | utf8mb4_0900_ai_ci |
| knowitdb       | calcBonus                           | PROCEDURE | root@localhost      | 2021-06-11 12:59:23 | 2021-06-11 12:59:23 | DEFINER       |                                                                                                                                                                                                                                                                                                                                                                                                                                                                                                                                                                                                                                                                                                                                                                                                                                                                                                                                                                                                                                                                  | cp850                | cp850_general_ci     | utf8mb4_0900_ai_ci |
| knowitdb       | displayinfo                         | PROCEDURE | root@localhost      | 2021-06-09 23:10:59 | 2021-06-09 23:10:59 | DEFINER       |                                                                                                                                                                                                                                                                                                                                                                                                                                                                                                                                                                                                                                                                                                                                                                                                                                                                                                                                                                                                                                                                  | cp850                | cp850_general_ci     | utf8mb4_0900_ai_ci |
| knowitdb       | display_data                        | PROCEDURE | root@localhost      | 2021-06-13 10:33:12 | 2021-06-13 10:33:12 | DEFINER       |                                                                                                                                                                                                                                                                                                                                                                                                                                                                                                                                                                                                                                                                                                                                                                                                                                                                                                                                                                                                                                                                  | cp850                | cp850_general_ci     | utf8mb4_0900_ai_ci |
| knowitdb       | display_enames_dept                 | PROCEDURE | root@localhost      | 2021-06-12 11:57:14 | 2021-06-12 11:57:14 | DEFINER       |                                                                                                                                                                                                                                                                                                                                                                                                                                                                                                                                                                                                                                                                                                                                                                                                                                                                                                                                                                                                                                                                  | cp850                | cp850_general_ci     | utf8mb4_0900_ai_ci |
| knowitdb       | display_enames_list                 | PROCEDURE | root@localhost      | 2021-06-12 12:24:18 | 2021-06-12 12:24:18 | DEFINER       |                                                                                                                                                                                                                                                                                                                                                                                                                                                                                                                                                                                                                                                                                                                                                                                                                                                                                                                                                                                                                                                                  | cp850                | cp850_general_ci     | utf8mb4_0900_ai_ci |
| knowitdb       | display_type_emp                    | PROCEDURE | root@localhost      | 2021-06-12 12:59:00 | 2021-06-12 12:59:00 | DEFINER       |                                                                                                                                                                                                                                                                                                                                                                                                                                                                                                                                                                                                                                                                                                                                                                                                                                                                                                                                                                                                                                                                  | cp850                | cp850_general_ci     | utf8mb4_0900_ai_ci |
| knowitdb       | find_name                           | PROCEDURE | root@localhost      | 2021-06-13 10:14:42 | 2021-06-13 10:14:42 | DEFINER       |                                                                                                                                                                                                                                                                                                                                                                                                                                                                                                                                                                                                                                                                                                                                                                                                                                                                                                                                                                                                                                                                  | cp850                | cp850_general_ci     | utf8mb4_0900_ai_ci |
| knowitdb       | find_store_allowance                | PROCEDURE | root@localhost      | 2021-06-10 00:01:23 | 2021-06-10 00:01:23 | DEFINER       |                                                                                                                                                                                                                                                                                                                                                                                                                                                                                                                                                                                                                                                                                                                                                                                                                                                                                                                                                                                                                                                                  | cp850                | cp850_general_ci     | utf8mb4_0900_ai_ci |
| knowitdb       | insert_rec_room                     | PROCEDURE | root@localhost      | 2021-06-13 09:57:11 | 2021-06-13 09:57:11 | DEFINER       |                                                                                                                                                                                                                                                                                                                                                                                                                                                                                                                                                                                                                                                                                                                                                                                                                                                                                                                                                                                                                                                                  | cp850                | cp850_general_ci     | utf8mb4_0900_ai_ci |
| knowitdb       | myproc                              | PROCEDURE | root@localhost      | 2021-06-11 12:26:00 | 2021-06-11 12:26:00 | DEFINER       |                                                                                                                                                                                                                                                                                                                                                                                                                                                                                                                                                                                                                                                                                                                                                                                                                                                                                                                                                                                                                                                                  | cp850                | cp850_general_ci     | utf8mb4_0900_ai_ci |
| knowitdb       | myproc11                            | PROCEDURE | root@localhost      | 2021-06-11 12:44:08 | 2021-06-11 12:44:08 | DEFINER       |                                                                                                                                                                                                                                                                                                                                                                                                                                                                                                                                                                                                                                                                                                                                                                                                                                                                                                                                                                                                                                                                  | cp850                | cp850_general_ci     | utf8mb4_0900_ai_ci |
| knowitdb       | myproc111                           | PROCEDURE | root@localhost      | 2021-06-12 11:59:10 | 2021-06-12 11:59:10 | DEFINER       |                                                                                                                                                                                                                                                                                                                                                                                                                                                                                                                                                                                                                                                                                                                                                                                                                                                                                                                                                                                                                                                                  | cp850                | cp850_general_ci     | utf8mb4_0900_ai_ci |
| knowitdb       | mysalsum                            | PROCEDURE | root@localhost      | 2021-06-09 23:10:04 | 2021-06-09 23:10:04 | DEFINER       |                                                                                                                                                                                                                                                                                                                                                                                                                                                                                                                                                                                                                                                                                                                                                                                                                                                                                                                                                                                                                                                                  | cp850                | cp850_general_ci     | utf8mb4_0900_ai_ci |
| knowitdb       | test                                | PROCEDURE | root@localhost      | 2021-06-11 12:47:41 | 2021-06-11 12:47:41 | DEFINER       |                                                                                                                                                                                                                                                                                                                                                                                                                                                                                                                                                                                                                                                                                                                                                                                                                                                                                                                                                                                                                                                                  | cp850                | cp850_general_ci     | utf8mb4_0900_ai_ci |
| knowitdb       | test_loop                           | PROCEDURE | root@localhost      | 2021-06-12 10:29:46 | 2021-06-12 10:29:46 | DEFINER       |                                                                                                                                                                                                                                                                                                                                                                                                                                                                                                                                                                                                                                                                                                                                                                                                                                                                                                                                                                                                                                                                  | cp850                | cp850_general_ci     | utf8mb4_0900_ai_ci |
| knowitdb       | test_while                          | PROCEDURE | root@localhost      | 2021-06-12 09:50:28 | 2021-06-12 09:50:28 | DEFINER       |                                                                                                                                                                                                                                                                                                                                                                                                                                                                                                                                                                                                                                                                                                                                                                                                                                                                                                                                                                                                                                                                  | cp850                | cp850_general_ci     | utf8mb4_0900_ai_ci |
| knowitdb       | updatesal                           | PROCEDURE | root@localhost      | 2021-06-09 23:45:07 | 2021-06-09 23:45:07 | DEFINER       |                                                                                                                                                                                                                                                                                                                                                                                                                                                                                                                                                                                                                                                                                                                                                                                                                                                                                                                                                                                                                                                                  | cp850                | cp850_general_ci     | utf8mb4_0900_ai_ci |
| knowitdb       | update_sal                          | PROCEDURE | root@localhost      | 2021-06-12 12:25:50 | 2021-06-12 12:25:50 | DEFINER       |                                                                                                                                                                                                                                                                                                                                                                                                                                                                                                                                                                                                                                                                                                                                                                                                                                                                                                                                                                                                                                                                  | cp850                | cp850_general_ci     | utf8mb4_0900_ai_ci |
| sakila         | film_in_stock                       | PROCEDURE | root@localhost      | 2020-12-06 17:47:18 | 2020-12-06 17:47:18 | DEFINER       |                                                                                                                                                                                                                                                                                                                                                                                                                                                                                                                                                                                                                                                                                                                                                                                                                                                                                                                                                                                                                                                                  | utf8mb4              | utf8mb4_0900_ai_ci   | utf8mb4_0900_ai_ci |
| sakila         | film_not_in_stock                   | PROCEDURE | root@localhost      | 2020-12-06 17:47:18 | 2020-12-06 17:47:18 | DEFINER       |                                                                                                                                                                                                                                                                                                                                                                                                                                                                                                                                                                                                                                                                                                                                                                                                                                                                                                                                                                                                                                                                  | utf8mb4              | utf8mb4_0900_ai_ci   | utf8mb4_0900_ai_ci |
| sakila         | rewards_report                      | PROCEDURE | root@localhost      | 2020-12-06 17:47:18 | 2020-12-06 17:47:18 | DEFINER       | Provides a customizable report on best customers                                                                                                                                                                                                                                                                                                                                                                                                                                                                                                                                                                                                                                                                                                                                                                                                                                                                                                                                                                                                                 | utf8mb4              | utf8mb4_0900_ai_ci   | utf8mb4_0900_ai_ci |
| sys            | create_synonym_db                   | PROCEDURE | mysql.sys@localhost | 2020-12-06 17:46:55 | 2020-12-06 17:46:55 | INVOKER       |
Description
-----------

Takes a source database name and synonym name, and then creates the
synonym database with views that point to all of the tables within
the source database.

Useful for creating a "ps" synonym for "performance_schema",
or "is" instead of "information_schema", for example.

Parameters
-----------

in_db_name (VARCHAR(64)):
  The database name that you would like to create a synonym for.
in_synonym (VARCHAR(64)):
  The database synonym name.

Example
-----------

mysql> SHOW DATABASES;
+--------------------+
| Database           |
+--------------------+
| information_schema |
| mysql              |
| performance_schema |
| sys                |
| test               |
+--------------------+
5 rows in set (0.00 sec)

mysql> CALL sys.create_synonym_db('performance_schema', 'ps');
+---------------------------------------+
| summary                               |
+---------------------------------------+
| Created 74 views in the `ps` database |
+---------------------------------------+
1 row in set (8.57 sec)

Query OK, 0 rows affected (8.57 sec)

mysql> SHOW DATABASES;
+--------------------+
| Database           |
+--------------------+
| information_schema |
| mysql              |
| performance_schema |
| ps                 |
| sys                |
| test               |
+--------------------+
6 rows in set (0.00 sec)

mysql> SHOW FULL TABLES FROM ps;
+------------------------------------------------------+------------+
| Tables_in_ps                                         | Table_type |
+------------------------------------------------------+------------+
| accounts                                             | VIEW       |
| cond_instances                                       | VIEW       |
| events_stages_current                                | VIEW       |
| events_stages_history                                | VIEW       |
...
 | utf8mb4              | utf8mb4_0900_ai_ci   | utf8mb4_0900_ai_ci |
| sys            | diagnostics                         | PROCEDURE | mysql.sys@localhost | 2020-12-06 17:46:55 | 2020-12-06 17:46:55 | INVOKER       |
Description
-----------

Create a report of the current status of the server for diagnostics purposes. Data collected includes (some items depends on versions and settings):

   * The GLOBAL VARIABLES
   * Several sys schema views including metrics or equivalent (depending on version and settings)
   * Queries in the 95th percentile
   * Several ndbinfo views for MySQL Cluster
   * Replication (both master and slave) information.

Some of the sys schema views are calculated as initial (optional), overall, delta:

   * The initial view is the content of the view at the start of this procedure.
     This output will be the same as the the start values used for the delta view.
     The initial view is included if @sys.diagnostics.include_raw = 'ON'.
   * The overall view is the content of the view at the end of this procedure.
     This output is the same as the end values used for the delta view.
     The overall view is always included.
   * The delta view is the difference from the beginning to the end. Note that for min and max values
     they are simply the min or max value from the end view respectively, so does not necessarily reflect
     the minimum/maximum value in the monitored period.
     Note: except for the metrics views the delta is only calculation between the first and last outputs.

Requires the SUPER privilege for "SET sql_log_bin = 0;".

Parameters
-----------

in_max_runtime (INT UNSIGNED):
  The maximum time to keep collecting data.
  Use NULL to get the default which is 60 seconds, otherwise enter a value greater than 0.
in_interval (INT UNSIGNED):
  How long to sleep between data collections.
  Use NULL to get the default which is 30 seconds, otherwise enter a value greater than 0.
in_auto_config (ENUM('current', 'medium', 'full'))
  Automatically enable Performance Schema instruments and consumers.
  NOTE: The more that are enabled, the more impact on the performance.
  Supported values are:
     * current - use the current settings.
     * medium - enable some settings. This requires the SUPER privilege.
     * full - enables all settings. This will have a big impact on the
              performance - be careful using this option. This requires
              the SUPER privilege.
  If another setting the 'current' is chosen, the current settings
  are restored at the end of the procedure.


Configuration Options
----------------------

sys.diagnostics.allow_i_s_tables
  Specifies whether it is allowed to do table scan queries on information_schema.TABLES. This can be expensive if there
  are many tables. Set to 'ON' to allow, 'OFF' to not allow.
  Default is 'OFF'.

sys.diagnostics.include_raw
  Set to 'ON' to include the raw data (e.g. the original output of "SELECT * FROM sys.metrics").
  Use this to get the initial values of the various views.
  Default is 'OFF'.

sys.statement_truncate_len
  How much of queries in the process list output to include.
  Default is 64.

sys.debug
  Whether to provide debugging output.
  Default is 'OFF'. Set to 'ON' to include.


Example
--------

To create a report and append it to the file diag.out:

mysql> TEE diag.out;
mysql> CALL sys.diagnostics(120, 30, 'current');
...
mysql> NOTEE;
 | utf8mb4              | utf8mb4_0900_ai_ci   | utf8mb4_0900_ai_ci |
| sys            | execute_prepared_stmt               | PROCEDURE | mysql.sys@localhost | 2020-12-06 17:46:55 | 2020-12-06 17:46:55 | INVOKER       |
Description
-----------

Takes the query in the argument and executes it using a prepared statement. The prepared statement is deallocated,
so the procedure is mainly useful for executing one off dynamically created queries.

The sys_execute_prepared_stmt prepared statement name is used for the query and is required not to exist.


Parameters
-----------

in_query (longtext CHARACTER SET UTF8MB4):
  The query to execute.


Configuration Options
----------------------

sys.debug
  Whether to provide debugging output.
  Default is 'OFF'. Set to 'ON' to include.


Example
--------

mysql> CALL sys.execute_prepared_stmt('SELECT * FROM sys.sys_config');
+------------------------+-------+---------------------+--------+
| variable               | value | set_time            | set_by |
+------------------------+-------+---------------------+--------+
| statement_truncate_len | 64    | 2015-06-30 13:06:00 | NULL   |
+------------------------+-------+---------------------+--------+
1 row in set (0.00 sec)

Query OK, 0 rows affected (0.00 sec)
 | utf8mb4              | utf8mb4_0900_ai_ci   | utf8mb4_0900_ai_ci |
| sys            | ps_setup_disable_background_threads | PROCEDURE | mysql.sys@localhost | 2020-12-06 17:46:56 | 2020-12-06 17:46:56 | INVOKER       |
Description
-----------

Disable all background thread instrumentation within Performance Schema.

Parameters
-----------

None.

Example
-----------

mysql> CALL sys.ps_setup_disable_background_threads();
+--------------------------------+
| summary                        |
+--------------------------------+
| Disabled 18 background threads |
+--------------------------------+
1 row in set (0.00 sec)
                                                                                                                                                                                                                                                                                                                                                                                                                                                                                                                                                                                                                                           | utf8mb4              | utf8mb4_0900_ai_ci   | utf8mb4_0900_ai_ci |
| sys            | ps_setup_disable_consumer           | PROCEDURE | mysql.sys@localhost | 2020-12-06 17:46:56 | 2020-12-06 17:46:56 | INVOKER       |
Description
-----------

Disables consumers within Performance Schema
matching the input pattern.

Parameters
-----------

consumer (VARCHAR(128)):
  A LIKE pattern match (using "%consumer%") of consumers to disable

Example
-----------

To disable all consumers:

mysql> CALL sys.ps_setup_disable_consumer('');
+--------------------------+
| summary                  |
+--------------------------+
| Disabled 15 consumers    |
+--------------------------+
1 row in set (0.02 sec)

To disable just the event_stage consumers:

mysql> CALL sys.ps_setup_disable_comsumers('stage');
+------------------------+
| summary                |
+------------------------+
| Disabled 3 consumers   |
+------------------------+
1 row in set (0.00 sec)
                                                                                                                                                                                                                                                                                             | utf8mb4              | utf8mb4_0900_ai_ci   | utf8mb4_0900_ai_ci |
| sys            | ps_setup_disable_instrument         | PROCEDURE | mysql.sys@localhost | 2020-12-06 17:46:56 | 2020-12-06 17:46:56 | INVOKER       |
Description
-----------

Disables instruments within Performance Schema
matching the input pattern.

Parameters
-----------

in_pattern (VARCHAR(128)):
  A LIKE pattern match (using "%in_pattern%") of events to disable

Example
-----------

To disable all mutex instruments:

mysql> CALL sys.ps_setup_disable_instrument('wait/synch/mutex');
+--------------------------+
| summary                  |
+--------------------------+
| Disabled 155 instruments |
+--------------------------+
1 row in set (0.02 sec)

To disable just a specific TCP/IP based network IO instrument:

mysql> CALL sys.ps_setup_disable_instrument('wait/io/socket/sql/server_tcpip_socket');
+------------------------+
| summary                |
+------------------------+
| Disabled 1 instruments |
+------------------------+
1 row in set (0.00 sec)

To disable all instruments:

mysql> CALL sys.ps_setup_disable_instrument('');
+--------------------------+
| summary                  |
+--------------------------+
| Disabled 547 instruments |
+--------------------------+
1 row in set (0.01 sec)
 | utf8mb4              | utf8mb4_0900_ai_ci   | utf8mb4_0900_ai_ci |
| sys            | ps_setup_disable_thread             | PROCEDURE | mysql.sys@localhost | 2020-12-06 17:46:56 | 2020-12-06 17:46:56 | INVOKER       |
Description
-----------

Disable the given connection/thread in Performance Schema.

Parameters
-----------

in_connection_id (BIGINT):
  The connection ID (PROCESSLIST_ID from performance_schema.threads
  or the ID shown within SHOW PROCESSLIST)

Example
-----------

mysql> CALL sys.ps_setup_disable_thread(3);
+-------------------+
| summary           |
+-------------------+
| Disabled 1 thread |
+-------------------+
1 row in set (0.01 sec)

To disable the current connection:

mysql> CALL sys.ps_setup_disable_thread(CONNECTION_ID());
+-------------------+
| summary           |
+-------------------+
| Disabled 1 thread |
+-------------------+
1 row in set (0.00 sec)
                                                                                                                                                                                                                                                                                                                                                            | utf8mb4              | utf8mb4_0900_ai_ci   | utf8mb4_0900_ai_ci |
| sys            | ps_setup_enable_background_threads  | PROCEDURE | mysql.sys@localhost | 2020-12-06 17:46:56 | 2020-12-06 17:46:56 | INVOKER       |
Description
-----------

Enable all background thread instrumentation within Performance Schema.

Parameters
-----------

None.

Example
-----------

mysql> CALL sys.ps_setup_enable_background_threads();
+-------------------------------+
| summary                       |
+-------------------------------+
| Enabled 18 background threads |
+-------------------------------+
1 row in set (0.00 sec)
                                                                                                                                                                                                                                                                                                                                                                                                                                                                                                                                                                                                                                                  | utf8mb4              | utf8mb4_0900_ai_ci   | utf8mb4_0900_ai_ci |
| sys            | ps_setup_enable_consumer            | PROCEDURE | mysql.sys@localhost | 2020-12-06 17:46:56 | 2020-12-06 17:46:56 | INVOKER       |
Description
-----------

Enables consumers within Performance Schema
matching the input pattern.

Parameters
-----------

consumer (VARCHAR(128)):
  A LIKE pattern match (using "%consumer%") of consumers to enable

Example
-----------

To enable all consumers:

mysql> CALL sys.ps_setup_enable_consumer('');
+-------------------------+
| summary                 |
+-------------------------+
| Enabled 10 consumers    |
+-------------------------+
1 row in set (0.02 sec)

Query OK, 0 rows affected (0.02 sec)

To enable just "waits" consumers:

mysql> CALL sys.ps_setup_enable_consumer('waits');
+-----------------------+
| summary               |
+-----------------------+
| Enabled 3 consumers   |
+-----------------------+
1 row in set (0.00 sec)

Query OK, 0 rows affected (0.00 sec)
                                                                                                                                                                                                                                          | utf8mb4              | utf8mb4_0900_ai_ci   | utf8mb4_0900_ai_ci |
| sys            | ps_setup_enable_instrument          | PROCEDURE | mysql.sys@localhost | 2020-12-06 17:46:56 | 2020-12-06 17:46:56 | INVOKER       |
Description
-----------

Enables instruments within Performance Schema
matching the input pattern.

Parameters
-----------

in_pattern (VARCHAR(128)):
  A LIKE pattern match (using "%in_pattern%") of events to enable

Example
-----------

To enable all mutex instruments:

mysql> CALL sys.ps_setup_enable_instrument('wait/synch/mutex');
+-------------------------+
| summary                 |
+-------------------------+
| Enabled 155 instruments |
+-------------------------+
1 row in set (0.02 sec)

Query OK, 0 rows affected (0.02 sec)

To enable just a specific TCP/IP based network IO instrument:

mysql> CALL sys.ps_setup_enable_instrument('wait/io/socket/sql/server_tcpip_socket');
+-----------------------+
| summary               |
+-----------------------+
| Enabled 1 instruments |
+-----------------------+
1 row in set (0.00 sec)

Query OK, 0 rows affected (0.00 sec)

To enable all instruments:

mysql> CALL sys.ps_setup_enable_instrument('');
+-------------------------+
| summary                 |
+-------------------------+
| Enabled 547 instruments |
+-------------------------+
1 row in set (0.01 sec)

Query OK, 0 rows affected (0.01 sec)
 | utf8mb4              | utf8mb4_0900_ai_ci   | utf8mb4_0900_ai_ci |
| sys            | ps_setup_enable_thread              | PROCEDURE | mysql.sys@localhost | 2020-12-06 17:46:56 | 2020-12-06 17:46:56 | INVOKER       |
Description
-----------

Enable the given connection/thread in Performance Schema.

Parameters
-----------

in_connection_id (BIGINT):
  The connection ID (PROCESSLIST_ID from performance_schema.threads
  or the ID shown within SHOW PROCESSLIST)

Example
-----------

mysql> CALL sys.ps_setup_enable_thread(3);
+------------------+
| summary          |
+------------------+
| Enabled 1 thread |
+------------------+
1 row in set (0.01 sec)

To enable the current connection:

mysql> CALL sys.ps_setup_enable_thread(CONNECTION_ID());
+------------------+
| summary          |
+------------------+
| Enabled 1 thread |
+------------------+
1 row in set (0.00 sec)
                                                                                                                                                                                                                                                                                                                                                                          | utf8mb4              | utf8mb4_0900_ai_ci   | utf8mb4_0900_ai_ci |
| sys            | ps_setup_reload_saved               | PROCEDURE | mysql.sys@localhost | 2020-12-06 17:46:56 | 2020-12-06 17:46:56 | INVOKER       |
Description
-----------

Reloads a saved Performance Schema configuration,
so that you can alter the setup for debugging purposes,
but restore it to a previous state.

Use the companion procedure - ps_setup_save(), to
save a configuration.

Requires the SUPER privilege for "SET sql_log_bin = 0;".

Parameters
-----------

None.

Example
-----------

mysql> CALL sys.ps_setup_save();
Query OK, 0 rows affected (0.08 sec)

mysql> UPDATE performance_schema.setup_instruments SET enabled = 'YES', timed = 'YES';
Query OK, 547 rows affected (0.40 sec)
Rows matched: 784  Changed: 547  Warnings: 0

/* Run some tests that need more detailed instrumentation here */

mysql> CALL sys.ps_setup_reload_saved();
Query OK, 0 rows affected (0.32 sec)
                                                                                                                                                                                                                                                                                           | utf8mb4              | utf8mb4_0900_ai_ci   | utf8mb4_0900_ai_ci |
| sys            | ps_setup_reset_to_default           | PROCEDURE | mysql.sys@localhost | 2020-12-06 17:46:56 | 2020-12-06 17:46:56 | INVOKER       |
Description
-----------

Resets the Performance Schema setup to the default settings.

Parameters
-----------

in_verbose (BOOLEAN):
  Whether to print each setup stage (including the SQL) whilst running.

Example
-----------

mysql> CALL sys.ps_setup_reset_to_default(true)\G
*************************** 1. row ***************************
status: Resetting: setup_actors
DELETE
FROM performance_schema.setup_actors
 WHERE NOT (HOST = '%' AND USER = '%' AND `ROLE` = '%')
1 row in set (0.00 sec)

*************************** 1. row ***************************
status: Resetting: setup_actors
INSERT IGNORE INTO performance_schema.setup_actors
VALUES ('%', '%', '%')
1 row in set (0.00 sec)
...

mysql> CALL sys.ps_setup_reset_to_default(false)\G
Query OK, 0 rows affected (0.00 sec)
                                                                                                                                                                                                                                                 | utf8mb4              | utf8mb4_0900_ai_ci   | utf8mb4_0900_ai_ci |
| sys            | ps_setup_save                       | PROCEDURE | mysql.sys@localhost | 2020-12-06 17:46:56 | 2020-12-06 17:46:56 | INVOKER       |
Description
-----------

Saves the current configuration of Performance Schema,
so that you can alter the setup for debugging purposes,
but restore it to a previous state.

Use the companion procedure - ps_setup_reload_saved(), to
restore the saved config.

The named lock "sys.ps_setup_save" is taken before the
current configuration is saved. If the attempt to get the named
lock times out, an error occurs.

The lock is released after the settings have been restored by
calling ps_setup_reload_saved().

Requires the SUPER privilege for "SET sql_log_bin = 0;".

Parameters
-----------

in_timeout INT
  The timeout in seconds used when trying to obtain the lock.
  A negative timeout means infinite timeout.

Example
-----------

mysql> CALL sys.ps_setup_save(-1);
Query OK, 0 rows affected (0.08 sec)

mysql> UPDATE performance_schema.setup_instruments
    ->    SET enabled = 'YES', timed = 'YES';
Query OK, 547 rows affected (0.40 sec)
Rows matched: 784  Changed: 547  Warnings: 0

/* Run some tests that need more detailed instrumentation here */

mysql> CALL sys.ps_setup_reload_saved();
Query OK, 0 rows affected (0.32 sec)
 | utf8mb4              | utf8mb4_0900_ai_ci   | utf8mb4_0900_ai_ci |
| sys            | ps_setup_show_disabled              | PROCEDURE | mysql.sys@localhost | 2020-12-06 17:46:56 | 2020-12-06 17:46:56 | INVOKER       |
Description
-----------

Shows all currently disable Performance Schema configuration.

Disabled users is only available for MySQL 5.7.6 and later.
In earlier versions it was only possible to enable users.

Parameters
-----------

in_show_instruments (BOOLEAN):
  Whether to print disabled instruments (can print many items)

in_show_threads (BOOLEAN):
  Whether to print disabled threads

Example
-----------

mysql> CALL sys.ps_setup_show_disabled(TRUE, TRUE);
+----------------------------+
| performance_schema_enabled |
+----------------------------+
|                          1 |
+----------------------------+
1 row in set (0.00 sec)

+--------------------+
| disabled_users     |
+--------------------+
| 'mark'@'localhost' |
+--------------------+
1 row in set (0.00 sec)

+-------------+----------------------+---------+-------+
| object_type | objects              | enabled | timed |
+-------------+----------------------+---------+-------+
| EVENT       | mysql.%              | NO      | NO    |
| EVENT       | performance_schema.% | NO      | NO    |
| EVENT       | information_schema.% | NO      | NO    |
| FUNCTION    | mysql.%              | NO      | NO    |
| FUNCTION    | performance_schema.% | NO      | NO    |
| FUNCTION    | information_schema.% | NO      | NO    |
| PROCEDURE   | mysql.%              | NO      | NO    |
| PROCEDURE   | performance_schema.% | NO      | NO    |
| PROCEDURE   | information_schema.% | NO      | NO    |
| TABLE       | mysql.%              | NO      | NO    |
| TABLE       | performance_schema.% | NO      | NO    |
| TABLE       | information_schema.% | NO      | NO    |
| TRIGGER     | mysql.%              | NO      | NO    |
| TRIGGER     | performance_schema.% | NO      | NO    |
| TRIGGER     | information_schema.% | NO      | NO    |
+-------------+----------------------+---------+-------+
15 rows in set (0.00 sec)

+----------------------------------+
| disabled_consumers               |
+----------------------------------+
| events_stages_current            |
| events_stages_history            |
| events_stages_history_long       |
| events_statements_history        |
| events_statements_history_long   |
| events_transactions_history      |
| events_transactions_history_long |
| events_waits_current             |
| events_waits_history             |
| events_waits_history_long        |
+----------------------------------+
10 rows in set (0.00 sec)

Empty set (0.00 sec)

+---------------------------------------------------------------------------------------+-------+
| disabled_instruments                                                                  | timed |
+---------------------------------------------------------------------------------------+-------+
| wait/synch/mutex/sql/TC_LOG_MMAP::LOCK_tc                                             | NO    |
| wait/synch/mutex/sql/LOCK_des_key_file                                                | NO    |
| wait/synch/mutex/sql/MYSQL_BIN_LOG::LOCK_commit                                       | NO    |
...
| memory/sql/servers_cache                                                              | NO    |
| memory/sql/udf_mem                                                                    | NO    |
| wait/lock/metadata/sql/mdl                                                            | NO    |
+---------------------------------------------------------------------------------------+-------+
547 rows in set (0.00 sec)

Query OK, 0 rows affected (0.01 sec)
 | utf8mb4              | utf8mb4_0900_ai_ci   | utf8mb4_0900_ai_ci |
| sys            | ps_setup_show_disabled_consumers    | PROCEDURE | mysql.sys@localhost | 2020-12-06 17:46:56 | 2020-12-06 17:46:56 | INVOKER       |
Description
-----------

Shows all currently disabled consumers.

Parameters
-----------

None

Example
-----------

mysql> CALL sys.ps_setup_show_disabled_consumers();

+---------------------------+
| disabled_consumers        |
+---------------------------+
| events_statements_current |
| global_instrumentation    |
| thread_instrumentation    |
| statements_digest         |
+---------------------------+
4 rows in set (0.05 sec)
                                                                                                                                                                                                                                                                                                                                                                                                                                                                                                                                                                                                             | utf8mb4              | utf8mb4_0900_ai_ci   | utf8mb4_0900_ai_ci |
| sys            | ps_setup_show_disabled_instruments  | PROCEDURE | mysql.sys@localhost | 2020-12-06 17:46:56 | 2020-12-06 17:46:56 | INVOKER       |
Description
-----------

Shows all currently disabled instruments.

Parameters
-----------

None

Example
-----------

mysql> CALL sys.ps_setup_show_disabled_instruments();
                                                                                                                                                                                                                                                                                                                                                                                                                                                                                                                                                                                                                                                                                                                                                                                                                                                                                   | utf8mb4              | utf8mb4_0900_ai_ci   | utf8mb4_0900_ai_ci |
| sys            | ps_setup_show_enabled               | PROCEDURE | mysql.sys@localhost | 2020-12-06 17:46:56 | 2020-12-06 17:46:56 | INVOKER       |
Description
-----------

Shows all currently enabled Performance Schema configuration.

Parameters
-----------

in_show_instruments (BOOLEAN):
  Whether to print enabled instruments (can print many items)

in_show_threads (BOOLEAN):
  Whether to print enabled threads

Example
-----------

mysql> CALL sys.ps_setup_show_enabled(TRUE, TRUE);
+----------------------------+
| performance_schema_enabled |
+----------------------------+
|                          1 |
+----------------------------+
1 row in set (0.00 sec)

+---------------+
| enabled_users |
+---------------+
| '%'@'%'       |
+---------------+
1 row in set (0.01 sec)

+-------------+---------+---------+-------+
| object_type | objects | enabled | timed |
+-------------+---------+---------+-------+
| EVENT       | %.%     | YES     | YES   |
| FUNCTION    | %.%     | YES     | YES   |
| PROCEDURE   | %.%     | YES     | YES   |
| TABLE       | %.%     | YES     | YES   |
| TRIGGER     | %.%     | YES     | YES   |
+-------------+---------+---------+-------+
5 rows in set (0.01 sec)

+---------------------------+
| enabled_consumers         |
+---------------------------+
| events_statements_current |
| global_instrumentation    |
| thread_instrumentation    |
| statements_digest         |
+---------------------------+
4 rows in set (0.05 sec)

+---------------------------------+-------------+
| enabled_threads                 | thread_type |
+---------------------------------+-------------+
| sql/main                        | BACKGROUND  |
| sql/thread_timer_notifier       | BACKGROUND  |
| innodb/io_ibuf_thread           | BACKGROUND  |
| innodb/io_log_thread            | BACKGROUND  |
| innodb/io_read_thread           | BACKGROUND  |
| innodb/io_read_thread           | BACKGROUND  |
| innodb/io_write_thread          | BACKGROUND  |
| innodb/io_write_thread          | BACKGROUND  |
| innodb/page_cleaner_thread      | BACKGROUND  |
| innodb/srv_lock_timeout_thread  | BACKGROUND  |
| innodb/srv_error_monitor_thread | BACKGROUND  |
| innodb/srv_monitor_thread       | BACKGROUND  |
| innodb/srv_master_thread        | BACKGROUND  |
| innodb/srv_purge_thread         | BACKGROUND  |
| innodb/srv_worker_thread        | BACKGROUND  |
| innodb/srv_worker_thread        | BACKGROUND  |
| innodb/srv_worker_thread        | BACKGROUND  |
| innodb/buf_dump_thread          | BACKGROUND  |
| innodb/dict_stats_thread        | BACKGROUND  |
| sql/signal_handler              | BACKGROUND  |
| sql/compress_gtid_table         | FOREGROUND  |
| root@localhost                  | FOREGROUND  |
+---------------------------------+-------------+
22 rows in set (0.01 sec)

+-------------------------------------+-------+
| enabled_instruments                 | timed |
+-------------------------------------+-------+
| wait/io/file/sql/map                | YES   |
| wait/io/file/sql/binlog             | YES   |
...
| statement/com/Error                 | YES   |
| statement/com/                      | YES   |
| idle                                | YES   |
+-------------------------------------+-------+
210 rows in set (0.08 sec)

Query OK, 0 rows affected (0.89 sec)
 | utf8mb4              | utf8mb4_0900_ai_ci   | utf8mb4_0900_ai_ci |
| sys            | ps_setup_show_enabled_consumers     | PROCEDURE | mysql.sys@localhost | 2020-12-06 17:46:56 | 2020-12-06 17:46:56 | INVOKER       |
Description
-----------

Shows all currently enabled consumers.

Parameters
-----------

None

Example
-----------

mysql> CALL sys.ps_setup_show_enabled_consumers();

+---------------------------+
| enabled_consumers         |
+---------------------------+
| events_statements_current |
| global_instrumentation    |
| thread_instrumentation    |
| statements_digest         |
+---------------------------+
4 rows in set (0.05 sec)
                                                                                                                                                                                                                                                                                                                                                                                                                                                                                                                                                                                                               | utf8mb4              | utf8mb4_0900_ai_ci   | utf8mb4_0900_ai_ci |
| sys            | ps_setup_show_enabled_instruments   | PROCEDURE | mysql.sys@localhost | 2020-12-06 17:46:56 | 2020-12-06 17:46:56 | INVOKER       |
Description
-----------

Shows all currently enabled instruments.

Parameters
-----------

None

Example
-----------

mysql> CALL sys.ps_setup_show_enabled_instruments();
                                                                                                                                                                                                                                                                                                                                                                                                                                                                                                                                                                                                                                                                                                                                                                                                                                                                                     | utf8mb4              | utf8mb4_0900_ai_ci   | utf8mb4_0900_ai_ci |
| sys            | ps_statement_avg_latency_histogram  | PROCEDURE | mysql.sys@localhost | 2020-12-06 17:46:55 | 2020-12-06 17:46:55 | INVOKER       |
Description
-----------

Outputs a textual histogram graph of the average latency values
across all normalized queries tracked within the Performance Schema
events_statements_summary_by_digest table.

Can be used to show a very high level picture of what kind of
latency distribution statements running within this instance have.

Parameters
-----------

None.

Example
-----------

mysql> CALL sys.ps_statement_avg_latency_histogram()\G
*************************** 1. row ***************************
Performance Schema Statement Digest Average Latency Histogram:

  . = 1 unit
  * = 2 units
  # = 3 units

(0 - 38ms)     240 | ################################################################################
(38 - 77ms)    38  | ......................................
(77 - 115ms)   3   | ...
(115 - 154ms)  62  | *******************************
(154 - 192ms)  3   | ...
(192 - 231ms)  0   |
(231 - 269ms)  0   |
(269 - 307ms)  0   |
(307 - 346ms)  0   |
(346 - 384ms)  1   | .
(384 - 423ms)  1   | .
(423 - 461ms)  0   |
(461 - 499ms)  0   |
(499 - 538ms)  0   |
(538 - 576ms)  0   |
(576 - 615ms)  1   | .

  Total Statements: 350; Buckets: 16; Bucket Size: 38 ms;
 | utf8mb4              | utf8mb4_0900_ai_ci   | utf8mb4_0900_ai_ci |
| sys            | ps_trace_statement_digest           | PROCEDURE | mysql.sys@localhost | 2020-12-06 17:46:55 | 2020-12-06 17:46:55 | INVOKER       |
Description
-----------

Traces all instrumentation within Performance Schema for a specific
Statement Digest.

When finding a statement of interest within the
performance_schema.events_statements_summary_by_digest table, feed
the DIGEST value in to this procedure, set how long to poll for,
and at what interval to poll, and it will generate a report of all
statistics tracked within Performance Schema for that digest for the
interval.

It will also attempt to generate an EXPLAIN for the longest running
example of the digest during the interval. Note this may fail, as:

   * Performance Schema truncates long SQL_TEXT values (and hence the
     EXPLAIN will fail due to parse errors)
   * the default schema is sys (so tables that are not fully qualified
     in the query may not be found)
   * some queries such as SHOW are not supported in EXPLAIN.

When the EXPLAIN fails, the error will be ignored and no EXPLAIN
output generated.

Requires the SUPER privilege for "SET sql_log_bin = 0;".

Parameters
-----------

in_digest (VARCHAR(64)):
  The statement digest identifier you would like to analyze
in_runtime (INT):
  The number of seconds to run analysis for
in_interval (DECIMAL(2,2)):
  The interval (in seconds, may be fractional) at which to try
  and take snapshots
in_start_fresh (BOOLEAN):
  Whether to TRUNCATE the events_statements_history_long and
  events_stages_history_long tables before starting
in_auto_enable (BOOLEAN):
  Whether to automatically turn on required consumers

Example
-----------

mysql> call ps_trace_statement_digest('891ec6860f98ba46d89dd20b0c03652c', 10, 0.1, true, true);
+--------------------+
| SUMMARY STATISTICS |
+--------------------+
| SUMMARY STATISTICS |
+--------------------+
1 row in set (9.11 sec)

+------------+-----------+-----------+-----------+---------------+------------+------------+
| executions | exec_time | lock_time | rows_sent | rows_examined | tmp_tables | full_scans |
+------------+-----------+-----------+-----------+---------------+------------+------------+
|         21 | 4.11 ms   | 2.00 ms   |         0 |            21 |          0 |          0 |
+------------+-----------+-----------+-----------+---------------+------------+------------+
1 row in set (9.11 sec)

+------------------------------------------+-------+-----------+
| event_name                               | count | latency   |
+------------------------------------------+-------+-----------+
| stage/sql/checking query cache for query |    16 | 724.37 us |
| stage/sql/statistics                     |    16 | 546.92 us |
| stage/sql/freeing items                  |    18 | 520.11 us |
| stage/sql/init                           |    51 | 466.80 us |
...
| stage/sql/cleaning up                    |    18 | 11.92 us  |
| stage/sql/executing                      |    16 | 6.95 us   |
+------------------------------------------+-------+-----------+
17 rows in set (9.12 sec)

+---------------------------+
| LONGEST RUNNING STATEMENT |
+---------------------------+
| LONGEST RUNNING STATEMENT |
+---------------------------+
1 row in set (9.16 sec)

+-----------+-----------+-----------+-----------+---------------+------------+-----------+
| thread_id | exec_time | lock_time | rows_sent | rows_examined | tmp_tables | full_scan |
+-----------+-----------+-----------+-----------+---------------+------------+-----------+
|    166646 | 618.43 us | 1.00 ms   |         0 |             1 |          0 |         0 |
+-----------+-----------+-----------+-----------+---------------+------------+-----------+
1 row in set (9.16 sec)

// Truncated for clarity...
+-----------------------------------------------------------------+
| sql_text                                                        |
+-----------------------------------------------------------------+
| select hibeventhe0_.id as id1382_, hibeventhe0_.createdTime ... |
+-----------------------------------------------------------------+
1 row in set (9.17 sec)

+------------------------------------------+-----------+
| event_name                               | latency   |
+------------------------------------------+-----------+
| stage/sql/init                           | 8.61 us   |
| stage/sql/Waiting for query cache lock   | 453.23 us |
| stage/sql/init                           | 331.07 ns |
| stage/sql/checking query cache for query | 43.04 us  |
...
| stage/sql/freeing items                  | 30.46 us  |
| stage/sql/cleaning up                    | 662.13 ns |
+------------------------------------------+-----------+
18 rows in set (9.23 sec)

+----+-------------+--------------+-------+---------------+-----------+---------+-------------+------+-------+
| id | select_type | table        | type  | possible_keys | key       | key_len | ref         | rows | Extra |
+----+-------------+--------------+-------+---------------+-----------+---------+-------------+------+-------+
|  1 | SIMPLE      | hibeventhe0_ | const | fixedTime     | fixedTime | 775     | const,const |    1 | NULL  |
+----+-------------+--------------+-------+---------------+-----------+---------+-------------+------+-------+
1 row in set (9.27 sec)

Query OK, 0 rows affected (9.28 sec)
 | utf8mb4              | utf8mb4_0900_ai_ci   | utf8mb4_0900_ai_ci |
| sys            | ps_trace_thread                     | PROCEDURE | mysql.sys@localhost | 2020-12-06 17:46:55 | 2020-12-06 17:46:55 | INVOKER       |
Description
-----------

Dumps all data within Performance Schema for an instrumented thread,
to create a DOT formatted graph file.

Each resultset returned from the procedure should be used for a complete graph

Requires the SUPER privilege for "SET sql_log_bin = 0;".

Parameters
-----------

in_thread_id (BIGINT UNSIGNED):
  The thread that you would like a stack trace for
in_outfile  (VARCHAR(255)):
  The filename the dot file will be written to
in_max_runtime (DECIMAL(20,2)):
  The maximum time to keep collecting data.
  Use NULL to get the default which is 60 seconds.
in_interval (DECIMAL(20,2)):
  How long to sleep between data collections.
  Use NULL to get the default which is 1 second.
in_start_fresh (BOOLEAN):
  Whether to reset all Performance Schema data before tracing.
in_auto_setup (BOOLEAN):
  Whether to disable all other threads and enable all consumers/instruments.
  This will also reset the settings at the end of the run.
in_debug (BOOLEAN):
  Whether you would like to include file:lineno in the graph

Example
-----------

mysql> CALL sys.ps_trace_thread(25, CONCAT('/tmp/stack-', REPLACE(NOW(), ' ', '-'), '.dot'), NULL, NULL, TRUE, TRUE, TRUE);
+-------------------+
| summary           |
+-------------------+
| Disabled 1 thread |
+-------------------+
1 row in set (0.00 sec)

+---------------------------------------------+
| Info                                        |
+---------------------------------------------+
| Data collection starting for THREAD_ID = 25 |
+---------------------------------------------+
1 row in set (0.03 sec)

+-----------------------------------------------------------+
| Info                                                      |
+-----------------------------------------------------------+
| Stack trace written to /tmp/stack-2014-02-16-21:18:41.dot |
+-----------------------------------------------------------+
1 row in set (60.07 sec)

+-------------------------------------------------------------------+
| Convert to PDF                                                    |
+-------------------------------------------------------------------+
| dot -Tpdf -o /tmp/stack_25.pdf /tmp/stack-2014-02-16-21:18:41.dot |
+-------------------------------------------------------------------+
1 row in set (60.07 sec)

+-------------------------------------------------------------------+
| Convert to PNG                                                    |
+-------------------------------------------------------------------+
| dot -Tpng -o /tmp/stack_25.png /tmp/stack-2014-02-16-21:18:41.dot |
+-------------------------------------------------------------------+
1 row in set (60.07 sec)

+------------------+
| summary          |
+------------------+
| Enabled 1 thread |
+------------------+
1 row in set (60.32 sec)
 | utf8mb4              | utf8mb4_0900_ai_ci   | utf8mb4_0900_ai_ci |
| sys            | ps_truncate_all_tables              | PROCEDURE | mysql.sys@localhost | 2020-12-06 17:46:56 | 2020-12-06 17:46:56 | INVOKER       |
Description
-----------

Truncates all summary tables within Performance Schema,
resetting all aggregated instrumentation as a snapshot.

Parameters
-----------

in_verbose (BOOLEAN):
  Whether to print each TRUNCATE statement before running

Example
-----------

mysql> CALL sys.ps_truncate_all_tables(false);
+---------------------+
| summary             |
+---------------------+
| Truncated 44 tables |
+---------------------+
1 row in set (0.10 sec)

Query OK, 0 rows affected (0.10 sec)
                                                                                                                                                                                                                                                                                                                                                                                                                                                                                                                                                  | utf8mb4              | utf8mb4_0900_ai_ci   | utf8mb4_0900_ai_ci |
| sys            | statement_performance_analyzer      | PROCEDURE | mysql.sys@localhost | 2020-12-06 17:46:56 | 2020-12-06 17:46:56 | INVOKER       |
Description
-----------

Create a report of the statements running on the server.

The views are calculated based on the overall and/or delta activity.

Requires the SUPER privilege for "SET sql_log_bin = 0;".

Parameters
-----------

in_action (ENUM('snapshot', 'overall', 'delta', 'create_tmp', 'create_table', 'save', 'cleanup')):
  The action to take. Supported actions are:
    * snapshot      Store a snapshot. The default is to make a snapshot of the current content of
                    performance_schema.events_statements_summary_by_digest, but by setting in_table
                    this can be overwritten to copy the content of the specified table.
                    The snapshot is stored in the sys.tmp_digests temporary table.
    * overall       Generate analyzis based on the content specified by in_table. For the overall analyzis,
                    in_table can be NOW() to use a fresh snapshot. This will overwrite an existing snapshot.
                    Use NULL for in_table to use the existing snapshot. If in_table IS NULL and no snapshot
                    exists, a new will be created.
                    See also in_views and @sys.statement_performance_analyzer.limit.
    * delta         Generate a delta analysis. The delta will be calculated between the reference table in
                    in_table and the snapshot. An existing snapshot must exist.
                    The action uses the sys.tmp_digests_delta temporary table.
                    See also in_views and @sys.statement_performance_analyzer.limit.
    * create_table  Create a regular table suitable for storing the snapshot for later use, e.g. for
                    calculating deltas.
    * create_tmp    Create a temporary table suitable for storing the snapshot for later use, e.g. for
                    calculating deltas.
    * save          Save the snapshot in the table specified by in_table. The table must exists and have
                    the correct structure.
                    If no snapshot exists, a new is created.
    * cleanup       Remove the temporary tables used for the snapshot and delta.

in_table (VARCHAR(129)):
  The table argument used for some actions. Use the format 'db1.t1' or 't1' without using any backticks (`)
  for quoting. Periods (.) are not supported in the database and table names.

  The meaning of the table for each action supporting the argument is:

    * snapshot      The snapshot is created based on the specified table. Set to NULL or NOW() to use
                    the current content of performance_schema.events_statements_summary_by_digest.
    * overall       The table with the content to create the overall analyzis for. The following values
                    can be used:
                      - A table name - use the content of that table.
                      - NOW()        - create a fresh snapshot and overwrite the existing snapshot.
                      - NULL         - use the last stored snapshot.
    * delta         The table name is mandatory and specified the reference view to compare the currently
                    stored snapshot against. If no snapshot exists, a new will be created.
    * create_table  The name of the regular table to create.
    * create_tmp    The name of the temporary table to create.
    * save          The name of the table to save the currently stored snapshot into.

in_views (SET ('with_runtimes_in_95th_percentile', 'analysis', 'with_errors_or_warnings',
               'with_full_table_scans', 'with_sorting', 'with_temp_tables', 'custom'))
  Which views to include:

    * with_runtimes_in_95th_percentile  Based on the sys.statements_with_runtimes_in_95th_percentile view
    * analysis                          Based on the sys.statement_analysis view
    * with_errors_or_warnings           Based on the sys.statements_with_errors_or_warnings view
    * with_full_table_scans             Based on the sys.statements_with_full_table_scans view
    * with_sorting                      Based on the sys.statements_with_sorting view
    * with_temp_tables                  Based on the sys.statements_with_temp_tables view
    * custom                            Use a custom view. This view must be specified in @sys.statement_performance_analyzer.view to an existing view or a query

Default is to include all except 'custom'.


Configuration Options
----------------------

sys.statement_performance_analyzer.limit
  The maximum number of rows to include for the views that does not have a built-in limit (e.g. the 95th percentile view).
  If not set the limit is 100.

sys.statement_performance_analyzer.view
  Used together with the 'custom' view. If the value contains a space, it is considered a query, otherwise it must be
  an existing view querying the performance_schema.events_statements_summary_by_digest table. There cannot be any limit
  clause including in the query or view definition if @sys.statement_performance_analyzer.limit > 0.
  If specifying a view, use the same format as for in_table.

sys.debug
  Whether to provide debugging output.
  Default is 'OFF'. Set to 'ON' to include.


Example
--------

To create a report with the queries in the 95th percentile since last truncate of performance_schema.events_statements_summary_by_digest
and the delta for a 1 minute period:

   1. Create a temporary table to store the initial snapshot.
   2. Create the initial snapshot.
   3. Save the initial snapshot in the temporary table.
   4. Wait one minute.
   5. Create a new snapshot.
   6. Perform analyzis based on the new snapshot.
   7. Perform analyzis based on the delta between the initial and new snapshots.

mysql> CALL sys.statement_performance_analyzer('create_tmp', 'mydb.tmp_digests_ini', NULL);
Query OK, 0 rows affected (0.08 sec)

mysql> CALL sys.statement_performance_analyzer('snapshot', NULL, NULL);
Query OK, 0 rows affected (0.02 sec)

mysql> CALL sys.statement_performance_analyzer('save', 'mydb.tmp_digests_ini', NULL);
Query OK, 0 rows affected (0.00 sec)

mysql> DO SLEEP(60);
Query OK, 0 rows affected (1 min 0.00 sec)

mysql> CALL sys.statement_performance_analyzer('snapshot', NULL, NULL);
Query OK, 0 rows affected (0.02 sec)

mysql> CALL sys.statement_performance_analyzer('overall', NULL, 'with_runtimes_in_95th_percentile');
+-----------------------------------------+
| Next Output                             |
+-----------------------------------------+
| Queries with Runtime in 95th Percentile |
+-----------------------------------------+
1 row in set (0.05 sec)

...

mysql> CALL sys.statement_performance_analyzer('delta', 'mydb.tmp_digests_ini', 'with_runtimes_in_95th_percentile');
+-----------------------------------------+
| Next Output                             |
+-----------------------------------------+
| Queries with Runtime in 95th Percentile |
+-----------------------------------------+
1 row in set (0.03 sec)

...


To create an overall report of the 95th percentile queries and the top 10 queries with full table scans:

mysql> CALL sys.statement_performance_analyzer('snapshot', NULL, NULL);
Query OK, 0 rows affected (0.01 sec)

mysql> SET @sys.statement_performance_analyzer.limit = 10;
Query OK, 0 rows affected (0.00 sec)

mysql> CALL sys.statement_performance_analyzer('overall', NULL, 'with_runtimes_in_95th_percentile,with_full_table_scans');
+-----------------------------------------+
| Next Output                             |
+-----------------------------------------+
| Queries with Runtime in 95th Percentile |
+-----------------------------------------+
1 row in set (0.01 sec)

...

+-------------------------------------+
| Next Output                         |
+-------------------------------------+
| Top 10 Queries with Full Table Scan |
+-------------------------------------+
1 row in set (0.09 sec)

...


Use a custom view showing the top 10 query sorted by total execution time refreshing the view every minute using
the watch command in Linux.

mysql> CREATE OR REPLACE VIEW mydb.my_statements AS
    -> SELECT sys.format_statement(DIGEST_TEXT) AS query,
    ->        SCHEMA_NAME AS db,
    ->        COUNT_STAR AS exec_count,
    ->        format_pico_time(SUM_TIMER_WAIT) AS total_latency,
    ->        format_pico_time(AVG_TIMER_WAIT) AS avg_latency,
    ->        ROUND(IFNULL(SUM_ROWS_SENT / NULLIF(COUNT_STAR, 0), 0)) AS rows_sent_avg,
    ->        ROUND(IFNULL(SUM_ROWS_EXAMINED / NULLIF(COUNT_STAR, 0), 0)) AS rows_examined_avg,
    ->        ROUND(IFNULL(SUM_ROWS_AFFECTED / NULLIF(COUNT_STAR, 0), 0)) AS rows_affected_avg,
    ->        DIGEST AS digest
    ->   FROM performance_schema.events_statements_summary_by_digest
    -> ORDER BY SUM_TIMER_WAIT DESC;
Query OK, 0 rows affected (0.01 sec)

mysql> CALL sys.statement_performance_analyzer('create_table', 'mydb.digests_prev', NULL);
Query OK, 0 rows affected (0.10 sec)

shell$ watch -n 60 "mysql sys --table -e "
> SET @sys.statement_performance_analyzer.view = 'mydb.my_statements';
> SET @sys.statement_performance_analyzer.limit = 10;
> CALL statement_performance_analyzer('snapshot', NULL, NULL);
> CALL statement_performance_analyzer('delta', 'mydb.digests_prev', 'custom');
> CALL statement_performance_analyzer('save', 'mydb.digests_prev', NULL);
> ""

Every 60.0s: mysql sys --table -e "                                                                                                   ...  Mon Dec 22 10:58:51 2014

+----------------------------------+
| Next Output                      |
+----------------------------------+
| Top 10 Queries Using Custom View |
+----------------------------------+
+-------------------+-------+------------+---------------+-------------+---------------+-------------------+-------------------+----------------------------------+
| query             | db    | exec_count | total_latency | avg_latency | rows_sent_avg | rows_examined_avg | rows_affected_avg | digest                           |
+-------------------+-------+------------+---------------+-------------+---------------+-------------------+-------------------+----------------------------------+
...
 | utf8mb4              | utf8mb4_0900_ai_ci   | utf8mb4_0900_ai_ci |
| sys            | table_exists                        | PROCEDURE | mysql.sys@localhost | 2020-12-06 17:46:56 | 2020-12-06 17:46:56 | INVOKER       |
Description
-----------

Tests whether the table specified in in_db and in_table exists either as a regular
table, or as a temporary table. The returned value corresponds to the table that
will be used, so if there's both a temporary and a permanent table with the given
name, then 'TEMPORARY' will be returned.

Parameters
-----------

in_db (VARCHAR(64)):
  The database name to check for the existance of the table in.

in_table (VARCHAR(64)):
  The name of the table to check the existance of.

out_exists ENUM('', 'BASE TABLE', 'VIEW', 'TEMPORARY'):
  The return value: whether the table exists. The value is one of:
    * ''           - the table does not exist neither as a base table, view, nor temporary table.
    * 'BASE TABLE' - the table name exists as a permanent base table table.
    * 'VIEW'       - the table name exists as a view.
    * 'TEMPORARY'  - the table name exists as a temporary table.

Example
--------

mysql> CREATE DATABASE db1;
Query OK, 1 row affected (0.07 sec)

mysql> use db1;
Database changed
mysql> CREATE TABLE t1 (id INT PRIMARY KEY);
Query OK, 0 rows affected (0.08 sec)

mysql> CREATE TABLE t2 (id INT PRIMARY KEY);
Query OK, 0 rows affected (0.08 sec)

mysql> CREATE view v_t1 AS SELECT * FROM t1;
Query OK, 0 rows affected (0.00 sec)

mysql> CREATE TEMPORARY TABLE t1 (id INT PRIMARY KEY);
Query OK, 0 rows affected (0.00 sec)

mysql> CALL sys.table_exists('db1', 't1', @exists); SELECT @exists;
Query OK, 0 rows affected (0.00 sec)

+------------+
| @exists    |
+------------+
| TEMPORARY  |
+------------+
1 row in set (0.00 sec)

mysql> CALL sys.table_exists('db1', 't2', @exists); SELECT @exists;
Query OK, 0 rows affected (0.00 sec)

+------------+
| @exists    |
+------------+
| BASE TABLE |
+------------+
1 row in set (0.01 sec)

mysql> CALL sys.table_exists('db1', 'v_t1', @exists); SELECT @exists;
Query OK, 0 rows affected (0.00 sec)

+---------+
| @exists |
+---------+
| VIEW    |
+---------+
1 row in set (0.00 sec)

mysql> CALL sys.table_exists('db1', 't3', @exists); SELECT @exists;
Query OK, 0 rows affected (0.01 sec)

+---------+
| @exists |
+---------+
|         |
+---------+
1 row in set (0.00 sec)
 | utf8mb4              | utf8mb4_0900_ai_ci   | utf8mb4_0900_ai_ci |
| test           | gencnt                              | PROCEDURE | root@localhost      | 2021-02-06 14:37:56 | 2021-02-06 14:37:56 | DEFINER       |                                                                                                                                                                                                                                                                                                                                                                                                                                                                                                                                                                                                                                                                                                                                                                                                                                                                                                                                                                                                                                                                  | cp850                | cp850_general_ci     | utf8mb4_0900_ai_ci |
| test           | getcnt                              | PROCEDURE | root@localhost      | 2021-01-28 19:23:53 | 2021-01-28 19:23:53 | DEFINER       |                                                                                                                                                                                                                                                                                                                                                                                                                                                                                                                                                                                                                                                                                                                                                                                                                                                                                                                                                                                                                                                                  | cp850                | cp850_general_ci     | utf8mb4_0900_ai_ci |
+----------------+-------------------------------------+-----------+---------------------+---------------------+---------------------+---------------+--------------------------------------------------------------------------------------------------------------------------------------------------------------------------------------------------------------------------------------------------------------------------------------------------------------------------------------------------------------------------------------------------------------------------------------------------------------------------------------------------------------------------------------------------------------------------------------------------------------------------------------------------------------------------------------------------------------------------------------------------------------------------------------------------------------------------------------------------------------------------------------------------------------------------------------------------------------------------------------------------------------------------------------------------------------------------------------------------------------------------------------------------------------------------------------------------------------------------------------------------------------------------------------------------------------------------------------------------------------------------------------------------------------------------------------------------------------------------------------------------------------------------------------------------------------------------------------------------------------------------------------------------------------------------------------------------------------------------------------------------------------------------------------------------------------------------------------------------------------------------------------------------------------------------------------------------------------------------------------------------------------------------------------------------------------------------------------------------------------------------------------------------------------------------------------------------------------------------------------------------------------------------------------------------------------------------------------------------------------------------------------------------------------------------------------------------------------------------------------------------------------------------------------------------------------------------------------------------------------------------------------------------------------------------------------------------------------------------------------------------------------------------------------------------------------------------------------------------------------------------------------------------------------------------------------------------------------------------------------------------------------------------------------------------------------------------------------------------------------------------------------------------------------------------------------------------------------------------------------------------------------------------------------------------------------------------------------------------------------------------------------------------------------------------------------------------------------------------------------------------------------------------------------------------------------------------------------------------------------------------------------------------------------------------------------------------------------------------------------------------------------------------------------------------------------------------------------------------------------------------------------------------------------------------------------------------------------------------------------------------------------------------------------------------------------------------------------------------------------------------------------------------------------------------------------------------------------------------------------------------------------------------------------------------------------------------------------------------------------------------------------------------------------------------------------------------------------------------------------------------------------------------------------------------------------------------------------------------------------------------------------------------------------------------------------------------------------------------------------------------------------------------------------------------------------------------------------------------------------------------------------------------------------------------------------------------------------------------------------------------------------------------------------------------------------------------------------------------------------------------------------------------------------------------------------------------------------------------------------------------------------------------------------------------------------------------------------------------------------------------------------------------------------------------------------------------------------------------------------------------------------------------------------------------------------------------------------------------------------------------------------------------------------------------------------------------------------------------------------------------------------------------------------------------------------------------------------------------------------------------------------------------------------------------------------------------------------------------------------------------------------------------------------------------------------------------------------------------------------------------------------------------------------------------------------------------------------------------------------------------------------------------------------------------------------------------------------------------------------------------------------------------------------------------------------------------------------------------------------------------------------------------------------------------------------------------------------------------------------------------------------------------------------------------------------------------------------------------------------------------------------------------------------------------------------------------------------------------------------------------------------------------------------------------------------------------------------------------------------------------------------------------------------------------------------------------------------------------------------------------------------------------------------------------------------------------------------------------------------------------------------------------------------------------------------------------------------------------------------------------------------------------------------------------------------------------------------------------------------------------------------------------------------------------------------------------------------------------------------------------------------------------------------------------------------------------------------------------------------------------------------------------------------------------------------------------------------------------------------------------------------------------------------------------------------------------------------------------------------------------------------------------------------------------------------------------------------------------------------------------------------------------------------------------------------------------------------------------------------------------------------------------------------------------------------------------------------------------------------------------------------------------------------------------------------------------------------------------------------------------------------------------------------------------------------------------------------------------------------------------------------------------------------------------------------------------------------------------------------------------------------------------------------------------------------------------------------------------------------------------------------------------------------------------------------------------------------------------------------------------------------------------------------------------------------------------------------------------------------------------------------------------------------------------------------------------------------------------------------------------------------------------------------------------------------------------------------------------------------------------------------------------------------------------------------------------------------------------------------------------------------------------------------------------------------------------------------------------------------------------------------------------------------------------------------------------------------------------------------------------------------------------------------------------------------------------------------------------------------------------------------------------------------------------------------------------------------------------------------------------------------------------------------------------------------------------------------------------------------------------------------------------------------------------------------------------------------------------------------------------------------------------------------------------------------------------------------------------------------------------------------------------------------------------------------------------------------------------------------------------------------------------------------------------+----------------------+----------------------+--------------------+
50 rows in set (0.01 sec)

mysql> ^C
mysql>
mysql>
mysql>
mysql> show procedure status where db='iacsdedacmay21';
+----------------+---------------+-----------+----------------+---------------------+---------------------+---------------+---------+----------------------+----------------------+--------------------+
| Db             | Name          | Type      | Definer        | Modified            | Created             | Security_type | Comment | character_set_client | collation_connection | Database Collation |
+----------------+---------------+-----------+----------------+---------------------+---------------------+---------------+---------+----------------------+----------------------+--------------------+
| iacsdedacmay21 | insertDeptRec | PROCEDURE | root@localhost | 2021-07-13 09:16:57 | 2021-07-13 09:16:57 | DEFINER       |         | cp850                | cp850_general_ci     | utf8mb4_0900_ai_ci |
+----------------+---------------+-----------+----------------+---------------------+---------------------+---------------+---------+----------------------+----------------------+--------------------+
1 row in set (0.00 sec)

mysql> delimiter //
mysql> create procedure getempcnt(in pdno int,out pcnt int)
    -> begin
    -> select count(*) into pcnt
    -> from emp
    -> where deptno=pdno;
    -> end//
Query OK, 0 rows affected (0.01 sec)

mysql> delimiter ;
mysql> call getempcnt(10,@cnt);
Query OK, 1 row affected (0.00 sec)

mysql> select @cnt;
+------+
| @cnt |
+------+
|    8 |
+------+
1 row in set (0.00 sec)

mysql> select count(*)
    -> from emp
    -> where deptno=10;
+----------+
| count(*) |
+----------+
|        8 |
+----------+
1 row in set (0.00 sec)

mysql> select count(*)
    -> from emp
    -> where deptno=20;
+----------+
| count(*) |
+----------+
|        7 |
+----------+
1 row in set (0.00 sec)

mysql> call getempcnt(20,@cnt);
Query OK, 1 row affected (0.00 sec)

mysql> select @cnt;
+------+
| @cnt |
+------+
|    7 |
+------+
1 row in set (0.00 sec)

mysql> delimiter ;
mysql> create a procedure myproc
    -> ^C
mysql> create a procedure myproc(pdata int)
    -> begin
    ->     select *
    -> from emp
    -> where empno=pdata;
ERROR 1064 (42000): You have an error in your SQL syntax; check the manual that corresponds to your MySQL server version for the right syntax to use near 'a procedure myproc(pdata int)
begin
    select *
from emp
where empno=pdata' at line 1
mysql> delimiter //
mysql> create a procedure myproc(pdata int)
    -> begin
    ->     select *
    -> from emp
    -> where empno=pdata;
    -> select * from dept
    -> where deptno=10;
    -> end//
ERROR 1064 (42000): You have an error in your SQL syntax; check the manual that corresponds to your MySQL server version for the right syntax to use near 'a procedure myproc(pdata int)
begin
    select *
from emp
where empno=pdata;
sel' at line 1
mysql> create procedure myproc(pdata int)
    -> begin
    ->     select *
    -> from emp
    -> where empno=pdata;
    -> select * from dept
    -> where deptno=10;
    -> end//
Query OK, 0 rows affected (0.00 sec)

mysql> call myproc(7902);
    -> //
+-------+-------+---------+------+------------+---------+------+--------+
| EMPNO | ENAME | JOB     | MGR  | HIREDATE   | SAL     | COMM | DEPTNO |
+-------+-------+---------+------+------------+---------+------+--------+
|  7902 | FORD  | ANALYST | 7566 | 1981-12-03 | 3200.00 | NULL |     20 |
+-------+-------+---------+------+------------+---------+------+--------+
1 row in set (0.01 sec)

+--------+------------+----------+
| DEPTNO | DNAME      | LOC      |
+--------+------------+----------+
|     10 | ACCOUNTING | NEW YORK |
+--------+------------+----------+
1 row in set (0.01 sec)

Query OK, 0 rows affected (0.01 sec)

mysql> delimiter ;
mysql> delimiter //
mysql> create procedure increasecnt(inout pcnt int)
    -> begin
    ->      set pcnt=pcnt+10
    ->                end//
ERROR 1064 (42000): You have an error in your SQL syntax; check the manual that corresponds to your MySQL server version for the right syntax to use near 'end' at line 4
mysql> delimiter //
mysql> create procedure increasecnt(inout pcnt int)
    -> begin
    ->      set pcnt=pcnt+10;
    ->                end//
Query OK, 0 rows affected (0.01 sec)

mysql> set @cnt=12;
    -> //
Query OK, 0 rows affected (0.00 sec)

mysql> delimiter ;
mysql> call increasecnt(@cnt);
Query OK, 0 rows affected (0.00 sec)

mysql> select @cnt;
+------+
| @cnt |
+------+
|   22 |
+------+
1 row in set (0.00 sec)

mysql> call increasecnt(@cnt);
Query OK, 0 rows affected (0.00 sec)

mysql> select @cnt;
+------+
| @cnt |
+------+
|   32 |
+------+
1 row in set (0.00 sec)

mysql> call increasecnt(@cnt);
Query OK, 0 rows affected (0.00 sec)

mysql> select @cnt;
+------+
| @cnt |
+------+
|   42 |
+------+
1 row in set (0.00 sec)

mysql> delimiter //
mysql> create procedure getemp(in peid int,out pename varchar(20),out pjob varchar(20),out psal decimal(9,2),out pdno int)
    -> begin
    ->       select ename,job,sal,deptno into pename,pjob,psal,pdno
    -> from emp
    -> where empno=peid;
    -> end//
Query OK, 0 rows affected (0.01 sec)

mysql>
mysql> delimiter ;
mysql> call getemp(7902,@n,@j,@s,@d);
Query OK, 1 row affected (0.00 sec)

mysql> select @n,@j,@s,@d;
+------+---------+---------+------+
| @n   | @j      | @s      | @d   |
+------+---------+---------+------+
| FORD | ANALYST | 3200.00 |   20 |
+------+---------+---------+------+
1 row in set (0.00 sec)

mysql> select * from emp where empno=7902;
+-------+-------+---------+------+------------+---------+------+--------+
| EMPNO | ENAME | JOB     | MGR  | HIREDATE   | SAL     | COMM | DEPTNO |
+-------+-------+---------+------+------------+---------+------+--------+
|  7902 | FORD  | ANALYST | 7566 | 1981-12-03 | 3200.00 | NULL |     20 |
+-------+-------+---------+------+------------+---------+------+--------+
1 row in set (0.00 sec)

mysql> delimiter//
    -> create procedure calcBonus(pnm varchar(20))
    -> begin
    ->    declare vsal, vcomm, vbonus int;
ERROR 1064 (42000): You have an error in your SQL syntax; check the manual that corresponds to your MySQL server version for the right syntax to use near 'delimiter//create procedure calcBonus(pnm varchar(20))
begin
   declare vsal, vc' at line 1
mysql>   declare vjob varchar(20);
ERROR 1064 (42000): You have an error in your SQL syntax; check the manual that corresponds to your MySQL server version for the right syntax to use near 'declare vjob varchar(20)' at line 1
mysql>     select sal,comm into vsal,vcomm
    ->   from emp
    -> where ename=pnm;
ERROR 1327 (42000): Undeclared variable: vsal
mysql> if vsal<2000 then
    ->       set vbonus=vsal*0.10+ifnull(vcomm,0);
ERROR 1064 (42000): You have an error in your SQL syntax; check the manual that corresponds to your MySQL server version for the right syntax to use near 'if vsal<2000 then
      set vbonus=vsal*0.10+ifnull(vcomm,0)' at line 1
mysql> else
    ->         set vbonus=vsal*0.15+ifnull(vcomm,0);
ERROR 1064 (42000): You have an error in your SQL syntax; check the manual that corresponds to your MySQL server version for the right syntax to use near 'else
        set vbonus=vsal*0.15+ifnull(vcomm,0)' at line 1
mysql> end if;
ERROR 1064 (42000): You have an error in your SQL syntax; check the manual that corresponds to your MySQL server version for the right syntax to use near 'end if' at line 1
mysql> select pnm,vsal,vcomm,vbonus;
ERROR 1054 (42S22): Unknown column 'pnm' in 'field list'
mysql> end//
    -> ^C
mysql> delimiter //
mysql> create procedure calcBonus(pnm varchar(20))
    -> begin
    ->    declare vsal, vcomm, vbonus int;
    ->   declare vjob varchar(20);
    ->     select sal,comm into vsal,vcomm
    ->   from emp
    -> where ename=pnm;
    -> if vsal<2000 then
    ->       set vbonus=vsal*0.10+ifnull(vcomm,0);
    -> else
    ->         set vbonus=vsal*0.15+ifnull(vcomm,0);
    -> end if;
    -> select pnm,vsal,vcomm,vbonus;
    -> end//
Query OK, 0 rows affected (0.01 sec)

mysql> call calcBonus('SMITH');
    -> //
+-------+------+-------+--------+
| pnm   | vsal | vcomm | vbonus |
+-------+------+-------+--------+
| SMITH | 1000 |  NULL |    100 |
+-------+------+-------+--------+
1 row in set (0.00 sec)

Query OK, 0 rows affected (0.01 sec)

mysql> call calcBonus('BLAKE');
    -> //
+-------+------+-------+--------+
| pnm   | vsal | vcomm | vbonus |
+-------+------+-------+--------+
| BLAKE | 1600 |  NULL |    160 |
+-------+------+-------+--------+
1 row in set (0.00 sec)

Query OK, 0 rows affected (0.00 sec)

mysql> select * from emp;
    -> //
+-------+----------+-----------+------+------------+----------+---------+--------+
| EMPNO | ENAME    | JOB       | MGR  | HIREDATE   | SAL      | COMM    | DEPTNO |
+-------+----------+-----------+------+------------+----------+---------+--------+
|     1 | Rajas_D  | Manager   | 7902 | 1998-02-02 |  3756.00 |  345.00 |     10 |
|   111 | Devendra | Analyst   | NULL | 2000-04-25 |     NULL |    NULL |     10 |
|   123 | Rajan    | designer  | 7902 | 2020-12-10 | 34867.00 | 3456.00 |     10 |
|   124 | Revati   | designer  | 7902 | 1999-12-10 | 34767.00 | 3456.00 |     20 |
|   221 | Swapnali | analyst   | NULL | NULL       |  3456.00 |    NULL |     20 |
|   222 | Swapnali | analyst   | NULL | NULL       |  3456.00 |    NULL |     10 |
|   223 | Sonali   | analyst   | NULL | NULL       |  3457.00 |    NULL |     10 |
|  1111 | Ashwini  | ANALYST   | NULL | NULL       |  2345.00 |    NULL |   NULL |
|  7369 | SMITH    | CLERK     | 7902 | 1980-12-17 |  1000.00 |    NULL |     20 |
|  7499 | ALLEN    | SALESMAN  | 7698 | 1981-02-20 |  1600.00 |  300.00 |     30 |
|  7521 | WARD     | SALESMAN  | 7698 | 1981-02-22 |  1600.00 |  500.00 |     30 |
|  7566 | JONES    | MANAGER   | 7839 | 1981-04-02 |  3175.00 |    NULL |     20 |
|  7654 | MARTIN   | SALESMAN  | 7698 | 1981-09-28 |  1600.00 | 1400.00 |     30 |
|  7698 | BLAKE    | MANAGER   | 7839 | 1981-05-01 |  1600.00 |    NULL |     30 |
|  7782 | CLARK    | MANAGER   | 7839 | 1981-06-09 |  2750.00 |    NULL |     10 |
|  7788 | SCOTT    | ANALYST   | 7566 | 1982-12-09 |  3200.00 |    NULL |     20 |
|  7839 | KING     | PRESIDENT | NULL | 1981-11-17 |  5300.00 |    NULL |     10 |
|  7844 | TURNER   | SALESMAN  | 7698 | 1981-09-08 |  1600.00 |    0.00 |     30 |
|  7876 | ADAMS    | CLERK     | 7788 | 1983-01-12 |  1300.00 |    NULL |     20 |
|  7900 | JAMES    | CLERK     | 7698 | 1981-12-03 |  1600.00 |    NULL |     30 |
|  7902 | FORD     | ANALYST   | 7566 | 1981-12-03 |  3200.00 |    NULL |     20 |
|  7934 | MILLER   | CLERK     | 7782 | 1982-01-23 |  1600.00 |    NULL |     10 |
+-------+----------+-----------+------+------------+----------+---------+--------+
22 rows in set (0.00 sec)

mysql> call calcBonus('WARD');
    -> //
+------+------+-------+--------+
| pnm  | vsal | vcomm | vbonus |
+------+------+-------+--------+
| WARD | 1600 |   500 |    660 |
+------+------+-------+--------+
1 row in set (0.00 sec)

Query OK, 0 rows affected (0.00 sec)

mysql>  delimiter //
mysql> create procedure test_while()
    -> begin
    -> declare i int default 0;
    -> declare data varchar(20);
    -> set data='';
    -> while i<=5 do
    ->      set data=concat(data,i,',')
    ->      set i=i+1;
    -> end while
    -> select data;
    -> end//
ERROR 1064 (42000): You have an error in your SQL syntax; check the manual that corresponds to your MySQL server version for the right syntax to use near 'set i=i+1;
end while
select data;
end' at line 8
mysql> create procedure test_while()
    -> begin
    -> declare i int default 0;
    -> declare data varchar(20);
    -> set data='';
    -> while i<=5 do
    ->      set data=concat(data,i,',');
    ->      set i=i+1;
    -> end while;
    -> select data;
    -> end//
Query OK, 0 rows affected (0.02 sec)

mysql> call test_while();
    -> //
+--------------+
| data         |
+--------------+
| 0,1,2,3,4,5, |
+--------------+
1 row in set (0.00 sec)

Query OK, 0 rows affected (0.00 sec)

mysql> delimiter //
mysql> create procedure test_repeat()
    -> begin
    -> declare i int default 1;
    -> declare data varchar(20);
    -> set data=’’;
    -> Repeat
    ->       set data=concat(data,i,’,’);
    ->       set i=i+1;
    -> until i>5
    -> end repeat;
    -> select data;
    -> end //
ERROR 1064 (42000): You have an error in your SQL syntax; check the manual that corresponds to your MySQL server version for the right syntax to use near '??;
Repeat
      set data=concat(data,i,?,?);
      set i=i+1;
until i>5' at line 5
mysql> delimiter //
mysql> create procedure test_repeat()
    -> begin
    -> declare i int default 1;
    -> declare data varchar(20);
    -> set data='';
    -> Repeat
    ->       set data=concat(data,i,',');
    ->       set i=i+1;
    -> until i>5
    -> end repeat;
    -> select data;
    -> end //
Query OK, 0 rows affected (0.01 sec)

mysql> call test_repeat();
    -> //
+------------+
| data       |
+------------+
| 1,2,3,4,5, |
+------------+
1 row in set (0.00 sec)

Query OK, 0 rows affected (0.00 sec)

mysql> create procedure test_loop()
    -> begin
    ->     declare i int default 1;
    ->      declare data varchar(20) default ‘’;
    ->      xyz:loop
    ->     if i>5 then
    ->         leave xyz;
    ->     end if;
    ->    set data=concat(data,i,’,’);
    ->    set i=i+1;
    ->   end loop;
    -> select data;
    -> end//
ERROR 1064 (42000): You have an error in your SQL syntax; check the manual that corresponds to your MySQL server version for the right syntax to use near '??;
     xyz:loop
    if i>5 then
        leave xyz;
    end if;
   set data=con' at line 4
mysql> create procedure test_loop()
    -> begin
    ->     declare i int default 1;
    ->      declare data varchar(20) default '';
    ->      xyz:loop
    ->     if i>5 then
    ->         leave xyz;
    ->     end if;
    ->    set data=concat(data,i,',');
    ->    set i=i+1;
    ->   end loop;
    -> select data;
    -> end//
Query OK, 0 rows affected (0.01 sec)

mysql> call test_loop();
    -> //
+------------+
| data       |
+------------+
| 1,2,3,4,5, |
+------------+
1 row in set (0.00 sec)

Query OK, 0 rows affected (0.01 sec)

mysql> create procedure test_loop1()
    -> begin
    -> declare i int default 1;
    -> declare data varchar(20) default '';
    -> label1:loop
    ->       if i>20 then
    ->             leave label1;
    ->       end if;
    ->      set i=i+1;
    ->       if i mod 5!=0 then
    ->            iterate label1;
    ->      end if;
    ->      set data=concat(data,i,',');
    -> end loop;
    -> select data
    -> end//
ERROR 1064 (42000): You have an error in your SQL syntax; check the manual that corresponds to your MySQL server version for the right syntax to use near '' at line 16
mysql> create procedure test_loop1()
    -> begin
    -> declare i int default 1;
    -> declare data varchar(20) default '';
    -> label1:loop
    ->       if i>20 then
    ->             leave label1;
    ->       end if;
    ->      set i=i+1;
    ->       if i mod 5!=0 then
    ->            iterate label1;
    ->      end if;
    ->      set data=concat(data,i,',');
    -> end loop;
    -> select data;
    -> end//
Query OK, 0 rows affected (0.01 sec)

mysql> call test_loop1;
    -> //
+-------------+
| data        |
+-------------+
| 5,10,15,20, |
+-------------+
1 row in set (0.00 sec)

Query OK, 0 rows affected (0.00 sec)

mysql> delimiter //
mysql> create procedure calexp(in pname varchar(20),out pexp int,out pdt date)
    -> begin
    ->     select hiredate into pdt
    ->      from emp
    ->       where ename=pname;
    ->        set pexp=floor(datediff(hiredate,curdate())/365);
    ->        select pexp;
    -> end//
Query OK, 0 rows affected (0.01 sec)

mysql> call calexp('SMITH',@e,@dt);
    -> //
ERROR 1054 (42S22): Unknown column 'hiredate' in 'field list'
mysql> drop procedure calexp;
    -> //
Query OK, 0 rows affected (0.01 sec)

mysql> delimiter //
mysql> create procedure calexp(in pname varchar(20),out pexp int,out pdt date)
    -> begin
    ->     select hiredate into pdt
    ->      from emp
    ->       where ename=pname;
    ->        set pexp=floor(datediff(pdt,curdate())/365);
    ->        select pexp;
    -> end//
Query OK, 0 rows affected (0.00 sec)

mysql> call calexp('SMITH',@e,@dt);
    -> //
+------+
| pexp |
+------+
|  -41 |
+------+
1 row in set (0.00 sec)

Query OK, 0 rows affected (0.00 sec)

mysql> drop procedure calexp;
    -> //
Query OK, 0 rows affected (0.01 sec)

mysql> delimiter //
mysql> create procedure calexp(in pname varchar(20),out pexp int,out pdt date)
    -> begin
    ->     select hiredate into pdt
    ->      from emp
    ->       where ename=pname;
    ->        set pexp=floor(datediff(curdate(),pdt)/365);
    ->        select pexp;
    -> end//
Query OK, 0 rows affected (0.01 sec)

mysql> call calexp('SMITH',@e,@dt);
    -> //
+------+
| pexp |
+------+
|   40 |
+------+
1 row in set (0.00 sec)

Query OK, 0 rows affected (0.00 sec)

mysql> drop procedure calexp;
    -> //
Query OK, 0 rows affected (0.00 sec)

mysql> delimiter //
mysql> create procedure calexp(in pname varchar(20),out pexp int,out pdt date)
    -> begin
    ->     select hiredate into pdt
    ->      from emp
    ->       where ename=pname;
    ->        set pexp=floor(datediff(curdate(),pdt)/365);
    ->        select pexp,pdt;
    -> end//
Query OK, 0 rows affected (0.01 sec)

mysql> call calexp('SMITH',@e,@dt);
    -> //
+------+------------+
| pexp | pdt        |
+------+------------+
|   40 | 1980-12-17 |
+------+------------+
1 row in set (0.00 sec)

Query OK, 0 rows affected (0.00 sec)

mysql> select empno,ename,hiredate,floor(datediff(curdate(),hiredate)/365)
    -> from emp;
    -> //
+-------+----------+------------+-----------------------------------------+
| empno | ename    | hiredate   | floor(datediff(curdate(),hiredate)/365) |
+-------+----------+------------+-----------------------------------------+
|     1 | Rajas_D  | 1998-02-02 |                                      23 |
|   111 | Devendra | 2000-04-25 |                                      21 |
|   123 | Rajan    | 2020-12-10 |                                       0 |
|   124 | Revati   | 1999-12-10 |                                      21 |
|   221 | Swapnali | NULL       |                                    NULL |
|   222 | Swapnali | NULL       |                                    NULL |
|   223 | Sonali   | NULL       |                                    NULL |
|  1111 | Ashwini  | NULL       |                                    NULL |
|  7369 | SMITH    | 1980-12-17 |                                      40 |
|  7499 | ALLEN    | 1981-02-20 |                                      40 |
|  7521 | WARD     | 1981-02-22 |                                      40 |
|  7566 | JONES    | 1981-04-02 |                                      40 |
|  7654 | MARTIN   | 1981-09-28 |                                      39 |
|  7698 | BLAKE    | 1981-05-01 |                                      40 |
|  7782 | CLARK    | 1981-06-09 |                                      40 |
|  7788 | SCOTT    | 1982-12-09 |                                      38 |
|  7839 | KING     | 1981-11-17 |                                      39 |
|  7844 | TURNER   | 1981-09-08 |                                      39 |
|  7876 | ADAMS    | 1983-01-12 |                                      38 |
|  7900 | JAMES    | 1981-12-03 |                                      39 |
|  7902 | FORD     | 1981-12-03 |                                      39 |
|  7934 | MILLER   | 1982-01-23 |                                      39 |
+-------+----------+------------+-----------------------------------------+
22 rows in set (0.00 sec)

mysql>